05-25 12:46:54.061 V/AwesomePlayer( 2478): reset_l() mAudioPlayer successfully deleted
05-25 12:46:54.061 V/AwesomePlayer( 2478): mSecMediaClock clear
05-25 12:46:54.061 I/AwesomePlayer( 2478): setDataSource_l(URL suppressed)
05-25 12:46:54.061 I/AwesomePlayer( 2478): asf_dynamic_buffering ----> setDataSource : /system/media/audio/ui/Cam_Start.ogg
05-25 12:46:54.061 I/        ( 2478): asf_dynamic_buffering ----> URL : /system/media/audio/ui/Cam_Start.ogg, mUseASFCache set false
05-25 12:46:54.061 V/MediaPlayerService( 2478):  setDataSource
05-25 12:46:54.061 V/MediaPlayerService( 2478): [33] setParameter(1604)
05-25 12:46:54.061 V/StagefrightPlayer( 2478): setParameter(key=1604)
05-25 12:46:54.061 V/AwesomePlayer( 2478): setParameter key (1604)
05-25 12:46:54.061 V/AwesomePlayer( 2478): Current Contet PID : 2478
05-25 12:46:54.061 V/MediaPlayerService( 2478): [33] getParameter(1700)
05-25 12:46:54.061 V/MediaPlayer( 2478): MediaPlayer::setAudioStreamType
05-25 12:46:54.061 V/MediaPlayer( 2478): prepare
05-25 12:46:54.061 V/MediaPlayerService( 2478): [33] setAudioStreamType(7)
05-25 12:46:54.061 V/MediaPlayerService( 2478): [33] prepareAsync
05-25 12:46:54.061 V/AwesomePlayer( 2478): prepareAsync
05-25 12:46:54.061 V/AwesomePlayer( 2478): onPrepareAsyncEvent
05-25 12:46:54.061 I/SecMediaClock( 2478): SecMediaClock constructor
05-25 12:46:54.061 I/SecMediaClock( 2478): reset
05-25 12:46:54.061 V/AwesomePlayer( 2478): finishSetDataSource_l
05-25 12:46:54.061 V/AwesomePlayer( 2478): track of type 'audio/vorbis' does not publish bitrate
05-25 12:46:54.061 V/AwesomePlayer( 2478): mBitrate = -1 bits/sec
05-25 12:46:54.061 W/AwesomePlayer( 2478): couldn't get userdata - Weather
05-25 12:46:54.061 W/AwesomePlayer( 2478): couldn't get userdata - Authorization 
05-25 12:46:54.061 W/AwesomePlayer( 2478): couldn't get userdata - SnapShot 
05-25 12:46:54.061 W/AwesomePlayer( 2478): couldn't get userdata - SMRD
05-25 12:46:54.061 V/AwesomePlayer( 2478): current audio track index (0) is added to vector
05-25 12:46:54.061 V/AwesomePlayer( 2478): setDataSource_l: Audio(1), Video(0)
05-25 12:46:54.061 I/AwesomePlayer( 2478): AwesomePlayer::setDataSource_l():: This is not a DRM content
05-25 12:46:54.061 V/MediaPlayerService( 2478): prepare
05-25 12:46:54.061 V/AwesomePlayer( 2478): prepareAsync
05-25 12:46:54.061 V/MediaPlayerService( 2478): wait for prepare
05-25 12:46:54.061 V/AwesomePlayer( 2478): onPrepareAsyncEvent
05-25 12:46:54.061 I/SecMediaClock( 2478): SecMediaClock constructor
05-25 12:46:54.061 I/SecMediaClock( 2478): reset
05-25 12:46:54.061 V/AwesomePlayer( 2478): initAudioDecoder
05-25 12:46:54.061 I/OMXCodec( 2478): OMXCodec::Create mime (audio/vorbis), flags (0), matchComponentName ((null)), createEncoder (0)
05-25 12:46:54.061 I/OMXCodec( 2478): Attempting to allocate OMX node 'OMX.google.vorbis.decoder'
05-25 12:46:54.061 I/OMXCodec( 2478): Successfully allocated OMX node 'OMX.google.vorbis.decoder'
05-25 12:46:54.061 I/OMXCodec( 2478): [OMX.google.vorbis.decoder] allocating 4 buffers of size 8192 on input port
05-25 12:46:54.061 I/OMXCodec( 2478): [OMX.google.vorbis.decoder] allocating 4 buffers of size 32768 on output port
05-25 12:46:54.061 V/AwesomePlayer( 2478): finishAsyncPrepare_l
05-25 12:46:54.061 V/AwesomePlayer( 2478): notifyListner_l() msg (5-MEDIA_SET_VIDEO_SIZE), ext1 (0), ext2 (0)
05-25 12:46:54.061 V/AudioCache( 2478): notify(0x4274ec78, 5, 0, 0)
05-25 12:46:54.061 V/AudioCache( 2478): ignored
05-25 12:46:54.061 V/AwesomePlayer( 2478): notifyListner_l() msg (1-MEDIA_PREPARED), ext1 (0), ext2 (0)
05-25 12:46:54.061 V/AudioCache( 2478): notify(0x4274ec78, 1, 0, 0)
05-25 12:46:54.061 V/AudioCache( 2478): prepared
05-25 12:46:54.061 V/AudioCache( 2478): wait - success
05-25 12:46:54.061 V/MediaPlayerService( 2478): start
05-25 12:46:54.061 V/StagefrightPlayer( 2478): start
05-25 12:46:54.061 V/AwesomePlayer( 2478): play
05-25 12:46:54.061 V/AwesomePlayer( 2478): AwesomePlayer::play_l():: This is not a DRM content
05-25 12:46:54.061 V/AwesomePlayer( 2478): startAudioPlayer_l, sendErrorNotification (0)
05-25 12:46:54.066 I/OMXCodec( 2478): [OMX.google.vorbis.decoder] allocating 4 buffers of size 32768 on output port
05-25 12:46:54.066 I/AudioPlayer( 2478):  Audioplayer kKeyAudioPCMFormat:1, 2, 0
05-25 12:46:54.066 I/AudioPlayer( 2478):  Audioplayer1 (2, 1)
05-25 12:46:54.066 V/AudioCache( 2478): open(44100, 2, 0x0, 1, 4)
05-25 12:46:54.066 V/AwesomePlayer( 2478): addBatteryData
05-25 12:46:54.066 V/MediaPlayerService( 2478): wait for playback complete
05-25 12:46:54.071 V/MediaExtractor( 2478): Autodetected media content as 'application/ogg' with confidence 0.20
05-25 12:46:54.071 I/SecHardwareInterface(20393): setmDNIeUIMode (4)
05-25 12:46:54.076 V/AwesomePlayer( 2478): track of type 'audio/vorbis' does not publish bitrate
05-25 12:46:54.076 V/AwesomePlayer( 2478): mBitrate = -1 bits/sec
05-25 12:46:54.076 W/AwesomePlayer( 2478): couldn't get userdata - Weather
05-25 12:46:54.076 W/AwesomePlayer( 2478): couldn't get userdata - Authorization 
05-25 12:46:54.076 W/AwesomePlayer( 2478): couldn't get userdata - SnapShot 
05-25 12:46:54.076 W/AwesomePlayer( 2478): couldn't get userdata - SMRD
05-25 12:46:54.076 V/AwesomePlayer( 2478): current audio track index (0) is added to vector
05-25 12:46:54.076 V/AwesomePlayer( 2478): setDataSource_l: Audio(1), Video(0)
05-25 12:46:54.076 I/AwesomePlayer( 2478): AwesomePlayer::setDataSource_l():: This is not a DRM content
05-25 12:46:54.076 V/AwesomePlayer( 2478): initAudioDecoder
05-25 12:46:54.076 I/OMXCodec( 2478): OMXCodec::Create mime (audio/vorbis), flags (0), matchComponentName ((null)), createEncoder (0)
05-25 12:46:54.076 I/OMXCodec( 2478): Attempting to allocate OMX node 'OMX.google.vorbis.decoder'
05-25 12:46:54.076 I/OMXCodec( 2478): Successfully allocated OMX node 'OMX.google.vorbis.decoder'
05-25 12:46:54.076 I/OMXCodec( 2478): [OMX.google.vorbis.decoder] allocating 4 buffers of size 8192 on input port
05-25 12:46:54.076 I/OMXCodec( 2478): [OMX.google.vorbis.decoder] allocating 4 buffers of size 32768 on output port
05-25 12:46:54.076 D/MountService( 2925):  :::: isUsbMassStorageEnabled :: ret = false
05-25 12:46:54.086 I/OMXCodec( 2478): [OMX.google.vorbis.decoder] End Of Stream
05-25 12:46:54.091 V/AwesomePlayer( 2478): finishAsyncPrepare_l
05-25 12:46:54.091 V/AwesomePlayer( 2478): notifyListner_l() msg (5-MEDIA_SET_VIDEO_SIZE), ext1 (0), ext2 (0)
05-25 12:46:54.091 V/MediaPlayerService( 2478): [33] notify (0x426f5e10, 5, 0, 0)
05-25 12:46:54.091 V/MediaPlayer( 2478): message received msg=5, ext1=0, ext2=0
05-25 12:46:54.091 V/MediaPlayer( 2478): New video size 0 x 0
05-25 12:46:54.091 V/AwesomePlayer( 2478): notifyListner_l() msg (1-MEDIA_PREPARED), ext1 (0), ext2 (0)
05-25 12:46:54.091 V/MediaPlayerService( 2478): [33] notify (0x426f5e10, 1, 0, 0)
05-25 12:46:54.091 V/MediaPlayer( 2478): message received msg=1, ext1=0, ext2=0
05-25 12:46:54.091 V/MediaPlayer( 2478): prepared
05-25 12:46:54.091 V/MediaPlayer( 2478): signal application thread
05-25 12:46:54.091 V/MediaPlayer( 2478): prepare complete - status=0
05-25 12:46:54.091 V/MediaPlayer( 2478): constructor
05-25 12:46:54.091 V/MediaPlayerService( 2478): Client(34) constructor
05-25 12:46:54.091 V/MediaPlayerService( 2478): Create new client(34) from pid 2478, uid 10126, 
05-25 12:46:54.091 I/MediaPlayerFactory( 2478): Can`t play mp3 and ogg file on NuPlayer , create Awesomeplayer.
05-25 12:46:54.091 V/MediaPlayerService( 2478): player type = 3
05-25 12:46:54.091 V/AwesomePlayer( 2478): postAudioEOS delayUs (0)
05-25 12:46:54.091 V/AwesomePlayer( 2478): setDefault
05-25 12:46:54.091 V/AwesomePlayer( 2478): constructor
05-25 12:46:54.091 V/AwesomePlayer( 2478): onCheckAudioStatus
05-25 12:46:54.091 V/AwesomePlayer( 2478): onCheckAudioStatus() set AUDIO_AT_EOS flag
05-25 12:46:54.091 V/AwesomePlayer( 2478): onStreamDone
05-25 12:46:54.091 V/AwesomePlayer( 2478): MEDIA_PLAYBACK_COMPLETE
05-25 12:46:54.091 V/AwesomePlayer( 2478): notifyListner_l() msg (2-MEDIA_PLAYBACK_COMPLETE), ext1 (0), ext2 (0)
05-25 12:46:54.091 V/AudioCache( 2478): notify(0x4274ec78, 2, 0, 0)
05-25 12:46:54.091 V/AudioCache( 2478): playback complete - thread will wake up later
05-25 12:46:54.091 V/AwesomePlayer( 2478): cancelPlayerEvents (keepNotifications=1)
05-25 12:46:54.091 V/AwesomePlayer( 2478): setDefault
05-25 12:46:54.091 V/AwesomePlayer( 2478): reset_l()
05-25 12:46:54.091 V/AwesomePlayer( 2478): addBatteryData
05-25 12:46:54.091 V/AwesomePlayer( 2478): reset_l() while (mFlags & PREPARING) condition check
05-25 12:46:54.091 V/AwesomePlayer( 2478): cancelPlayerEvents (keepNotifications=0)
05-25 12:46:54.091 V/AwesomePlayer( 2478): mAudioTrackVector clear
05-25 12:46:54.091 V/AwesomePlayer( 2478): mAudioTrackVector clear
05-25 12:46:54.091 V/AudioCache( 2478): wait - success
05-25 12:46:54.091 V/StagefrightPlayer( 2478): reset
05-25 12:46:54.091 V/AwesomePlayer( 2478): reset_l() mAudioPlayer successfully deleted
05-25 12:46:54.091 V/AwesomePlayer( 2478): mSecMediaClock clear
05-25 12:46:54.091 V/StagefrightPlayer( 2478): StagefrightPlayer
05-25 12:46:54.091 V/AwesomePlayer( 2478): setListener
05-25 12:46:54.091 V/AwesomePlayer( 2478): reset_l()
05-25 12:46:54.091 V/StagefrightPlayer( 2478): initCheck
05-25 12:46:54.091 V/AwesomePlayer( 2478): reset_l() while (mFlags & PREPARING) condition check
05-25 12:46:54.091 V/AwesomePlayer( 2478): AwesomePlayer running on behalf of uid 10126
05-25 12:46:54.091 V/AwesomePlayer( 2478): cancelPlayerEvents (keepNotifications=0)
05-25 12:46:54.091 V/AudioSink( 2478): AudioOutput(995)
05-25 12:46:54.091 V/AwesomePlayer( 2478): mAudioTrackVector clear
05-25 12:46:54.091 V/AwesomePlayer( 2478): setAudioSink
05-25 12:46:54.091 V/AwesomePlayer( 2478): mAudioTrackVector clear
05-25 12:46:54.091 V/AwesomePlayer( 2478): reset_l()
05-25 12:46:54.091 V/AwesomePlayer( 2478): reset_l() while (mFlags & PREPARING) condition check
05-25 12:46:54.091 V/AwesomePlayer( 2478): cancelPlayerEvents (keepNotifications=0)
05-25 12:46:54.091 V/AwesomePlayer( 2478): mAudioTrackVector clear
05-25 12:46:54.091 V/AwesomePlayer( 2478): mAudioTrackVector clear
05-25 12:46:54.091 V/AwesomePlayer( 2478): reset_l() mAudioPlayer successfully deleted
05-25 12:46:54.091 V/AwesomePlayer( 2478): mSecMediaClock clear
05-25 12:46:54.091 I/OMXCodec( 2478): [OMX.google.vorbis.decoder] stop() sendCommand(0x36, OMX_CommandStateSet, OMX_StateIdle)
05-25 12:46:54.091 I/AwesomePlayer( 2478): setDataSource_l(URL suppressed)
05-25 12:46:54.091 I/AwesomePlayer( 2478): asf_dynamic_buffering ----> setDataSource : /system/media/audio/ui/Cam_Stop.ogg
05-25 12:46:54.091 I/        ( 2478): asf_dynamic_buffering ----> URL : /system/media/audio/ui/Cam_Stop.ogg, mUseASFCache set false
05-25 12:46:54.091 V/MediaPlayerService( 2478):  setDataSource
05-25 12:46:54.091 V/MediaPlayerService( 2478): [34] setParameter(1604)
05-25 12:46:54.091 V/StagefrightPlayer( 2478): setParameter(key=1604)
05-25 12:46:54.091 V/AwesomePlayer( 2478): setParameter key (1604)
05-25 12:46:54.091 V/AwesomePlayer( 2478): Current Contet PID : 2478
05-25 12:46:54.091 V/MediaPlayerService( 2478): [34] getParameter(1700)
05-25 12:46:54.091 V/MediaPlayer( 2478): MediaPlayer::setAudioStreamType
05-25 12:46:54.091 V/MediaPlayer( 2478): prepare
05-25 12:46:54.091 V/MediaPlayerService( 2478): [34] setAudioStreamType(7)
05-25 12:46:54.091 V/MediaPlayerService( 2478): [34] prepareAsync
05-25 12:46:54.091 V/AwesomePlayer( 2478): prepareAsync
05-25 12:46:54.091 I/OggExtractor( 2478): ~OggSource --
05-25 12:46:54.091 I/OggExtractor( 2478): ~OggExtractor ++
05-25 12:46:54.091 I/OggExtractor( 2478): ~MyVorbisExtractor ++ 
05-25 12:46:54.091 I/OggExtractor( 2478): ~MyVorbisExtractor --
05-25 12:46:54.091 I/OggExtractor( 2478): ~OggExtractor --
05-25 12:46:54.096 I/AudioPlayer( 2478): reset out
05-25 12:46:54.096 V/AwesomePlayer( 2478): reset_l() mAudioPlayer successfully deleted
05-25 12:46:54.096 I/SecMediaClock( 2478): SecMediaClock destructor
05-25 12:46:54.096 V/AwesomePlayer( 2478): mSecMediaClock clear
05-25 12:46:54.096 V/StagefrightPlayer( 2478): ~StagefrightPlayer
05-25 12:46:54.096 V/StagefrightPlayer( 2478): reset
05-25 12:46:54.096 V/AwesomePlayer( 2478): reset_l()
05-25 12:46:54.096 V/AwesomePlayer( 2478): reset_l() while (mFlags & PREPARING) condition check
05-25 12:46:54.096 V/AwesomePlayer( 2478): cancelPlayerEvents (keepNotifications=0)
05-25 12:46:54.096 V/AwesomePlayer( 2478): mAudioTrackVector clear
05-25 12:46:54.096 V/AwesomePlayer( 2478): mAudioTrackVector clear
05-25 12:46:54.096 V/AwesomePlayer( 2478): reset_l() mAudioPlayer successfully deleted
05-25 12:46:54.096 V/AwesomePlayer( 2478): mSecMediaClock clear
05-25 12:46:54.096 V/AwesomePlayer( 2478): destructor
05-25 12:46:54.096 V/AwesomePlayer( 2478): reset_l()
05-25 12:46:54.096 V/AwesomePlayer( 2478): reset_l() while (mFlags & PREPARING) condition check
05-25 12:46:54.096 V/AwesomePlayer( 2478): cancelPlayerEvents (keepNotifications=0)
05-25 12:46:54.096 V/AwesomePlayer( 2478): mAudioTrackVector clear
05-25 12:46:54.096 V/AwesomePlayer( 2478): mAudioTrackVector clear
05-25 12:46:54.096 V/AwesomePlayer( 2478): reset_l() mAudioPlayer successfully deleted
05-25 12:46:54.096 V/AwesomePlayer( 2478): mSecMediaClock clear
05-25 12:46:54.096 V/AwesomePlayer( 2478): onPrepareAsyncEvent
05-25 12:46:54.096 I/SecMediaClock( 2478): SecMediaClock constructor
05-25 12:46:54.096 I/SecMediaClock( 2478): reset
05-25 12:46:54.096 V/AwesomePlayer( 2478): finishSetDataSource_l
05-25 12:46:54.096 V/MediaPlayer(20393): decode(54, 15539804, 8883)
05-25 12:46:54.096 V/MediaPlayerService( 2478): decode(79, 15539804, 8883)
05-25 12:46:54.096 V/MediaPlayerService( 2478): player type = 3
05-25 12:46:54.096 V/MediaExtractor( 2478): Autodetected media content as 'application/ogg' with confidence 0.20
05-25 12:46:54.101 V/AwesomePlayer( 2478): setDefault
05-25 12:46:54.101 V/AwesomePlayer( 2478): constructor
05-25 12:46:54.101 V/AwesomePlayer( 2478): track of type 'audio/vorbis' does not publish bitrate
05-25 12:46:54.101 V/AwesomePlayer( 2478): mBitrate = -1 bits/sec
05-25 12:46:54.101 W/AwesomePlayer( 2478): couldn't get userdata - Weather
05-25 12:46:54.101 W/AwesomePlayer( 2478): couldn't get userdata - Authorization 
05-25 12:46:54.101 W/AwesomePlayer( 2478): couldn't get userdata - SnapShot 
05-25 12:46:54.101 W/AwesomePlayer( 2478): couldn't get userdata - SMRD
05-25 12:46:54.101 V/AwesomePlayer( 2478): current audio track index (0) is added to vector
05-25 12:46:54.101 V/AwesomePlayer( 2478): setDataSource_l: Audio(1), Video(0)
05-25 12:46:54.101 I/AwesomePlayer( 2478): AwesomePlayer::setDataSource_l():: This is not a DRM content
05-25 12:46:54.101 V/AwesomePlayer( 2478): initAudioDecoder
05-25 12:46:54.101 I/OMXCodec( 2478): OMXCodec::Create mime (audio/vorbis), flags (0), matchComponentName ((null)), createEncoder (0)
05-25 12:46:54.101 I/OMXCodec( 2478): Attempting to allocate OMX node 'OMX.google.vorbis.decoder'
05-25 12:46:54.101 V/AwesomePlayer( 2478): setDefault
05-25 12:46:54.101 V/AwesomePlayer( 2478): reset_l()
05-25 12:46:54.101 V/AwesomePlayer( 2478): reset_l() while (mFlags & PREPARING) condition check
05-25 12:46:54.101 V/AwesomePlayer( 2478): cancelPlayerEvents (keepNotifications=0)
05-25 12:46:54.101 V/AwesomePlayer( 2478): mAudioTrackVector clear
05-25 12:46:54.101 V/AwesomePlayer( 2478): mAudioTrackVector clear
05-25 12:46:54.101 V/AwesomePlayer( 2478): reset_l() mAudioPlayer successfully deleted
05-25 12:46:54.101 V/AwesomePlayer( 2478): mSecMediaClock clear
05-25 12:46:54.101 V/StagefrightPlayer( 2478): StagefrightPlayer
05-25 12:46:54.101 V/AwesomePlayer( 2478): setListener
05-25 12:46:54.101 V/StagefrightPlayer( 2478): initCheck
05-25 12:46:54.101 V/AwesomePlayer( 2478): setAudioSink
05-25 12:46:54.101 V/StagefrightPlayer( 2478): setDataSource(79, 15539804, 8883)
05-25 12:46:54.101 V/AwesomePlayer( 2478): setDataSource (89, 15539804, 8883)
05-25 12:46:54.101 V/AwesomePlayer( 2478): reset_l()
05-25 12:46:54.101 V/AwesomePlayer( 2478): reset_l() while (mFlags & PREPARING) condition check
05-25 12:46:54.101 V/AwesomePlayer( 2478): cancelPlayerEvents (keepNotifications=0)
05-25 12:46:54.101 V/AwesomePlayer( 2478): mAudioTrackVector clear
05-25 12:46:54.101 V/AwesomePlayer( 2478): mAudioTrackVector clear
05-25 12:46:54.101 V/AwesomePlayer( 2478): reset_l() mAudioPlayer successfully deleted
05-25 12:46:54.101 V/AwesomePlayer( 2478): mSecMediaClock clear
05-25 12:46:54.106 V/MediaExtractor( 2478): Autodetected media content as 'application/ogg' with confidence 0.20
05-25 12:46:54.106 I/OMXCodec( 2478): Successfully allocated OMX node 'OMX.google.vorbis.decoder'
05-25 12:46:54.106 I/OMXCodec( 2478): [OMX.google.vorbis.decoder] allocating 4 buffers of size 8192 on input port
05-25 12:46:54.106 I/OMXCodec( 2478): [OMX.google.vorbis.decoder] allocating 4 buffers of size 32768 on output port
05-25 12:46:54.106 V/AwesomePlayer( 2478): finishAsyncPrepare_l
05-25 12:46:54.106 V/AwesomePlayer( 2478): notifyListner_l() msg (5-MEDIA_SET_VIDEO_SIZE), ext1 (0), ext2 (0)
05-25 12:46:54.106 V/MediaPlayerService( 2478): [34] notify (0x42798780, 5, 0, 0)
05-25 12:46:54.106 V/MediaPlayer( 2478): message received msg=5, ext1=0, ext2=0
05-25 12:46:54.106 V/MediaPlayer( 2478): New video size 0 x 0
05-25 12:46:54.106 V/AwesomePlayer( 2478): notifyListner_l() msg (1-MEDIA_PREPARED), ext1 (0), ext2 (0)
05-25 12:46:54.106 V/MediaPlayerService( 2478): [34] notify (0x42798780, 1, 0, 0)
05-25 12:46:54.106 V/MediaPlayer( 2478): message received msg=1, ext1=0, ext2=0
05-25 12:46:54.106 V/MediaPlayer( 2478): prepared
05-25 12:46:54.106 V/MediaPlayer( 2478): signal application thread
05-25 12:46:54.106 V/MediaPlayer( 2478): prepare complete - status=0
05-25 12:46:54.106 V/AwesomePlayer( 2478): track of type 'audio/vorbis' does not publish bitrate
05-25 12:46:54.106 V/AwesomePlayer( 2478): mBitrate = -1 bits/sec
05-25 12:46:54.106 W/AwesomePlayer( 2478): couldn't get userdata - Weather
05-25 12:46:54.106 W/AwesomePlayer( 2478): couldn't get userdata - Authorization 
05-25 12:46:54.106 W/AwesomePlayer( 2478): couldn't get userdata - SnapShot 
05-25 12:46:54.106 W/AwesomePlayer( 2478): couldn't get userdata - SMRD
05-25 12:46:54.106 V/AwesomePlayer( 2478): current audio track index (0) is added to vector
05-25 12:46:54.106 D/SecCameraCoreManager( 2478): SecCameraCoreManager created: pid=2478, cameraId=0
05-25 12:46:54.106 V/AwesomePlayer( 2478): setDataSource_l: Audio(1), Video(0)
05-25 12:46:54.106 I/AwesomePlayer( 2478): AwesomePlayer::setDataSource_l():: This is not a DRM content
05-25 12:46:54.106 V/MediaPlayerService( 2478): prepare
05-25 12:46:54.106 V/AwesomePlayer( 2478): prepareAsync
05-25 12:46:54.106 V/MediaPlayerService( 2478): wait for prepare
05-25 12:46:54.106 V/AwesomePlayer( 2478): onPrepareAsyncEvent
05-25 12:46:54.106 I/SecMediaClock( 2478): SecMediaClock constructor
05-25 12:46:54.106 I/SecMediaClock( 2478): reset
05-25 12:46:54.106 V/AwesomePlayer( 2478): initAudioDecoder
05-25 12:46:54.106 I/OMXCodec( 2478): OMXCodec::Create mime (audio/vorbis), flags (0), matchComponentName ((null)), createEncoder (0)
05-25 12:46:54.106 I/OMXCodec( 2478): Attempting to allocate OMX node 'OMX.google.vorbis.decoder'
05-25 12:46:54.106 D/SecCameraCoreManager( 2478): initialize
05-25 12:46:54.106 E/SecCameraCoreManager( 2478): initialize1
05-25 12:46:54.106 I/SecCameraCoreManager( 2478): Opening camera 0
05-25 12:46:54.106 I/ExynosCameraHWInterface( 2478): [INFO] (int android::HAL_camera_device_open(const hw_module_t*, char const*, hw_device_t**):731):camera(0) in
05-25 12:46:54.106 D/ExynosCameraHWInterface( 2478): DEBUG(int android::check_camera_state(android::CAMERA_STATE, int)):camera(0) state(1) checking...
05-25 12:46:54.106 D/ExynosCameraHWInterface( 2478): DEBUG(int android::check_camera_state(android::CAMERA_STATE, int)):camera(0) state(0:NONE->1:OPENED) is valid
05-25 12:46:54.106 E/ExynosCameraHWInterface( 2478): DEBUG(int android::HAL_camera_device_open(const hw_module_t*, char const*, hw_device_t**)):open camera 0
05-25 12:46:54.111 I/OMXCodec( 2478): Successfully allocated OMX node 'OMX.google.vorbis.decoder'
05-25 12:46:54.111 I/OMXCodec( 2478): [OMX.google.vorbis.decoder] allocating 4 buffers of size 8192 on input port
05-25 12:46:54.111 I/OMXCodec( 2478): [OMX.google.vorbis.decoder] allocating 4 buffers of size 32768 on output port
05-25 12:46:54.111 V/AwesomePlayer( 2478): finishAsyncPrepare_l
05-25 12:46:54.111 V/AwesomePlayer( 2478): notifyListner_l() msg (5-MEDIA_SET_VIDEO_SIZE), ext1 (0), ext2 (0)
05-25 12:46:54.111 V/AudioCache( 2478): notify(0x4274ec78, 5, 0, 0)
05-25 12:46:54.111 V/AudioCache( 2478): ignored
05-25 12:46:54.111 V/AwesomePlayer( 2478): notifyListner_l() msg (1-MEDIA_PREPARED), ext1 (0), ext2 (0)
05-25 12:46:54.111 V/AudioCache( 2478): notify(0x4274ec78, 1, 0, 0)
05-25 12:46:54.111 V/AudioCache( 2478): prepared
05-25 12:46:54.111 I/ExynosCameraHWImpl( 2478): [CAM-BACK]-[INFO] ExynosCameraHWImpl
05-25 12:46:54.116 V/AudioCache( 2478): wait - success
05-25 12:46:54.116 V/MediaPlayerService( 2478): start
05-25 12:46:54.116 V/StagefrightPlayer( 2478): start
05-25 12:46:54.116 V/AwesomePlayer( 2478): play
05-25 12:46:54.116 V/AwesomePlayer( 2478): AwesomePlayer::play_l():: This is not a DRM content
05-25 12:46:54.116 V/AwesomePlayer( 2478): startAudioPlayer_l, sendErrorNotification (0)
05-25 12:46:54.116 I/SurfaceFlinger( 2475): id=566(1) createSurf 0x40006754 (1x1),1 flag=4, Damera
05-25 12:46:54.121 I/OMXCodec( 2478): [OMX.google.vorbis.decoder] allocating 4 buffers of size 32768 on output port
05-25 12:46:54.121 I/AudioPlayer( 2478):  Audioplayer kKeyAudioPCMFormat:1, 2, 0
05-25 12:46:54.121 I/AudioPlayer( 2478):  Audioplayer1 (2, 1)
05-25 12:46:54.121 V/AudioCache( 2478): open(44100, 2, 0x0, 1, 4)
05-25 12:46:54.121 D/STATUSBAR-StatusBarManagerService( 2925): manageDisableList what=0x0 pkg=WindowManager.LayoutParams
05-25 12:46:54.126 V/AwesomePlayer( 2478): addBatteryData
05-25 12:46:54.126 V/MediaPlayerService( 2478): wait for playback complete
05-25 12:46:54.131 D/ExynosCameraHWImpl( 2478): [CAM-BACK]-DEBUG(bool android::ExynosCameraHWImpl::m_initSecCamera(int))
05-25 12:46:54.131 D/ExynosCamera( 2478): [CAM-BACK]-[bool ExynosCamera::create(int)] (1841) cameraId: 0
05-25 12:46:54.131 D/ExynosCamera( 2478): [CAM-BACK]-[bool ExynosCamera::initSensorLpzsl()] (13481) fd -1
05-25 12:46:54.131 D/PowerManagerService( 2925): [api] acquire WakeLock flags=0x2000000a tag=WindowManager uid=1000 pid=2925
05-25 12:46:54.136 D/ExynosCamera( 2478): [CAM-BACK]-[bool ExynosCamera::initSensor()] (11852) fd -1
05-25 12:46:54.136 W/ExynosCamera( 2478): [CAM-BACK]-(m_setZoom): size(0, 388, 4128, 2322), level(0)
05-25 12:46:54.136 D/PointerIcon( 2925): setHoveringSpenIconStyle1 pointerType: 10001iconType:1 flag:0
05-25 12:46:54.136 D/PointerIcon( 2925): setHoveringSpenCustomIcon IconType is same.1
05-25 12:46:54.136 D/ExynosCameraActivitySpecialCapture( 2478): [int android::ExynosCameraActivitySpecialCapture::setCaptureMode(android::ExynosCameraActivitySpecialCapture::SCAPTURE_MODE)] (298) (0)
05-25 12:46:54.136 D/ExynosCameraHWImpl( 2478): [CAM-BACK]-DEBUG(m_initDefaultParameters): Default preview size is 1920x1080
05-25 12:46:54.136 D/ExynosCameraHWImpl( 2478): [CAM-BACK]-DEBUG(m_videoThreadFuncWrapper:7762): SIGNAL(m_videoStoppedCondition) - send
05-25 12:46:54.136 D/ExynosCameraHWImpl( 2478): [CAM-BACK]-DEBUG(m_videoThreadFuncWrapper:7764): SIGNAL(m_videoCondition) - waiting
05-25 12:46:54.136 D/ExynosCameraHWImpl( 2478): [CAM-BACK]-DEBUG(m_initDefaultParameters): Default video size is 1920x1080
05-25 12:46:54.141 D/ExynosCameraHWImpl( 2478): [CAM-BACK]-DEBUG(m_initDefaultParameters): Default picture size is 4128x2322
05-25 12:46:54.141 D/ExynosCameraHWImpl( 2478): [CAM-BACK]-m_antiBanding = 50hz
05-25 12:46:54.141 I/ExynosCameraHWImpl( 2478): [CAM-BACK]-[INFO] setParameters
05-25 12:46:54.141 W/ExynosCameraHWImpl( 2478): [CAM-BACK]-DEBUG(void android::ExynosCameraHWImpl::m_disableMsgType(int32_t, bool)):m_msgEnabled = 0x0, disable msgType = 0x410
05-25 12:46:54.141 D/libEGL  (20393): loaded /vendor/lib/egl/libEGL_POWERVR_SGX544_115.so
05-25 12:46:54.141 D/ExynosCameraHWImpl( 2478): [CAM-BACK]-DEBUG(setParameters):intelligent_mode : -1
05-25 12:46:54.141 D/ExynosCameraHWImpl( 2478): [CAM-BACK]-DEBUG(setParameters): fast-fps-mode : -1
05-25 12:46:54.141 D/ExynosCameraHWImpl( 2478): [CAM-BACK]-DEBUG(setParameters):newVideoW (1920) newVideoH (1080)
05-25 12:46:54.141 D/ExynosCameraHWImpl( 2478): [CAM-BACK]-DEBUG(setParameters):newPreviewW x newPreviewH = 1920x1080, format = yuv420sp
05-25 12:46:54.141 D/ExynosCameraHWImpl( 2478): [CAM-BACK]-DEBUG(setParameters):preview size and format has not changed
05-25 12:46:54.141 D/ExynosCameraHWImpl( 2478): [CAM-BACK]-DEBUG(setParameters):newPictureW x newPictureH = 4128x2322
05-25 12:46:54.141 D/ExynosCameraHWImpl( 2478): [CAM-BACK]-DEBUG(setParameters):newPictureFormat jpeg
05-25 12:46:54.141 D/ExynosCameraHWImpl( 2478): [CAM-BACK]-DEBUG(setParameters):newJpegQuality 100
05-25 12:46:54.141 D/ExynosCameraHWImpl( 2478): [CAM-BACK]-DEBUG(setParameters):newJpegThumbnailW X newJpegThumbnailH: 512 X 384
05-25 12:46:54.141 D/ExynosCameraHWImpl( 2478): [CAM-BACK]-DEBUG(setParameters):newJpegThumbnailQuality 100
05-25 12:46:54.141 D/ExynosCameraHWImpl( 2478): [CAM-BACK]-DEBUG(setParameters):newZoom 0
05-25 12:46:54.141 D/ExynosCameraHWImpl( 2478): [CAM-BACK]-DEBUG(setParameters):set orientation:0
05-25 12:46:54.141 D/ExynosCameraHWImpl( 2478): [CAM-BACK]-DEBUG(setParameters):newExposureCompensation 0
05-25 12:46:54.141 D/ExynosCameraHWImpl( 2478): [CAM-BACK]-DEBUG(setParameters):newMeteringAreas: (0,0,0,0,1000)
05-25 12:46:54.141 D/ExynosCamera( 2478): [CAM-BACK]-DEBUG(bool ExynosCamera::setMeteringMode(int)):Metering(2) -> aeMode(3)(0,0,0,0,1000)
05-25 12:46:54.141 D/ExynosCameraHWImpl( 2478): [CAM-BACK]-DEBUG(setParameters):m_antiBanding 50hz
05-25 12:46:54.141 D/ExynosCameraHWImpl( 2478): [CAM-BACK]-DEBUG(setParameters):newAntibanding 50hz
05-25 12:46:54.141 D/ExynosCameraHWImpl( 2478): [CAM-BACK]-DEBUG(setParameters):strNewSceneMode auto
05-25 12:46:54.141 D/ExynosCameraHWImpl( 2478): [CAM-BACK]-DEBUG(setParameters):strNewFocusMode auto
05-25 12:46:54.141 D/ExynosCamera( 2478): [CAM-BACK]-[bool ExynosCamera::setFocusMode(int)] (9020) value : 1 / oldMgrAutofocusMode : 2
05-25 12:46:54.141 D/ExynosCameraHWImpl( 2478): [CAM-BACK]-DEBUG(setParameters):strNewFlashMode off
05-25 12:46:54.141 D/ExynosCameraActivityFlash( 2478): [bool android::ExynosCameraActivityFlash::setFlashReq(android::ExynosCameraActivityFlash::FLASH_REQ)] (662)(0)
05-25 12:46:54.141 D/ExynosCameraHWImpl( 2478): [CAM-BACK]-DEBUG(setParameters):newWhiteBalance auto
05-25 12:46:54.141 D/ExynosCameraActivityFlash( 2478): m_isNeedFlash 0
05-25 12:46:54.141 D/ExynosCameraHWImpl( 2478): [CAM-BACK]-DEBUG(setParameters):newFocusAreas (0,0,0,0,0)
05-25 12:46:54.141 D/ExynosCameraHWImpl( 2478): [CAM-BACK]-DEBUG(setParameters):strNewEffect none
05-25 12:46:54.141 D/ExynosCameraHWImpl( 2478): [CAM-BACK]-DEBUG(setParameters):cityId has null value
05-25 12:46:54.141 D/ExynosCameraHWImpl( 2478): [CAM-BACK]-DEBUG(setParameters):newBrightness 0
05-25 12:46:54.141 D/ExynosCameraHWImpl( 2478): [CAM-BACK]-DEBUG(setParameters):newSaturation 0
05-25 12:46:54.141 D/ExynosCameraHWImpl( 2478): [CAM-BACK]-DEBUG(setParameters):newSharpness 0
05-25 12:46:54.141 D/ExynosCameraHWImpl( 2478): [CAM-BACK]-DEBUG(setParameters):newHue 0
05-25 12:46:54.141 D/ExynosCameraHWImpl( 2478): [CAM-BACK]-DEBUG(setParameters):strNewISO auto
05-25 12:46:54.141 D/ExynosCameraHWImpl( 2478): [CAM-BACK]-DEBUG(setParameters):strNewContrast auto
05-25 12:46:54.141 D/ExynosCameraHWImpl( 2478): [CAM-BACK]-DEBUG(setParameters):newWdr 0
05-25 12:46:54.141 D/ExynosCameraHWImpl( 2478): [CAM-BACK]-DEBUG(setParameters): finished: ret = 0
05-25 12:46:54.141 W/ExynosCameraHWImpl( 2478): [CAM-BACK]-DEBUG(void android::ExynosCameraHWImpl::m_restoreMsgType()):m_storedMsg = 0x0, m_msgEnabled before = 0x0
05-25 12:46:54.141 D/ExynosCameraHWImpl( 2478): [CAM-BACK]-ExynosCameraHWImpl is created!
05-25 12:46:54.141 I/ExynosCameraHWInterface( 2478): [INFO] (int android::HAL_camera_device_open(const hw_module_t*, char const*, hw_device_t**):765):camera(0) out from new g_cam_device[0]->priv()
05-25 12:46:54.141 I/ExynosCameraHWInterface( 2478): [INFO] (int android::HAL_camera_device_open(const hw_module_t*, char const*, hw_device_t**):768):camera(0) unlocked..
05-25 12:46:54.141 I/ExynosCameraHWInterface( 2478): [INFO] (int android::HAL_camera_device_open(const hw_module_t*, char const*, hw_device_t**):778):camera(0) out
05-25 12:46:54.141 E/SecCameraCoreManager( 2478): initialize2
05-25 12:46:54.146 I/ShotCommon( 2478): ShotCommon created: pid=2478
05-25 12:46:54.146 V/SecCameraCoreManager( 2478): getParameters(0)
05-25 12:46:54.146 I/ShotCommon( 2478): Preview width(1920), height(1080)
05-25 12:46:54.146 I/ShotCommon( 2478): Preview color format [yuv420sp]
05-25 12:46:54.146 I/ShotCommon( 2478): Picture width(4128), height(2322)
05-25 12:46:54.146 I/ShotCommon( 2478): Picture color format [jpeg]
05-25 12:46:54.146 I/ShotSingle( 2478): ShotSingle created: pid=2478
05-25 12:46:54.146 V/ShotSingle( 2478): sendCommand(0)
05-25 12:46:54.146 D/SecCameraCoreManager( 2478): setCallbacks
05-25 12:46:54.146 V/ShotSingle( 2478): setCallbacks(0)
05-25 12:46:54.146 I/ExynosCameraHWImpl( 2478): [CAM-BACK]-[INFO] setCallbacks
05-25 12:46:54.146 D/SecCameraCoreManager( 2478): enableMsgType: 0xc0d
05-25 12:46:54.146 V/SecCamera-JNI-Cpp(20393): get_native_camera: context=0x6e4dd960, camera=0x6e4e08b0
05-25 12:46:54.146 D/SecCameraCoreManager( 2478): sendCommand : 1508 0 0 
05-25 12:46:54.146 D/ShotSingle( 2478): ShotSingle::sendCommand 1508, 0, 0
05-25 12:46:54.146 V/ShotSingle( 2478): sendCommand(0)
05-25 12:46:54.146 D/ExynosCameraHWImpl( 2478): [CAM-BACK]-sendCommand: HAL_SET_SAMSUNG_CAMERA is called!
05-25 12:46:54.146 V/SecCamera-JNI-Cpp(20393): getParameters
05-25 12:46:54.146 V/SecCamera-JNI-Cpp(20393): get_native_camera: context=0x6e4dd960, camera=0x6e4e08b0
05-25 12:46:54.151 D/SecCameraCoreManager( 2478): getParameters
05-25 12:46:54.151 V/SecCameraCoreManager( 2478): getParameters(0)
05-25 12:46:54.151 D/libEGL  (20393): loaded /vendor/lib/egl/libGLESv1_CM_POWERVR_SGX544_115.so
05-25 12:46:54.151 D/libEGL  (20393): loaded /vendor/lib/egl/libGLESv2_POWERVR_SGX544_115.so
05-25 12:46:54.156 V/SecCamera-JNI-Cpp(20393): getParameters
05-25 12:46:54.156 V/SecCamera-JNI-Cpp(20393): get_native_camera: context=0x6e4dd960, camera=0x6e4e08b0
05-25 12:46:54.156 I/        (20393): !@IMGSRV: DATE: 2013.04.23(11:19:33) | BUILDER: LSI3D | REVISION: e9cd1377d8225457ae40
05-25 12:46:54.156 D/SecCameraCoreManager( 2478): getParameters
05-25 12:46:54.156 V/SecCameraCoreManager( 2478): getParameters(0)
05-25 12:46:54.161 V/SecCamera-JNI-Cpp(20393): get_native_camera: context=0x6e4dd960, camera=0x6e4e08b0
05-25 12:46:54.161 D/SecCameraCoreManager( 2478): sendCommand : 1297 1 0 
05-25 12:46:54.161 D/ShotSingle( 2478): ShotSingle::sendCommand 1297, 1, 0
05-25 12:46:54.161 V/ShotSingle( 2478): sendCommand(0)
05-25 12:46:54.161 I/OMXCodec( 2478): [OMX.google.vorbis.decoder] End Of Stream
05-25 12:46:54.166 V/AwesomePlayer( 2478): postAudioEOS delayUs (0)
05-25 12:46:54.166 V/AwesomePlayer( 2478): onCheckAudioStatus
05-25 12:46:54.166 V/AwesomePlayer( 2478): onCheckAudioStatus() set AUDIO_AT_EOS flag
05-25 12:46:54.166 V/AwesomePlayer( 2478): onStreamDone
05-25 12:46:54.166 V/AwesomePlayer( 2478): MEDIA_PLAYBACK_COMPLETE
05-25 12:46:54.166 V/AwesomePlayer( 2478): notifyListner_l() msg (2-MEDIA_PLAYBACK_COMPLETE), ext1 (0), ext2 (0)
05-25 12:46:54.166 V/AudioCache( 2478): notify(0x4274ec78, 2, 0, 0)
05-25 12:46:54.166 V/AudioCache( 2478): playback complete - thread will wake up later
05-25 12:46:54.166 V/AwesomePlayer( 2478): cancelPlayerEvents (keepNotifications=1)
05-25 12:46:54.166 V/AwesomePlayer( 2478): addBatteryData
05-25 12:46:54.166 V/AudioCache( 2478): wait - success
05-25 12:46:54.166 V/StagefrightPlayer( 2478): reset
05-25 12:46:54.166 V/AwesomePlayer( 2478): reset_l()
05-25 12:46:54.166 V/AwesomePlayer( 2478): reset_l() while (mFlags & PREPARING) condition check
05-25 12:46:54.166 V/AwesomePlayer( 2478): cancelPlayerEvents (keepNotifications=0)
05-25 12:46:54.166 V/AwesomePlayer( 2478): mAudioTrackVector clear
05-25 12:46:54.166 V/AwesomePlayer( 2478): mAudioTrackVector clear
05-25 12:46:54.166 I/OMXCodec( 2478): [OMX.google.vorbis.decoder] stop() sendCommand(0x39, OMX_CommandStateSet, OMX_StateIdle)
05-25 12:46:54.166 I/OggExtractor( 2478): ~OggSource --
05-25 12:46:54.166 I/OggExtractor( 2478): ~OggExtractor ++
05-25 12:46:54.166 I/OggExtractor( 2478): ~MyVorbisExtractor ++ 
05-25 12:46:54.166 I/OggExtractor( 2478): ~MyVorbisExtractor --
05-25 12:46:54.166 I/OggExtractor( 2478): ~OggExtractor --
05-25 12:46:54.171 I/AudioPlayer( 2478): reset out
05-25 12:46:54.171 V/AwesomePlayer( 2478): reset_l() mAudioPlayer successfully deleted
05-25 12:46:54.171 I/SecMediaClock( 2478): SecMediaClock destructor
05-25 12:46:54.171 V/AwesomePlayer( 2478): mSecMediaClock clear
05-25 12:46:54.171 V/StagefrightPlayer( 2478): ~StagefrightPlayer
05-25 12:46:54.171 V/StagefrightPlayer( 2478): reset
05-25 12:46:54.171 V/AwesomePlayer( 2478): reset_l()
05-25 12:46:54.171 V/AwesomePlayer( 2478): reset_l() while (mFlags & PREPARING) condition check
05-25 12:46:54.171 V/AwesomePlayer( 2478): cancelPlayerEvents (keepNotifications=0)
05-25 12:46:54.171 V/AwesomePlayer( 2478): mAudioTrackVector clear
05-25 12:46:54.171 V/AwesomePlayer( 2478): mAudioTrackVector clear
05-25 12:46:54.171 V/AwesomePlayer( 2478): reset_l() mAudioPlayer successfully deleted
05-25 12:46:54.171 V/AwesomePlayer( 2478): mSecMediaClock clear
05-25 12:46:54.171 V/AwesomePlayer( 2478): destructor
05-25 12:46:54.171 V/AwesomePlayer( 2478): reset_l()
05-25 12:46:54.171 V/AwesomePlayer( 2478): reset_l() while (mFlags & PREPARING) condition check
05-25 12:46:54.171 V/AwesomePlayer( 2478): cancelPlayerEvents (keepNotifications=0)
05-25 12:46:54.171 V/AwesomePlayer( 2478): mAudioTrackVector clear
05-25 12:46:54.171 V/AwesomePlayer( 2478): mAudioTrackVector clear
05-25 12:46:54.171 V/AwesomePlayer( 2478): reset_l() mAudioPlayer successfully deleted
05-25 12:46:54.171 V/AwesomePlayer( 2478): mSecMediaClock clear
05-25 12:46:54.196 V/MediaPlayer(20393): decode(56, 15318956, 5632)
05-25 12:46:54.196 V/MediaPlayerService( 2478): decode(79, 15318956, 5632)
05-25 12:46:54.196 V/MediaPlayerService( 2478): player type = 3
05-25 12:46:54.196 V/AwesomePlayer( 2478): setDefault
05-25 12:46:54.196 V/AwesomePlayer( 2478): constructor
05-25 12:46:54.196 V/AwesomePlayer( 2478): setDefault
05-25 12:46:54.196 V/AwesomePlayer( 2478): reset_l()
05-25 12:46:54.196 V/AwesomePlayer( 2478): reset_l() while (mFlags & PREPARING) condition check
05-25 12:46:54.196 V/AwesomePlayer( 2478): cancelPlayerEvents (keepNotifications=0)
05-25 12:46:54.201 V/AwesomePlayer( 2478): mAudioTrackVector clear
05-25 12:46:54.201 V/AwesomePlayer( 2478): mAudioTrackVector clear
05-25 12:46:54.201 V/AwesomePlayer( 2478): reset_l() mAudioPlayer successfully deleted
05-25 12:46:54.201 V/AwesomePlayer( 2478): mSecMediaClock clear
05-25 12:46:54.201 V/StagefrightPlayer( 2478): StagefrightPlayer
05-25 12:46:54.201 V/AwesomePlayer( 2478): setListener
05-25 12:46:54.201 V/StagefrightPlayer( 2478): initCheck
05-25 12:46:54.201 V/AwesomePlayer( 2478): setAudioSink
05-25 12:46:54.201 V/StagefrightPlayer( 2478): setDataSource(79, 15318956, 5632)
05-25 12:46:54.201 V/AwesomePlayer( 2478): setDataSource (93, 15318956, 5632)
05-25 12:46:54.201 V/AwesomePlayer( 2478): reset_l()
05-25 12:46:54.201 V/AwesomePlayer( 2478): reset_l() while (mFlags & PREPARING) condition check
05-25 12:46:54.201 V/AwesomePlayer( 2478): cancelPlayerEvents (keepNotifications=0)
05-25 12:46:54.201 V/AwesomePlayer( 2478): mAudioTrackVector clear
05-25 12:46:54.201 V/AwesomePlayer( 2478): mAudioTrackVector clear
05-25 12:46:54.201 V/AwesomePlayer( 2478): reset_l() mAudioPlayer successfully deleted
05-25 12:46:54.201 V/AwesomePlayer( 2478): mSecMediaClock clear
05-25 12:46:54.201 V/MediaExtractor( 2478): Autodetected media content as 'application/ogg' with confidence 0.20
05-25 12:46:54.206 V/AwesomePlayer( 2478): track of type 'audio/vorbis' does not publish bitrate
05-25 12:46:54.206 V/AwesomePlayer( 2478): mBitrate = -1 bits/sec
05-25 12:46:54.206 W/AwesomePlayer( 2478): couldn't get userdata - Weather
05-25 12:46:54.206 W/AwesomePlayer( 2478): couldn't get userdata - Authorization 
05-25 12:46:54.206 W/AwesomePlayer( 2478): couldn't get userdata - SnapShot 
05-25 12:46:54.206 W/AwesomePlayer( 2478): couldn't get userdata - SMRD
05-25 12:46:54.206 V/AwesomePlayer( 2478): current audio track index (0) is added to vector
05-25 12:46:54.206 V/AwesomePlayer( 2478): setDataSource_l: Audio(1), Video(0)
05-25 12:46:54.206 I/AwesomePlayer( 2478): AwesomePlayer::setDataSource_l():: This is not a DRM content
05-25 12:46:54.206 V/MediaPlayerService( 2478): prepare
05-25 12:46:54.206 V/AwesomePlayer( 2478): prepareAsync
05-25 12:46:54.206 V/MediaPlayerService( 2478): wait for prepare
05-25 12:46:54.206 V/AwesomePlayer( 2478): onPrepareAsyncEvent
05-25 12:46:54.206 I/SecMediaClock( 2478): SecMediaClock constructor
05-25 12:46:54.206 I/SecMediaClock( 2478): reset
05-25 12:46:54.206 V/AwesomePlayer( 2478): initAudioDecoder
05-25 12:46:54.206 I/OMXCodec( 2478): OMXCodec::Create mime (audio/vorbis), flags (0), matchComponentName ((null)), createEncoder (0)
05-25 12:46:54.206 I/OMXCodec( 2478): Attempting to allocate OMX node 'OMX.google.vorbis.decoder'
05-25 12:46:54.206 I/OMXCodec( 2478): Successfully allocated OMX node 'OMX.google.vorbis.decoder'
05-25 12:46:54.211 I/OMXCodec( 2478): [OMX.google.vorbis.decoder] allocating 4 buffers of size 8192 on input port
05-25 12:46:54.211 I/OMXCodec( 2478): [OMX.google.vorbis.decoder] allocating 4 buffers of size 32768 on output port
05-25 12:46:54.211 V/AwesomePlayer( 2478): finishAsyncPrepare_l
05-25 12:46:54.211 V/AwesomePlayer( 2478): notifyListner_l() msg (5-MEDIA_SET_VIDEO_SIZE), ext1 (0), ext2 (0)
05-25 12:46:54.211 V/AudioCache( 2478): notify(0x4274ec78, 5, 0, 0)
05-25 12:46:54.211 V/AudioCache( 2478): ignored
05-25 12:46:54.211 V/AwesomePlayer( 2478): notifyListner_l() msg (1-MEDIA_PREPARED), ext1 (0), ext2 (0)
05-25 12:46:54.211 V/AudioCache( 2478): notify(0x4274ec78, 1, 0, 0)
05-25 12:46:54.211 V/AudioCache( 2478): prepared
05-25 12:46:54.211 V/AudioCache( 2478): wait - success
05-25 12:46:54.211 V/MediaPlayerService( 2478): start
05-25 12:46:54.211 V/StagefrightPlayer( 2478): start
05-25 12:46:54.211 V/AwesomePlayer( 2478): play
05-25 12:46:54.211 V/AwesomePlayer( 2478): AwesomePlayer::play_l():: This is not a DRM content
05-25 12:46:54.211 V/AwesomePlayer( 2478): startAudioPlayer_l, sendErrorNotification (0)
05-25 12:46:54.216 I/OMXCodec( 2478): [OMX.google.vorbis.decoder] allocating 4 buffers of size 32768 on output port
05-25 12:46:54.216 I/AudioPlayer( 2478):  Audioplayer kKeyAudioPCMFormat:1, 1, 0
05-25 12:46:54.216 I/AudioPlayer( 2478):  Audioplayer1 (1, 1)
05-25 12:46:54.216 V/AudioCache( 2478): open(44100, 1, 0x0, 1, 4)
05-25 12:46:54.216 V/AwesomePlayer( 2478): addBatteryData
05-25 12:46:54.216 V/MediaPlayerService( 2478): wait for playback complete
05-25 12:46:54.231 I/OMXCodec( 2478): [OMX.google.vorbis.decoder] End Of Stream
05-25 12:46:54.231 V/AwesomePlayer( 2478): postAudioEOS delayUs (0)
05-25 12:46:54.231 V/AwesomePlayer( 2478): onCheckAudioStatus
05-25 12:46:54.231 V/AwesomePlayer( 2478): onCheckAudioStatus() set AUDIO_AT_EOS flag
05-25 12:46:54.231 V/AwesomePlayer( 2478): onStreamDone
05-25 12:46:54.231 V/AwesomePlayer( 2478): MEDIA_PLAYBACK_COMPLETE
05-25 12:46:54.231 V/AwesomePlayer( 2478): notifyListner_l() msg (2-MEDIA_PLAYBACK_COMPLETE), ext1 (0), ext2 (0)
05-25 12:46:54.231 V/AudioCache( 2478): notify(0x4274ec78, 2, 0, 0)
05-25 12:46:54.231 V/AudioCache( 2478): playback complete - thread will wake up later
05-25 12:46:54.231 V/AwesomePlayer( 2478): cancelPlayerEvents (keepNotifications=1)
05-25 12:46:54.231 V/AwesomePlayer( 2478): addBatteryData
05-25 12:46:54.231 V/AudioCache( 2478): wait - success
05-25 12:46:54.231 V/StagefrightPlayer( 2478): reset
05-25 12:46:54.231 V/AwesomePlayer( 2478): reset_l()
05-25 12:46:54.231 V/AwesomePlayer( 2478): reset_l() while (mFlags & PREPARING) condition check
05-25 12:46:54.231 V/AwesomePlayer( 2478): cancelPlayerEvents (keepNotifications=0)
05-25 12:46:54.231 V/AwesomePlayer( 2478): mAudioTrackVector clear
05-25 12:46:54.231 V/AwesomePlayer( 2478): mAudioTrackVector clear
05-25 12:46:54.231 I/OMXCodec( 2478): [OMX.google.vorbis.decoder] stop() sendCommand(0x3a, OMX_CommandStateSet, OMX_StateIdle)
05-25 12:46:54.236 I/OggExtractor( 2478): ~OggSource --
05-25 12:46:54.236 I/OggExtractor( 2478): ~OggExtractor ++
05-25 12:46:54.236 I/OggExtractor( 2478): ~MyVorbisExtractor ++ 
05-25 12:46:54.236 I/OggExtractor( 2478): ~MyVorbisExtractor --
05-25 12:46:54.236 I/OggExtractor( 2478): ~OggExtractor --
05-25 12:46:54.236 I/AudioPlayer( 2478): reset out
05-25 12:46:54.236 V/AwesomePlayer( 2478): reset_l() mAudioPlayer successfully deleted
05-25 12:46:54.236 I/SecMediaClock( 2478): SecMediaClock destructor
05-25 12:46:54.236 V/AwesomePlayer( 2478): mSecMediaClock clear
05-25 12:46:54.236 V/StagefrightPlayer( 2478): ~StagefrightPlayer
05-25 12:46:54.236 V/StagefrightPlayer( 2478): reset
05-25 12:46:54.236 V/AwesomePlayer( 2478): reset_l()
05-25 12:46:54.236 V/AwesomePlayer( 2478): reset_l() while (mFlags & PREPARING) condition check
05-25 12:46:54.236 V/AwesomePlayer( 2478): cancelPlayerEvents (keepNotifications=0)
05-25 12:46:54.236 V/AwesomePlayer( 2478): mAudioTrackVector clear
05-25 12:46:54.236 V/AwesomePlayer( 2478): mAudioTrackVector clear
05-25 12:46:54.236 V/AwesomePlayer( 2478): reset_l() mAudioPlayer successfully deleted
05-25 12:46:54.236 V/AwesomePlayer( 2478): mSecMediaClock clear
05-25 12:46:54.236 V/AwesomePlayer( 2478): destructor
05-25 12:46:54.236 V/AwesomePlayer( 2478): reset_l()
05-25 12:46:54.236 V/AwesomePlayer( 2478): reset_l() while (mFlags & PREPARING) condition check
05-25 12:46:54.236 V/AwesomePlayer( 2478): cancelPlayerEvents (keepNotifications=0)
05-25 12:46:54.236 V/AwesomePlayer( 2478): mAudioTrackVector clear
05-25 12:46:54.236 V/AwesomePlayer( 2478): mAudioTrackVector clear
05-25 12:46:54.236 V/AwesomePlayer( 2478): reset_l() mAudioPlayer successfully deleted
05-25 12:46:54.236 V/AwesomePlayer( 2478): mSecMediaClock clear
05-25 12:46:54.236 V/MediaPlayer(20393): decode(57, 15477892, 14291)
05-25 12:46:54.236 V/MediaPlayerService( 2478): decode(79, 15477892, 14291)
05-25 12:46:54.236 V/MediaPlayerService( 2478): player type = 3
05-25 12:46:54.236 V/AwesomePlayer( 2478): setDefault
05-25 12:46:54.236 V/AwesomePlayer( 2478): constructor
05-25 12:46:54.236 V/AwesomePlayer( 2478): setDefault
05-25 12:46:54.236 V/AwesomePlayer( 2478): reset_l()
05-25 12:46:54.236 V/AwesomePlayer( 2478): reset_l() while (mFlags & PREPARING) condition check
05-25 12:46:54.236 V/AwesomePlayer( 2478): cancelPlayerEvents (keepNotifications=0)
05-25 12:46:54.236 V/AwesomePlayer( 2478): mAudioTrackVector clear
05-25 12:46:54.236 V/AwesomePlayer( 2478): mAudioTrackVector clear
05-25 12:46:54.236 V/AwesomePlayer( 2478): reset_l() mAudioPlayer successfully deleted
05-25 12:46:54.236 V/AwesomePlayer( 2478): mSecMediaClock clear
05-25 12:46:54.236 V/StagefrightPlayer( 2478): StagefrightPlayer
05-25 12:46:54.236 V/AwesomePlayer( 2478): setListener
05-25 12:46:54.236 V/StagefrightPlayer( 2478): initCheck
05-25 12:46:54.236 V/AwesomePlayer( 2478): setAudioSink
05-25 12:46:54.236 V/StagefrightPlayer( 2478): setDataSource(79, 15477892, 14291)
05-25 12:46:54.236 V/AwesomePlayer( 2478): setDataSource (97, 15477892, 14291)
05-25 12:46:54.236 V/AwesomePlayer( 2478): reset_l()
05-25 12:46:54.236 V/AwesomePlayer( 2478): reset_l() while (mFlags & PREPARING) condition check
05-25 12:46:54.236 V/AwesomePlayer( 2478): cancelPlayerEvents (keepNotifications=0)
05-25 12:46:54.236 V/AwesomePlayer( 2478): mAudioTrackVector clear
05-25 12:46:54.236 V/AwesomePlayer( 2478): mAudioTrackVector clear
05-25 12:46:54.236 V/AwesomePlayer( 2478): reset_l() mAudioPlayer successfully deleted
05-25 12:46:54.236 V/AwesomePlayer( 2478): mSecMediaClock clear
05-25 12:46:54.241 V/MediaExtractor( 2478): Autodetected media content as 'application/ogg' with confidence 0.20
05-25 12:46:54.241 V/AwesomePlayer( 2478): track of type 'audio/vorbis' does not publish bitrate
05-25 12:46:54.241 V/AwesomePlayer( 2478): mBitrate = -1 bits/sec
05-25 12:46:54.241 W/AwesomePlayer( 2478): couldn't get userdata - Weather
05-25 12:46:54.241 W/AwesomePlayer( 2478): couldn't get userdata - Authorization 
05-25 12:46:54.241 W/AwesomePlayer( 2478): couldn't get userdata - SnapShot 
05-25 12:46:54.241 W/AwesomePlayer( 2478): couldn't get userdata - SMRD
05-25 12:46:54.241 V/AwesomePlayer( 2478): current audio track index (0) is added to vector
05-25 12:46:54.241 V/AwesomePlayer( 2478): setDataSource_l: Audio(1), Video(0)
05-25 12:46:54.241 I/AwesomePlayer( 2478): AwesomePlayer::setDataSource_l():: This is not a DRM content
05-25 12:46:54.241 V/MediaPlayerService( 2478): prepare
05-25 12:46:54.241 V/AwesomePlayer( 2478): prepareAsync
05-25 12:46:54.241 V/MediaPlayerService( 2478): wait for prepare
05-25 12:46:54.241 V/AwesomePlayer( 2478): onPrepareAsyncEvent
05-25 12:46:54.241 I/SecMediaClock( 2478): SecMediaClock constructor
05-25 12:46:54.241 I/SecMediaClock( 2478): reset
05-25 12:46:54.241 V/AwesomePlayer( 2478): initAudioDecoder
05-25 12:46:54.241 I/OMXCodec( 2478): OMXCodec::Create mime (audio/vorbis), flags (0), matchComponentName ((null)), createEncoder (0)
05-25 12:46:54.241 I/OMXCodec( 2478): Attempting to allocate OMX node 'OMX.google.vorbis.decoder'
05-25 12:46:54.241 I/OMXCodec( 2478): Successfully allocated OMX node 'OMX.google.vorbis.decoder'
05-25 12:46:54.241 I/OMXCodec( 2478): [OMX.google.vorbis.decoder] allocating 4 buffers of size 8192 on input port
05-25 12:46:54.241 I/OMXCodec( 2478): [OMX.google.vorbis.decoder] allocating 4 buffers of size 32768 on output port
05-25 12:46:54.241 V/AwesomePlayer( 2478): finishAsyncPrepare_l
05-25 12:46:54.241 V/AwesomePlayer( 2478): notifyListner_l() msg (5-MEDIA_SET_VIDEO_SIZE), ext1 (0), ext2 (0)
05-25 12:46:54.241 V/AudioCache( 2478): notify(0x4274ec78, 5, 0, 0)
05-25 12:46:54.241 V/AudioCache( 2478): ignored
05-25 12:46:54.241 V/AwesomePlayer( 2478): notifyListner_l() msg (1-MEDIA_PREPARED), ext1 (0), ext2 (0)
05-25 12:46:54.241 V/AudioCache( 2478): notify(0x4274ec78, 1, 0, 0)
05-25 12:46:54.241 V/AudioCache( 2478): prepared
05-25 12:46:54.241 V/AudioCache( 2478): wait - success
05-25 12:46:54.241 V/MediaPlayerService( 2478): start
05-25 12:46:54.241 V/StagefrightPlayer( 2478): start
05-25 12:46:54.241 V/AwesomePlayer( 2478): play
05-25 12:46:54.241 V/AwesomePlayer( 2478): AwesomePlayer::play_l():: This is not a DRM content
05-25 12:46:54.241 V/AwesomePlayer( 2478): startAudioPlayer_l, sendErrorNotification (0)
05-25 12:46:54.246 I/OMXCodec( 2478): [OMX.google.vorbis.decoder] allocating 4 buffers of size 32768 on output port
05-25 12:46:54.246 I/AudioPlayer( 2478):  Audioplayer kKeyAudioPCMFormat:1, 1, 0
05-25 12:46:54.246 I/AudioPlayer( 2478):  Audioplayer1 (1, 1)
05-25 12:46:54.246 V/AudioCache( 2478): open(44100, 1, 0x0, 1, 4)
05-25 12:46:54.246 V/AwesomePlayer( 2478): addBatteryData
05-25 12:46:54.246 V/MediaPlayerService( 2478): wait for playback complete
05-25 12:46:54.261 I/OMXCodec( 2478): [OMX.google.vorbis.decoder] End Of Stream
05-25 12:46:54.261 V/AwesomePlayer( 2478): postAudioEOS delayUs (0)
05-25 12:46:54.261 V/AwesomePlayer( 2478): onCheckAudioStatus
05-25 12:46:54.261 V/AwesomePlayer( 2478): onCheckAudioStatus() set AUDIO_AT_EOS flag
05-25 12:46:54.261 V/AwesomePlayer( 2478): onStreamDone
05-25 12:46:54.261 V/AwesomePlayer( 2478): MEDIA_PLAYBACK_COMPLETE
05-25 12:46:54.261 V/AwesomePlayer( 2478): notifyListner_l() msg (2-MEDIA_PLAYBACK_COMPLETE), ext1 (0), ext2 (0)
05-25 12:46:54.261 V/AudioCache( 2478): notify(0x4274ec78, 2, 0, 0)
05-25 12:46:54.261 V/AudioCache( 2478): playback complete - thread will wake up later
05-25 12:46:54.261 V/AwesomePlayer( 2478): cancelPlayerEvents (keepNotifications=1)
05-25 12:46:54.261 V/AwesomePlayer( 2478): addBatteryData
05-25 12:46:54.261 V/AudioCache( 2478): wait - success
05-25 12:46:54.261 V/StagefrightPlayer( 2478): reset
05-25 12:46:54.261 V/AwesomePlayer( 2478): reset_l()
05-25 12:46:54.261 V/AwesomePlayer( 2478): reset_l() while (mFlags & PREPARING) condition check
05-25 12:46:54.261 V/AwesomePlayer( 2478): cancelPlayerEvents (keepNotifications=0)
05-25 12:46:54.261 V/AwesomePlayer( 2478): mAudioTrackVector clear
05-25 12:46:54.261 V/AwesomePlayer( 2478): mAudioTrackVector clear
05-25 12:46:54.261 I/OMXCodec( 2478): [OMX.google.vorbis.decoder] stop() sendCommand(0x3b, OMX_CommandStateSet, OMX_StateIdle)
05-25 12:46:54.266 I/OggExtractor( 2478): ~OggSource --
05-25 12:46:54.266 I/OggExtractor( 2478): ~OggExtractor ++
05-25 12:46:54.266 I/OggExtractor( 2478): ~MyVorbisExtractor ++ 
05-25 12:46:54.266 I/OggExtractor( 2478): ~MyVorbisExtractor --
05-25 12:46:54.266 I/OggExtractor( 2478): ~OggExtractor --
