05-25 12:46:50.131 E/        (20113): secMM, Real-time value of score is frame 39 is 1.533386 with immCnt 0
05-25 12:46:50.131 D/        (20113): secMM: FAIL 2!!
05-25 12:46:50.136 E/        (20113): 2: 1.364319 result:0	
05-25 12:46:50.136 E/        (20113): 3: 1.312317 result:0	
05-25 12:46:50.136 E/        (20113): secMM, Real-time value of score is frame 40 is 1.364319 with immCnt 0
05-25 12:46:50.136 D/        (20113): secMM: FAIL 2!!
05-25 12:46:50.141 E/        (20113): 2: 1.262695 result:0	
05-25 12:46:50.141 E/        (20113): 3: 1.431763 result:0	
05-25 12:46:50.141 E/        (20113): secMM, Real-time value of score is frame 41 is 1.431763 with immCnt 0
05-25 12:46:50.141 D/        (20113): secMM: FAIL 2!!
05-25 12:46:50.141 E/        (20113): 2: 1.149292 result:0	
05-25 12:46:50.141 E/        (20113): 3: 1.540344 result:0	
05-25 12:46:50.141 E/        (20113): secMM, Real-time value of score is frame 42 is 1.540344 with immCnt 0
05-25 12:46:50.141 D/        (20113): secMM: FAIL 2!!
05-25 12:46:50.146 E/        (20113): 2: 1.541809 result:0	
05-25 12:46:50.146 E/        (20113): 3: 1.633118 result:0	
05-25 12:46:50.146 E/        (20113): secMM, Real-time value of score is frame 43 is 1.633118 with immCnt 0
05-25 12:46:50.146 D/        (20113): secMM: FAIL 2!!
05-25 12:46:50.151 E/        (20113): 2: 2.071106 result:0	
05-25 12:46:50.151 E/        (20113): 3: 1.703674 result:0	
05-25 12:46:50.151 E/        (20113): secMM, Real-time value of score is frame 44 is 2.071106 with immCnt 0
05-25 12:46:50.151 D/        (20113): secMM: FAIL 2!!
05-25 12:46:50.151 E/        (20113): 2: 2.271912 result:0	
05-25 12:46:50.151 E/        (20113): 3: 1.747009 result:0	
05-25 12:46:50.151 E/        (20113): secMM, Real-time value of score is frame 45 is 2.271912 with immCnt 0
05-25 12:46:50.151 D/        (20113): secMM: FAIL 2!!
05-25 12:46:50.156 E/        (20113): 2: 2.476318 result:0	
05-25 12:46:50.156 E/        (20113): 3: 1.744263 result:0	
05-25 12:46:50.156 E/        (20113): secMM, Real-time value of score is frame 46 is 2.476318 with immCnt 0
05-25 12:46:50.156 D/        (20113): secMM: FAIL 2!!
05-25 12:46:50.161 E/        (20113): 2: 2.519531 result:0	
05-25 12:46:50.161 E/        (20113): 3: 1.624817 result:0	
05-25 12:46:50.161 E/        (20113): secMM, Real-time value of score is frame 47 is 2.519531 with immCnt 0
05-25 12:46:50.161 D/        (20113): secMM: FAIL 2!!
05-25 12:46:50.161 E/        (20113): 2: 2.339478 result:0	
05-25 12:46:50.161 E/        (20113): 3: 1.398682 result:0	
05-25 12:46:50.161 E/        (20113): secMM, Real-time value of score is frame 48 is 2.339478 with immCnt 0
05-25 12:46:50.161 D/        (20113): secMM: FAIL 2!!
05-25 12:46:50.166 E/        (20113): 2: 2.256287 result:0	
05-25 12:46:50.166 E/        (20113): 3: 1.276978 result:0	
05-25 12:46:50.166 E/        (20113): secMM, Real-time value of score is frame 49 is 2.256287 with immCnt 0
05-25 12:46:50.166 D/        (20113): secMM: FAIL 2!!
05-25 12:46:50.166 E/        (20113): 2: 2.328674 result:0	
05-25 12:46:50.166 E/        (20113): 3: 1.230774 result:0	
05-25 12:46:50.166 E/        (20113): secMM, Real-time value of score is frame 50 is 2.328674 with immCnt 0
05-25 12:46:50.166 D/        (20113): secMM: FAIL 2!!
05-25 12:46:50.166 E/        (20113): 2: 2.384521 result:0	
05-25 12:46:50.166 E/        (20113): 3: 0.596985 result:0	
05-25 12:46:50.166 E/        (20113): secMM, Real-time value of score is frame 51 is 2.384521 with immCnt 0
05-25 12:46:50.166 D/        (20113): secMM: FAIL 2!!
05-25 12:46:50.171 E/        (20113): 2: 2.476074 result:0	
05-25 12:46:50.171 E/        (20113): 3: -0.198547 result:0	
05-25 12:46:50.171 E/        (20113): secMM, Real-time value of score is frame 52 is 2.476074 with immCnt 0
05-25 12:46:50.171 D/        (20113): secMM: FAIL 2!!
05-25 12:46:50.171 E/        (20113): 2: 2.699219 result:0	
05-25 12:46:50.171 E/        (20113): 3: -0.698853 result:0	
05-25 12:46:50.171 E/        (20113): secMM, Real-time value of score is frame 53 is 2.699219 with immCnt 0
05-25 12:46:50.171 D/        (20113): secMM: FAIL 2!!
05-25 12:46:50.171 E/        (20113): 2: 2.687256 result:0	
05-25 12:46:50.171 E/        (20113): 3: -0.791748 result:0	
05-25 12:46:50.171 E/        (20113): secMM, Real-time value of score is frame 54 is 2.687256 with immCnt 0
05-25 12:46:50.171 D/        (20113): secMM: FAIL 2!!
05-25 12:46:50.176 E/        (20113): 2: 2.445496 result:0	
05-25 12:46:50.176 E/        (20113): 3: -1.183716 result:0	
05-25 12:46:50.176 E/        (20113): secMM, Real-time value of score is frame 55 is 2.445496 with immCnt 0
05-25 12:46:50.176 D/        (20113): secMM: FAIL 2!!
05-25 12:46:50.176 E/        (20113): 2: 2.044006 result:0	
05-25 12:46:50.176 E/        (20113): 3: -1.645508 result:0	
05-25 12:46:50.176 E/        (20113): secMM, Real-time value of score is frame 56 is 2.044006 with immCnt 0
05-25 12:46:50.176 D/        (20113): secMM: FAIL 2!!
05-25 12:46:50.181 E/        (20113): 2: 1.814148 result:0	
05-25 12:46:50.181 E/        (20113): 3: -2.208374 result:0	
05-25 12:46:50.181 E/        (20113): secMM, Real-time value of score is frame 57 is 1.814148 with immCnt 0
05-25 12:46:50.181 D/        (20113): secMM: FAIL 2!!
05-25 12:46:50.181 E/        (20113): 2: 1.750366 result:0	
05-25 12:46:50.181 E/        (20113): 3: -2.691650 result:0	
05-25 12:46:50.181 E/        (20113): secMM, Real-time value of score is frame 58 is 1.750366 with immCnt 0
05-25 12:46:50.181 D/        (20113): secMM: FAIL 2!!
05-25 12:46:50.181 E/        (20113): 2: 1.852234 result:0	
05-25 12:46:50.181 E/        (20113): 3: -2.665222 result:0	
05-25 12:46:50.181 E/        (20113): secMM, Real-time value of score is frame 59 is 1.852234 with immCnt 0
05-25 12:46:50.181 D/        (20113): secMM: FAIL 2!!
05-25 12:46:50.186 E/        (20113): 2: 1.909607 result:0	
05-25 12:46:50.186 E/        (20113): 3: -2.252136 result:0	
05-25 12:46:50.186 E/        (20113): secMM, Real-time value of score is frame 60 is 1.909607 with immCnt 0
05-25 12:46:50.186 D/        (20113): secMM: FAIL 2!!
05-25 12:46:50.186 E/        (20113): 2: 1.916138 result:0	
05-25 12:46:50.186 E/        (20113): 3: -1.988037 result:0	
05-25 12:46:50.186 E/        (20113): secMM, Real-time value of score is frame 61 is 1.916138 with immCnt 0
05-25 12:46:50.186 D/        (20113): secMM: FAIL 2!!
05-25 12:46:50.191 E/        (20113): 2: 1.932068 result:0	
05-25 12:46:50.191 E/        (20113): 3: -1.717346 result:0	
05-25 12:46:50.191 E/        (20113): secMM, Real-time value of score is frame 62 is 1.932068 with immCnt 0
05-25 12:46:50.191 D/        (20113): secMM: FAIL 2!!
05-25 12:46:50.191 E/        (20113): 2: 1.939758 result:0	
05-25 12:46:50.191 E/        (20113): 3: -1.645508 result:0	
05-25 12:46:50.191 E/        (20113): secMM, Real-time value of score is frame 63 is 1.939758 with immCnt 0
05-25 12:46:50.191 D/        (20113): secMM: FAIL 2!!
05-25 12:46:50.191 E/        (20113): 2: 1.899353 result:0	
05-25 12:46:50.191 E/        (20113): 3: -1.566467 result:0	
05-25 12:46:50.191 E/        (20113): secMM, Real-time value of score is frame 64 is 1.899353 with immCnt 0
05-25 12:46:50.191 D/        (20113): secMM: FAIL 2!!
05-25 12:46:50.421 E/        (20113): 2: 1.868408 result:0	
05-25 12:46:50.421 E/        (20113): 3: -1.108093 result:0	
05-25 12:46:50.421 E/        (20113): secMM, Real-time value of score is frame 65 is 1.868408 with immCnt 0
05-25 12:46:50.421 D/        (20113): secMM: FAIL 2!!
05-25 12:46:50.421 E/        (20113): 2: 1.836426 result:0	
05-25 12:46:50.421 E/        (20113): 3: -0.785339 result:0	
05-25 12:46:50.421 E/        (20113): secMM, Real-time value of score is frame 66 is 1.836426 with immCnt 0
05-25 12:46:50.421 D/        (20113): secMM: FAIL 2!!
05-25 12:46:50.426 E/        (20113): 2: 1.807251 result:0	
05-25 12:46:50.426 E/        (20113): 3: -0.558289 result:0	
05-25 12:46:50.426 E/        (20113): secMM, Real-time value of score is frame 67 is 1.807251 with immCnt 0
05-25 12:46:50.426 D/        (20113): secMM: FAIL 2!!
05-25 12:46:50.431 E/        (20113): 2: 1.753906 result:0	
05-25 12:46:50.431 E/        (20113): 3: -0.476135 result:0	
05-25 12:46:50.431 E/        (20113): secMM, Real-time value of score is frame 68 is 1.753906 with immCnt 0
05-25 12:46:50.431 D/        (20113): secMM: FAIL 2!!
05-25 12:46:50.431 E/        (20113): 2: 1.775269 result:0	
05-25 12:46:50.431 E/        (20113): 3: -0.546814 result:0	
05-25 12:46:50.431 E/        (20113): secMM, Real-time value of score is frame 69 is 1.775269 with immCnt 0
05-25 12:46:50.431 D/        (20113): secMM: FAIL 2!!
05-25 12:46:50.436 E/        (20113): 2: 1.644409 result:0	
05-25 12:46:50.436 E/        (20113): 3: -0.527100 result:0	
05-25 12:46:50.436 E/        (20113): secMM, Real-time value of score is frame 70 is 1.644409 with immCnt 0
05-25 12:46:50.436 D/        (20113): secMM: FAIL 2!!
05-25 12:46:50.441 E/        (20113): 2: 1.779175 result:0	
05-25 12:46:50.441 E/        (20113): 3: -0.410339 result:0	
05-25 12:46:50.441 E/        (20113): secMM, Real-time value of score is frame 71 is 1.779175 with immCnt 0
05-25 12:46:50.441 D/        (20113): secMM: FAIL 2!!
05-25 12:46:50.446 E/        (20113): 2: 1.793030 result:0	
05-25 12:46:50.446 E/        (20113): 3: -0.296387 result:0	
05-25 12:46:50.446 E/        (20113): secMM, Real-time value of score is frame 72 is 1.793030 with immCnt 0
05-25 12:46:50.446 D/        (20113): secMM: FAIL 2!!
05-25 12:46:50.446 E/        (20113): 2: 1.662903 result:0	
05-25 12:46:50.446 E/        (20113): 3: -0.365356 result:0	
05-25 12:46:50.446 E/        (20113): secMM, Real-time value of score is frame 73 is 1.662903 with immCnt 0
05-25 12:46:50.446 D/        (20113): secMM: FAIL 2!!
05-25 12:46:50.451 E/        (20113): 2: 1.523560 result:0	
05-25 12:46:50.451 E/        (20113): 3: -0.634094 result:0	
05-25 12:46:50.451 E/        (20113): secMM, Real-time value of score is frame 74 is 1.523560 with immCnt 0
05-25 12:46:50.451 D/        (20113): secMM: FAIL 2!!
05-25 12:46:50.456 E/        (20113): 2: 1.716309 result:0	
05-25 12:46:50.456 E/        (20113): 3: -0.942261 result:0	
05-25 12:46:50.456 E/        (20113): secMM, Real-time value of score is frame 75 is 1.716309 with immCnt 0
05-25 12:46:50.456 D/        (20113): secMM: FAIL 2!!
05-25 12:46:50.456 E/        (20113): 2: 1.886108 result:0	
05-25 12:46:50.456 E/        (20113): 3: -1.048401 result:0	
05-25 12:46:50.456 E/        (20113): secMM, Real-time value of score is frame 76 is 1.886108 with immCnt 0
05-25 12:46:50.456 D/        (20113): secMM: FAIL 2!!
05-25 12:46:50.461 E/        (20113): 2: 1.918335 result:0	
05-25 12:46:50.461 E/        (20113): 3: -1.003357 result:0	
05-25 12:46:50.461 E/        (20113): secMM, Real-time value of score is frame 77 is 1.918335 with immCnt 0
05-25 12:46:50.461 D/        (20113): secMM: FAIL 2!!
05-25 12:46:50.461 E/        (20113): 2: 1.876404 result:0	
05-25 12:46:50.461 E/        (20113): 3: -0.942139 result:0	
05-25 12:46:50.461 E/        (20113): secMM, Real-time value of score is frame 78 is 1.876404 with immCnt 0
05-25 12:46:50.461 D/        (20113): secMM: FAIL 2!!
05-25 12:46:50.466 E/        (20113): 2: 1.819641 result:0	
05-25 12:46:50.466 E/        (20113): 3: -0.911682 result:0	
05-25 12:46:50.466 E/        (20113): secMM, Real-time value of score is frame 79 is 1.819641 with immCnt 0
05-25 12:46:50.466 D/        (20113): secMM: FAIL 2!!
05-25 12:46:50.466 E/        (20113): 2: 1.766174 result:0	
05-25 12:46:50.466 E/        (20113): 3: -0.857483 result:0	
05-25 12:46:50.466 E/        (20113): secMM, Real-time value of score is frame 80 is 1.766174 with immCnt 0
05-25 12:46:50.466 D/        (20113): secMM: FAIL 2!!
05-25 12:46:50.466 E/        (20113): 2: 1.706482 result:0	
05-25 12:46:50.466 E/        (20113): 3: -0.806580 result:0	
05-25 12:46:50.466 E/        (20113): secMM, Real-time value of score is frame 81 is 1.706482 with immCnt 0
05-25 12:46:50.466 D/        (20113): secMM: FAIL 2!!
05-25 12:46:50.466 E/        (20113): secMM: Model doesn't exist for Command 1
05-25 12:46:50.471 E/        (20113): secMM: In DestroyVerify MULTIPLE Wakeup... free spkHMM[1]
05-25 12:46:50.471 E/        (20113): secMM: In DestroyVerify MULTIPLE Wakeup... free spkHMM[2]
05-25 12:46:50.471 E/        (20113): secMM: Model doesn't exist for Command 4
05-25 12:46:50.471 E/        (20113): secMM: Model doesn't exist for Command 5
05-25 12:46:50.471 E/        (20113): secMM: In DestroyVerf ... free UBM
05-25 12:46:50.471 E/        (20113): secMM: Model doesn't exist for Command 1
05-25 12:46:50.471 E/        (20113): secMM: InitDecoder MULTIPLE Wakeup 2
05-25 12:46:50.471 E/        (20113): secMM: InitDecoder HMM[2]->Nstate is 23
05-25 12:46:50.471 E/        (20113): secMM: InitDecoder MULTIPLE Wakeup 3
05-25 12:46:50.471 E/        (20113): secMM: InitDecoder HMM[3]->Nstate is 19
05-25 12:46:50.471 E/        (20113): secMM: Model doesn't exist for Command 4
05-25 12:46:50.471 E/        (20113): secMM: Model doesn't exist for Command 5
05-25 12:46:50.471 E/        (20113): secMM: InitDecoder HMM[0]->Nstate is 3
05-25 12:46:50.471 E/        (20113): secMM, Test fails with utt (1.706482, 81 frame), numFalseTry = 3
05-25 12:46:50.471 D/        (20113): secMM: FAIL 3!!
05-25 12:46:50.471 D/        (20113): secMM: 3 FAILED ATTEMPTS ... LOCK mic!!
05-25 12:46:50.741 D/        (20113): secMM: VAD due to ch_enrg_dev = 1446
05-25 12:46:50.741 D/        (20113): secMM: VAD due to ch_enrg_dev = 1931
05-25 12:46:50.746 D/        (20113): secMM: VAD due to ch_enrg_dev = 1490
05-25 12:46:50.786 D/dalvikvm(20113): GC_CONCURRENT freed 13142K, 25% free 44491K/58584K, paused 7ms+6ms, total 56ms
05-25 12:46:52.336 D/BatteryService( 2925): update start
05-25 12:46:52.341 D/BatteryService( 2925): level:97, scale:100, status:2, health:2, present:true, voltage: 4315, temperature: 321, technology: Li-ion, AC powered:false, USB powered:true, Wireless powered:false, icon:17303320, invalid charger:0, online:4, charge type:1, current avg:460
05-25 12:46:52.341 D/BatteryService( 2925): Sending ACTION_BATTERY_CHANGED.
05-25 12:46:52.346 D/STATUSBAR-BatteryController( 3154): onReceive() - ACTION_BATTERY_CHANGED
05-25 12:46:52.346 D/STATUSBAR-BatteryController( 3154): onReceive() - BATTERY_STATUS_CHARGING:
05-25 12:46:52.351 D/STATUSBAR-PhoneStatusBar( 3154): NORMAL_BATTERY
05-25 12:46:52.366 D/IconMerger( 3154): overflowShown = false
05-25 12:46:52.366 D/IconMerger( 3154): moreRequired = false
05-25 12:46:52.551 E/        (20113): 2: -32699.218750 result:0	
05-25 12:46:52.551 E/        (20113): 3: -32699.218750 result:0	
05-25 12:46:52.551 E/        (20113): secMM, Real-time value of score is frame 0 is -32768.000000 with immCnt 0
05-25 12:46:52.821 E/        (20113): 2: -16317.002930 result:0	
05-25 12:46:52.821 E/        (20113): 3: -16317.002930 result:0	
05-25 12:46:52.821 E/        (20113): secMM, Real-time value of score is frame 1 is -32768.000000 with immCnt 0
05-25 12:46:52.821 E/        (20113): 2: -10854.568359 result:0	
05-25 12:46:52.821 E/        (20113): 3: -10854.568359 result:0	
05-25 12:46:52.821 E/        (20113): secMM, Real-time value of score is frame 2 is -32768.000000 with immCnt 0
05-25 12:46:52.826 E/        (20113): 2: -8123.414551 result:0	
05-25 12:46:52.826 E/        (20113): 3: -8123.414551 result:0	
05-25 12:46:52.826 E/        (20113): secMM, Real-time value of score is frame 3 is -32768.000000 with immCnt 0
05-25 12:46:52.831 E/        (20113): 2: -6483.259277 result:0	
05-25 12:46:52.831 E/        (20113): 3: -6483.259277 result:0	
05-25 12:46:52.831 E/        (20113): secMM, Real-time value of score is frame 4 is -32768.000000 with immCnt 0
05-25 12:46:52.831 E/        (20113): 2: -5390.545898 result:0	
05-25 12:46:52.831 E/        (20113): 3: -5390.545898 result:0	
05-25 12:46:52.831 E/        (20113): secMM, Real-time value of score is frame 5 is -32768.000000 with immCnt 0
05-25 12:46:52.836 E/        (20113): 2: -4609.690918 result:0	
05-25 12:46:52.836 E/        (20113): 3: -4609.690918 result:0	
05-25 12:46:52.836 E/        (20113): secMM, Real-time value of score is frame 6 is -32768.000000 with immCnt 0
05-25 12:46:52.836 E/        (20113): 2: -4024.418213 result:0	
05-25 12:46:52.836 E/        (20113): 3: -4024.418213 result:0	
05-25 12:46:52.836 E/        (20113): secMM, Real-time value of score is frame 7 is -32768.000000 with immCnt 0
05-25 12:46:52.841 E/        (20113): 2: -3568.396484 result:0	
05-25 12:46:52.841 E/        (20113): 3: -3568.396484 result:0	
05-25 12:46:52.841 E/        (20113): secMM, Real-time value of score is frame 8 is -32768.000000 with immCnt 0
05-25 12:46:52.846 E/        (20113): 2: -3204.733398 result:0	
05-25 12:46:52.846 E/        (20113): 3: -3204.733398 result:0	
05-25 12:46:52.846 E/        (20113): secMM, Real-time value of score is frame 9 is -32768.000000 with immCnt 0
05-25 12:46:52.846 E/        (20113): 2: -2907.216064 result:0	
05-25 12:46:52.846 E/        (20113): 3: -2907.216064 result:0	
05-25 12:46:52.846 E/        (20113): secMM, Real-time value of score is frame 10 is -32768.000000 with immCnt 0
05-25 12:46:52.851 E/        (20113): 2: -2659.622070 result:0	
05-25 12:46:52.851 E/        (20113): 3: -2659.622070 result:0	
05-25 12:46:52.851 E/        (20113): secMM, Real-time value of score is frame 11 is -32768.000000 with immCnt 0
05-25 12:46:52.851 E/        (20113): 2: -2449.876465 result:0	
05-25 12:46:52.851 E/        (20113): 3: -2449.876465 result:0	
05-25 12:46:52.851 E/        (20113): secMM, Real-time value of score is frame 12 is -32768.000000 with immCnt 0
05-25 12:46:52.856 E/        (20113): 2: -2269.420166 result:0	
05-25 12:46:52.856 E/        (20113): 3: -2269.420166 result:0	
05-25 12:46:52.856 E/        (20113): secMM, Real-time value of score is frame 13 is -32768.000000 with immCnt 0
05-25 12:46:52.861 E/        (20113): 2: -2112.945801 result:0	
05-25 12:46:52.861 E/        (20113): 3: -2112.945801 result:0	
05-25 12:46:52.861 E/        (20113): secMM, Real-time value of score is frame 14 is -32768.000000 with immCnt 0
05-25 12:46:52.861 E/        (20113): 2: -1976.610107 result:0	
05-25 12:46:52.861 E/        (20113): 3: -1976.610107 result:0	
05-25 12:46:52.861 E/        (20113): secMM, Real-time value of score is frame 15 is -32768.000000 with immCnt 0
05-25 12:46:52.861 E/        (20113): 2: -1855.670166 result:0	
05-25 12:46:52.861 E/        (20113): 3: -6.100159 result:0	
05-25 12:46:52.861 E/        (20113): secMM, Real-time value of score is frame 16 is -32768.000000 with immCnt 0
05-25 12:46:52.866 E/        (20113): 2: -1748.636230 result:0	
05-25 12:46:52.866 E/        (20113): 3: -4.195801 result:0	
05-25 12:46:52.866 E/        (20113): secMM, Real-time value of score is frame 17 is -32768.000000 with immCnt 0
05-25 12:46:52.866 E/        (20113): 2: -1652.537109 result:0	
05-25 12:46:52.866 E/        (20113): 3: -3.296875 result:0	
05-25 12:46:52.866 E/        (20113): secMM, Real-time value of score is frame 18 is -32768.000000 with immCnt 0
05-25 12:46:52.871 E/        (20113): 2: -1566.445923 result:0	
05-25 12:46:52.871 E/        (20113): 3: -1.846252 result:0	
05-25 12:46:52.871 E/        (20113): secMM, Real-time value of score is frame 19 is -1.846252 with immCnt 0
05-25 12:46:52.871 E/        (20113): 2: -3.933411 result:0	
05-25 12:46:52.871 E/        (20113): 3: -0.752197 result:0	
05-25 12:46:52.871 E/        (20113): secMM, Real-time value of score is frame 20 is -0.752197 with immCnt 0
05-25 12:46:52.871 E/        (20113): 2: -3.334106 result:0	
05-25 12:46:52.871 E/        (20113): 3: 1.101257 result:0	
05-25 12:46:52.871 E/        (20113): secMM, Real-time value of score is frame 21 is 1.101257 with immCnt 0
05-25 12:46:52.876 E/        (20113): 2: -2.823853 result:0	
05-25 12:46:52.876 E/        (20113): 3: 2.594666 result:0	
05-25 12:46:52.876 E/        (20113): secMM, Real-time value of score is frame 22 is 2.594666 with immCnt 0
05-25 12:46:52.876 E/        (20113): 2: -2.438477 result:0	
05-25 12:46:52.876 E/        (20113): 3: 3.269897 result:0	
05-25 12:46:52.876 E/        (20113): secMM, Real-time value of score is frame 23 is 3.269897 with immCnt 0
05-25 12:46:52.876 E/        (20113): 2: -1.994873 result:0	
05-25 12:46:52.876 E/        (20113): 3: 3.765015 result:3	
05-25 12:46:52.876 E/        (20113): secMM, Real-time value of score is frame 24 is 3.765015 with immCnt 0
05-25 12:46:52.881 E/        (20113): 2: -1.011719 result:0	
05-25 12:46:52.881 E/        (20113): 3: 4.053650 result:3	
05-25 12:46:52.881 E/        (20113): secMM, Real-time value of score is frame 25 is 4.053650 with immCnt 0
05-25 12:46:52.881 E/        (20113): 2: 0.163574 result:0	
05-25 12:46:52.881 E/        (20113): 3: 4.154297 result:3	
05-25 12:46:52.881 E/        (20113): secMM, Real-time value of score is frame 26 is 4.154297 with immCnt 0
05-25 12:46:52.886 E/        (20113): 2: 0.323242 result:0	
05-25 12:46:52.886 E/        (20113): 3: 4.193359 result:3	
05-25 12:46:52.886 E/        (20113): secMM, Real-time value of score is frame 27 is 4.193359 with immCnt 0
05-25 12:46:52.886 E/        (20113): 2: 0.485535 result:0	
05-25 12:46:52.886 E/        (20113): 3: 4.439270 result:3	
05-25 12:46:52.886 E/        (20113): secMM, Real-time value of score is frame 28 is 4.439270 with immCnt 0
05-25 12:46:52.886 E/        (20113): 2: 0.667908 result:0	
05-25 12:46:52.886 E/        (20113): 3: 4.848389 result:3	
05-25 12:46:52.886 E/        (20113): secMM, Real-time value of score is frame 29 is 4.848389 with immCnt 0
05-25 12:46:52.886 E/        (20113): secMM, immediate result decision==2 utt (4.848389, 29 frame)
05-25 12:46:52.891 E/        (20113): 2: 0.858093 result:0	
05-25 12:46:52.891 E/        (20113): 3: 5.103821 result:3	
05-25 12:46:52.891 E/        (20113): secMM, Real-time value of score is frame 30 is 5.103821 with immCnt 1
05-25 12:46:52.891 E/        (20113): secMM, immediate result decision==2 utt (5.103821, 30 frame)
05-25 12:46:53.121 E/        (20113): 2: 1.477600 result:0	
05-25 12:46:53.121 E/        (20113): 3: 5.671814 result:3	
05-25 12:46:53.121 E/        (20113): secMM, Real-time value of score is frame 31 is 5.671814 with immCnt 2
05-25 12:46:53.121 E/        (20113): secMM, immediate result decision==2 utt (5.671814, 31 frame)
05-25 12:46:53.121 E/        (20113): 2: 1.976135 result:0	
05-25 12:46:53.121 E/        (20113): 3: 6.062256 result:3	
05-25 12:46:53.121 E/        (20113): secMM, Real-time value of score is frame 32 is 6.062256 with immCnt 3
05-25 12:46:53.121 E/        (20113): secMM, immediate result decision==2 utt (6.062256, 32 frame)
05-25 12:46:53.126 E/        (20113): 2: 2.020569 result:0	
05-25 12:46:53.126 E/        (20113): 3: 6.244202 result:3	
05-25 12:46:53.126 E/        (20113): secMM, Real-time value of score is frame 33 is 6.244202 with immCnt 4
05-25 12:46:53.126 E/        (20113): secMM, immediate result decision==2 utt (6.244202, 33 frame)
05-25 12:46:53.131 E/        (20113): 2: 2.053467 result:0	
05-25 12:46:53.131 E/        (20113): 3: 6.305115 result:3	
05-25 12:46:53.131 E/        (20113): secMM, Real-time value of score is frame 34 is 6.305115 with immCnt 5
05-25 12:46:53.131 E/        (20113): secMM, immediate result decision==2 utt (6.305115, 34 frame)
05-25 12:46:53.131 E/        (20113): 2: 2.103210 result:0	
05-25 12:46:53.131 E/        (20113): 3: 6.355530 result:3	
05-25 12:46:53.131 E/        (20113): secMM, Real-time value of score is frame 35 is 6.355530 with immCnt 6
05-25 12:46:53.131 E/        (20113): secMM, immediate result decision==2 utt (6.355530, 35 frame)
05-25 12:46:53.136 E/        (20113): 2: 2.171936 result:0	
05-25 12:46:53.136 E/        (20113): 3: 6.473938 result:3	
05-25 12:46:53.136 E/        (20113): secMM, Real-time value of score is frame 36 is 6.473938 with immCnt 7
05-25 12:46:53.136 E/        (20113): secMM, immediate result decision==2 utt (6.473938, 36 frame)
05-25 12:46:53.141 E/        (20113): 2: 2.280579 result:0	
05-25 12:46:53.141 E/        (20113): 3: 6.678101 result:3	
05-25 12:46:53.141 E/        (20113): secMM, Real-time value of score is frame 37 is 6.678101 with immCnt 8
05-25 12:46:53.141 E/        (20113): secMM, immediate result decision==2 utt (6.678101, 37 frame)
05-25 12:46:53.146 E/        (20113): 2: 2.414673 result:0	
05-25 12:46:53.146 E/        (20113): 3: 6.861572 result:3	
05-25 12:46:53.146 E/        (20113): secMM, Real-time value of score is frame 38 is 6.861572 with immCnt 9
05-25 12:46:53.146 E/        (20113): secMM, immediate result decision==2 utt (6.861572, 38 frame)
05-25 12:46:53.146 E/        (20113): 2: 2.690796 result:0	
05-25 12:46:53.146 E/        (20113): 3: 6.955994 result:3	
05-25 12:46:53.146 E/        (20113): secMM, Real-time value of score is frame 39 is 6.955994 with immCnt 10
05-25 12:46:53.146 E/        (20113): secMM, immediate result decision==2 utt (6.955994, 39 frame)
05-25 12:46:53.151 E/        (20113): 2: 2.909729 result:0	
05-25 12:46:53.151 E/        (20113): 3: 7.111328 result:3	
05-25 12:46:53.151 E/        (20113): secMM, Real-time value of score is frame 40 is 7.111328 with immCnt 11
05-25 12:46:53.151 E/        (20113): secMM, immediate result decision==2 utt (7.111328, 40 frame)
05-25 12:46:53.156 E/        (20113): 2: 3.131592 result:0	
05-25 12:46:53.156 E/        (20113): 3: 7.303894 result:3	
05-25 12:46:53.156 E/        (20113): secMM, Real-time value of score is frame 41 is 7.303894 with immCnt 12
05-25 12:46:53.156 E/        (20113): secMM, immediate result decision==2 utt (7.303894, 41 frame)
05-25 12:46:53.156 E/        (20113): 2: 3.409119 result:0	
05-25 12:46:53.156 E/        (20113): 3: 7.472656 result:3	
05-25 12:46:53.156 E/        (20113): secMM, Real-time value of score is frame 42 is 7.472656 with immCnt 13
05-25 12:46:53.156 E/        (20113): secMM, immediate result decision==2 utt (7.472656, 42 frame)
05-25 12:46:53.161 E/        (20113): 2: 3.717041 result:2	
05-25 12:46:53.161 E/        (20113): 3: 7.633850 result:3	
05-25 12:46:53.161 E/        (20113): secMM, Real-time value of score is frame 43 is 7.633850 with immCnt 14
05-25 12:46:53.161 E/        (20113): secMM, immediate result decision==2 utt (7.633850, 43 frame)
05-25 12:46:53.161 E/        (20113): 2: 3.778503 result:2	
05-25 12:46:53.161 E/        (20113): 3: 7.551697 result:3	
05-25 12:46:53.161 E/        (20113): secMM, Real-time value of score is frame 44 is 7.551697 with immCnt 15
05-25 12:46:53.161 E/        (20113): secMM, immediate result decision==2 utt (7.551697, 44 frame)
05-25 12:46:53.166 E/        (20113): 2: 3.384827 result:0	
05-25 12:46:53.166 E/        (20113): 3: 7.135254 result:3	
05-25 12:46:53.166 E/        (20113): secMM, Real-time value of score is frame 45 is 7.135254 with immCnt 16
05-25 12:46:53.166 E/        (20113): secMM, immediate result decision==2 utt (7.135254, 45 frame)
05-25 12:46:53.166 E/        (20113): 2: 2.862549 result:0	
05-25 12:46:53.166 E/        (20113): 3: 6.473877 result:3	
05-25 12:46:53.166 E/        (20113): secMM, Real-time value of score is frame 46 is 6.473877 with immCnt 17
05-25 12:46:53.166 E/        (20113): secMM, immediate result decision==2 utt (6.473877, 46 frame)
05-25 12:46:53.166 E/        (20113): 2: 2.527161 result:0	
05-25 12:46:53.166 E/        (20113): 3: 5.880920 result:3	
05-25 12:46:53.166 E/        (20113): secMM, Real-time value of score is frame 47 is 5.880920 with immCnt 18
05-25 12:46:53.166 E/        (20113): secMM, immediate result decision==2 utt (5.880920, 47 frame)
05-25 12:46:53.171 E/        (20113): 2: 2.490051 result:0	
05-25 12:46:53.171 E/        (20113): 3: 5.532043 result:3	
05-25 12:46:53.171 E/        (20113): secMM, Real-time value of score is frame 48 is 5.532043 with immCnt 19
05-25 12:46:53.171 E/        (20113): secMM, immediate result decision==2 utt (5.532043, 48 frame)
05-25 12:46:53.171 E/        (20113): secMM, EPDbyHMM .... immCnt breaches 20 with decisionCnt 20
05-25 12:46:53.171 E/        (20113): secMM, immediate result decisionCnt>MIN_CONFIDENCE_FRAME_FOR_IMMEDIATE_DEC utt
05-25 12:46:53.171 E/        (20113): secMM, MULTI: Test succeeds with utt (7.633850, 48 frame, Command 3)
05-25 12:46:53.171 E/        (20113): secMM: After verification as Command 3, the cont_adaptFLAG is 1
05-25 12:46:53.171 E/        (20113): secMM: Performing continuous adaptation ... getting MFCC, modelStatus(8)
05-25 12:46:53.171 E/        (20113): secMM, ModStts: Current value of modelStatus is 8 for Command 3 in GetModelStatus
05-25 12:46:53.171 E/        (20113): secMM: In smartLoadENstr tempI1 = 4
05-25 12:46:53.171 E/        (20113): secMM: Current value of i in CreateEnroll_T is 0
05-25 12:46:53.176 E/        (20113): secMM: Current value of i in CreateEnroll_T is 1
05-25 12:46:53.176 E/        (20113): secMM: Current value of i in CreateEnroll_T is 2
05-25 12:46:53.181 E/        (20113): secMM: Current value of i in CreateEnroll_T is 3
05-25 12:46:53.181 E/        (20113): secMM: CreateEnroll_Test(addr: 717baed0, nUtts=4);
05-25 12:46:53.186 E/        (20113): secMM: In smartLoadENstr tempI1 = 8
05-25 12:46:53.186 E/        (20113): secMM: PATH 2!!
05-25 12:46:53.186 E/        (20113): secMM: 8 utterances in en structure while Smart loading
05-25 12:46:53.186 E/        (20113): secMM: Allocating memory when system is NOT completely ADAPTED!
05-25 12:46:53.186 E/        (20113): secMM: Current value of i in smartLoadENstr is 0
05-25 12:46:53.186 E/        (20113): secMM: In smartLoadENstr, 41 frames for utterance 1
05-25 12:46:53.186 E/        (20113): secMM: Mem allocated to log_value of utt 1
05-25 12:46:53.186 E/        (20113): secMM: Mem allocated to rank of utt 1
05-25 12:46:53.186 E/        (20113): secMM: Mem allocated to enroll_model of utt 1
05-25 12:46:53.186 E/        (20113): secMM: Current value of i in smartLoadENstr is 0
05-25 12:46:53.186 E/        (20113): secMM: Current value of i in smartLoadENstr is 1
05-25 12:46:53.186 E/        (20113): secMM: In smartLoadENstr, 39 frames for utterance 2
05-25 12:46:53.186 E/        (20113): secMM: Mem allocated to log_value of utt 2
05-25 12:46:53.186 E/        (20113): secMM: Mem allocated to rank of utt 2
05-25 12:46:53.186 E/        (20113): secMM: Mem allocated to enroll_model of utt 2
05-25 12:46:53.186 E/        (20113): secMM: Current value of i in smartLoadENstr is 1
05-25 12:46:53.186 E/        (20113): secMM: Current value of i in smartLoadENstr is 2
05-25 12:46:53.186 E/        (20113): secMM: In smartLoadENstr, 37 frames for utterance 3
05-25 12:46:53.186 E/        (20113): secMM: Mem allocated to log_value of utt 3
05-25 12:46:53.186 E/        (20113): secMM: Mem allocated to rank of utt 3
05-25 12:46:53.186 E/        (20113): secMM: Mem allocated to enroll_model of utt 3
05-25 12:46:53.191 E/        (20113): secMM: Current value of i in smartLoadENstr is 2
05-25 12:46:53.191 E/        (20113): secMM: Current value of i in smartLoadENstr is 3
05-25 12:46:53.191 E/        (20113): secMM: In smartLoadENstr, 34 frames for utterance 4
05-25 12:46:53.191 E/        (20113): secMM: Mem allocated to log_value of utt 4
05-25 12:46:53.191 E/        (20113): secMM: Mem allocated to rank of utt 4
05-25 12:46:53.191 E/        (20113): secMM: Mem allocated to enroll_model of utt 4
05-25 12:46:53.191 E/        (20113): secMM: Current value of i in smartLoadENstr is 3
05-25 12:46:53.191 E/        (20113): secMM: Current value of i in smartLoadENstr is 4
05-25 12:46:53.191 E/        (20113): secMM: In smartLoadENstr, 44 frames for utterance 5
05-25 12:46:53.191 E/        (20113): secMM: Mem allocated to log_value of utt 5
05-25 12:46:53.191 E/        (20113): secMM: Mem allocated to rank of utt 5
05-25 12:46:53.191 E/        (20113): secMM: Mem allocated to enroll_model of utt 5
05-25 12:46:53.191 E/        (20113): secMM: Current value of i in smartLoadENstr is 4
05-25 12:46:53.191 E/        (20113): secMM: Current value of i in smartLoadENstr is 5
05-25 12:46:53.191 E/        (20113): secMM: In smartLoadENstr, 39 frames for utterance 6
05-25 12:46:53.191 E/        (20113): secMM: Mem allocated to log_value of utt 6
05-25 12:46:53.191 E/        (20113): secMM: Mem allocated to rank of utt 6
05-25 12:46:53.191 E/        (20113): secMM: Mem allocated to enroll_model of utt 6
05-25 12:46:53.196 E/        (20113): secMM: Current value of i in smartLoadENstr is 5
05-25 12:46:53.196 E/        (20113): secMM: Current value of i in smartLoadENstr is 6
05-25 12:46:53.196 E/        (20113): secMM: In smartLoadENstr, 42 frames for utterance 7
05-25 12:46:53.196 E/        (20113): secMM: Mem allocated to log_value of utt 7
05-25 12:46:53.196 E/        (20113): secMM: Mem allocated to rank of utt 7
05-25 12:46:53.196 E/        (20113): secMM: Mem allocated to enroll_model of utt 7
05-25 12:46:53.196 E/        (20113): secMM: Current value of i in smartLoadENstr is 6
05-25 12:46:53.196 E/        (20113): secMM: Current value of i in smartLoadENstr is 7
05-25 12:46:53.196 E/        (20113): secMM: In smartLoadENstr, 51 frames for utterance 8
05-25 12:46:53.196 E/        (20113): secMM: Mem allocated to log_value of utt 8
05-25 12:46:53.196 E/        (20113): secMM: Mem allocated to rank of utt 8
05-25 12:46:53.196 E/        (20113): secMM: Mem allocated to enroll_model of utt 8
05-25 12:46:53.196 E/        (20113): secMM: Current value of i in smartLoadENstr is 7
05-25 12:46:53.196 E/        (20113): secMM: Current value of i in smartLoadENstr is 8
05-25 12:46:53.196 E/        (20113): secMM: Mem allocated to log_value of utt 9
05-25 12:46:53.196 E/        (20113): secMM: Mem allocated to rank of utt 9
05-25 12:46:53.196 E/        (20113): secMM: Mem allocated to enroll_model of utt 9
05-25 12:46:53.211 E/        (20113): secMM: Current value of i in smartLoadENstr is 8
05-25 12:46:53.211 E/        (20113): secMM: smartLoadENstr(addr: 6e60a240, nUtts=9);
05-25 12:46:53.211 E/        (20113): secMM: Nframes is 41 in contADAPT
05-25 12:46:53.231 E/        (20113): secMM: Nframes is 39 in contADAPT
05-25 12:46:53.251 E/        (20113): secMM: Nframes is 37 in contADAPT
05-25 12:46:53.261 E/        (20113): secMM: Nframes is 34 in contADAPT
05-25 12:46:53.266 E/        (20113): secMM: Value of ModelStatus at start of GenSpkModel is 8
05-25 12:46:53.276 E/        (20113): secMM: In GenSpkModel ... Maxframes is 41 and numberof utterance is 4
05-25 12:46:53.306 E/        (20113): secMM: DestroyEnroll_T(addr: 717baed0, nUtts=4);
05-25 12:46:53.306 E/        (20113): secMM: enFIN freed!
05-25 12:46:53.306 E/        (20113): secMM: EXITptr is 8 and FXcnt is 48
05-25 12:46:53.306 E/        (20113): secMM: UTT 1 has 41 frames
05-25 12:46:53.306 E/        (20113): secMM: UTT 2 has 39 frames
05-25 12:46:53.306 E/        (20113): secMM: UTT 3 has 37 frames
05-25 12:46:53.306 E/        (20113): secMM: UTT 4 has 34 frames
05-25 12:46:53.306 E/        (20113): secMM: UTT 5 has 44 frames
05-25 12:46:53.306 E/        (20113): secMM: UTT 6 has 39 frames
05-25 12:46:53.306 E/        (20113): secMM: UTT 7 has 42 frames
05-25 12:46:53.306 E/        (20113): secMM: UTT 8 has 51 frames
05-25 12:46:53.306 E/        (20113): secMM: UTT 9 has 49 frames
05-25 12:46:53.306 E/        (20113): secMM: UTT 1 has 236760064 frames
05-25 12:46:53.306 E/        (20113): secMM: Transferred current data to the EXIT pointer location 8!
05-25 12:46:53.306 E/        (20113): secMM: Model doesn't exist for Command 1
05-25 12:46:53.306 E/        (20113): secMM: In DestroyVerify MULTIPLE Wakeup... free spkHMM[1]
05-25 12:46:53.306 E/        (20113): secMM: In DestroyVerify MULTIPLE Wakeup... free spkHMM[2]
05-25 12:46:53.306 E/        (20113): secMM: Model doesn't exist for Command 4
05-25 12:46:53.306 E/        (20113): secMM: Model doesn't exist for Command 5
05-25 12:46:53.306 E/        (20113): secMM: In DestroyVerf ... free UBM
05-25 12:46:53.306 E/        (20113): secMM: CloseSV()
05-25 12:46:53.306 E/        (20113): secMM: Perform Continuous Adaptation Start!
05-25 12:46:53.306 E/        (20113): secMM: InitModel()
05-25 12:46:53.316 E/        (20113): secMM: InitDecoderCC HMM[1]->Nstate is 19
05-25 12:46:53.316 E/        (20113): secMM: InitDecoderCC HMM[0]->Nstate is 3
05-25 12:46:53.316 E/        (20113): secMM: In PerfContAdapt, current location of EXIT pointer is 8
05-25 12:46:53.316 E/        (20113): secMM: Number of utterances in enSmartADAPT is 9 during contADAPT
05-25 12:46:53.326 E/        (20113): secMM: MULTI Testing score for adaptation 1.890991
05-25 12:46:53.326 E/        (20113): secMM: no adaptation tempFscore = 1.890991
05-25 12:46:53.326 E/        (20113): secMM: CloseModel()
05-25 12:46:53.326 E/        (20113): secMM: Freeing memory in case of premature exit from ADAPT!
05-25 12:46:53.326 E/        (20113): secMM: smartDestroyEnroll(enSmartADAPT)
05-25 12:46:53.326 E/        (20113): secMM: smartDestroyEnroll(addr: 6e60a240, nUtts=9, ADAPTED=0);
05-25 12:46:53.326 E/        (20113): secMM: Freeing 0-th utterance!, allocframes(44)
05-25 12:46:53.326 E/        (20113): secMM: Freeing 1-th utterance!, allocframes(42)
05-25 12:46:53.326 E/        (20113): secMM: Freeing 2-th utterance!, allocframes(40)
05-25 12:46:53.326 E/        (20113): secMM: Freeing 3-th utterance!, allocframes(37)
05-25 12:46:53.326 E/        (20113): secMM: Freeing 4-th utterance!, allocframes(47)
05-25 12:46:53.326 E/        (20113): secMM: Freeing 5-th utterance!, allocframes(42)
05-25 12:46:53.326 E/        (20113): secMM: Freeing 6-th utterance!, allocframes(45)
05-25 12:46:53.326 E/        (20113): secMM: Freeing 7-th utterance!, allocframes(54)
05-25 12:46:53.326 E/        (20113): secMM: Freeing the EXITpt at 8
05-25 12:46:53.331 E/        (20113): secMM: enSmartADAPT structure freed inside smartDestoryEnroll!
05-25 12:46:53.331 E/        (20113): secMM: Continuous Adaptation done and adapted model saved!
05-25 12:46:53.336 I/CustomFrequencyManager( 2925): newFrequencyRequest  - mFrequency = 1200000, mTimeoutMs = -1, mPkgName = ACTIVITY_RESUME_BOOSTER@4
05-25 12:46:53.336 I/CustomFrequencyManager( 2925): Boost Request from package = ACTIVITY_RESUME_BOOSTER@4 frequency : 1200000type = 6
05-25 12:46:53.336 I/CustomFrequencyManager( 2925): !! pkgName = ACTIVITY_RESUME_BOOSTER@4
05-25 12:46:53.336 I/CustomFrequencyManager( 2925): Request from package name pkgName = ACTIVITY_RESUME_BOOSTER@4
05-25 12:46:53.336 I/CustomFrequencyManager( 2925): mContext is Not Null  mContext.pkgName = android
05-25 12:46:53.336 I/CustomFrequencyManager( 2925): 2 Old token will be reused!
05-25 12:46:53.336 I/CustomFrequencyManager( 2925): CPUDVFSControlRequest : doFrequencyRequest::  = 1200000 Timeout : -1
05-25 12:46:53.336 I/power   ( 2925): *** acquire_dvfs_lock : lockType : 1  freq : 1200000 
05-25 12:46:53.336 I/CustomFrequencyManager( 2925): newFrequencyRequest  - mFrequency = 266, mTimeoutMs = -1, mPkgName = ACTIVITY_RESUME_BOOSTER@5
05-25 12:46:53.336 I/CustomFrequencyManager( 2925): Boost Request from package = ACTIVITY_RESUME_BOOSTER@5 frequency : 266type = 1
05-25 12:46:53.336 I/CustomFrequencyManager( 2925): !! pkgName = ACTIVITY_RESUME_BOOSTER@5
05-25 12:46:53.336 I/CustomFrequencyManager( 2925): Request from package name pkgName = ACTIVITY_RESUME_BOOSTER@5
05-25 12:46:53.336 I/CustomFrequencyManager( 2925): mContext is Not Null  mContext.pkgName = android
05-25 12:46:53.336 I/CustomFrequencyManager( 2925): 2 Old token will be reused!
05-25 12:46:53.336 I/CustomFrequencyManager( 2925): GPU : doFrequencyRequest::  = 266 Timeout : -1
05-25 12:46:53.336 I/CustomFrequencyManager( 2925): GPU : doFrequencyRequest::  = 266 Timeout : -1
05-25 12:46:53.336 D/CustomFrequencyManagerService( 2925): acquireDVFSLockLocked : type : DVFS_MIN_LIMIT  frequency : 1200000  uid : 1000  pid : 2925  pkgName : ACTIVITY_RESUME_BOOSTER@4
05-25 12:46:53.336 W/ActivityManager( 2925): mDVFSHelper.acquire()
05-25 12:46:53.411 I/SurfaceFlinger( 2475): id=564(63) createSurf 0x407dfbac (1x1),2 flag=404, damera
05-25 12:46:53.411 D/svoicedebugging(20113): Focus onPause() of Svoice
05-25 12:46:53.411 W/ContextImpl( 2925): Calling a method in the system process without a qualified user: android.app.ContextImpl.sendBroadcast:1337 com.android.server.am.ActivityStack.startPausingLocked:1342 com.android.server.am.ActivityStack.resumeTopActivityLocked:2410 com.android.server.am.ActivityStack.resumeTopActivityLocked:2196 com.android.server.am.ActivityStack.resumeTopActivityLocked:2182 
05-25 12:46:53.416 V/WindowManager( 2925): Window{42926710 u0 Keyguard}mOrientationRequetedFromKeyguard=false
05-25 12:46:53.431 I/FSSDKsample(20113): Done
05-25 12:46:53.431 E/        (20113): secMM, TerminateVerify Start
05-25 12:46:53.431 E/        (20113): secMM, Sec_AL_Verify_Destroy Start
05-25 12:46:53.431 E/        (20113): secMM: DestroyEnroll(enTMP) in Destory Verify!
05-25 12:46:53.431 E/        (20113): secMM: DestroyEnroll(addr: 71217aa8, nUtts=1);
05-25 12:46:53.431 V/SmartFaceService - 3rd party pause( 2925): onReceive [android.intent.action.ACTIVITY_STATE/com.vlingo.midas/pause]
05-25 12:46:53.441 E/        (20113): secMM, Sec_AL_Verify_Destroy Done
05-25 12:46:53.441 E/        (20113): secMM, TerminateVerify End
05-25 12:46:53.441 D/getFieldID(20113): pm newWakeLock rel WakeLock{41f552d8 held=false, refCount=0} isHeld = false
05-25 12:46:53.451 E/SELinux (20393): selinux_android_seapp_context_reload: seapp_contexts file is loaded from /seapp_contexts
05-25 12:46:53.456 D/AudioHardwareTinyALSA( 2478): Entering AudioStreamInALSA standby mode
05-25 12:46:53.456 I/AudioHardwareTinyALSA( 2478): Close mHandle:42822668
05-25 12:46:53.456 W/ContextImpl( 2925): Calling a method in the system process without a qualified user: android.app.ContextImpl.sendBroadcast:1323 com.android.server.am.ActivityManagerService.computeOomAdjLocked:14825 com.android.server.am.ActivityManagerService.updateOomAdjLocked:15116 com.android.server.am.ActivityManagerService.updateOomAdjLocked:15224 com.android.server.am.ActiveServices.serviceDoneExecutingLocked:1461 
05-25 12:46:53.486 V/AudioPolicyManagerBase( 2478): stopInput() input 992
05-25 12:46:53.486 I/AudioHardwareTinyALSA( 2478): virtual android::status_t android::AudioStreamInALSA::setParameters(const android::String8&): routing=0
05-25 12:46:53.486 D/AudioHardwareTinyALSA( 2478): set2MicSleep the same preset - skip
05-25 12:46:53.486 W/ContextImpl( 2925): Calling a method in the system process without a qualified user: android.app.ContextImpl.sendBroadcast:1323 com.android.server.am.ActivityManagerService.cleanUpApplicationRecordLocked:12315 com.android.server.am.ActivityManagerService.handleAppDiedLocked:3552 com.android.server.am.ActivityManagerService.appDiedLocked:3656 com.android.server.am.ActivityManagerService$AppDeathRecipient.binderDied:998 
05-25 12:46:53.491 V/AudioPolicyManagerBase( 2478): releaseInput() 992
05-25 12:46:53.491 V/WindowOrientationListener( 2925): mSContextAutoRotationListener.getProposedRotation, mbResultFaceDectection: false
05-25 12:46:53.491 D/TinyUCM ( 2478): Disable Input dev(0x80000004)
05-25 12:46:53.491 V/WindowOrientationListener( 2925): mSContextAutoRotationListener.getProposedRotation, Rotation: -1
05-25 12:46:53.491 V/WindowOrientationListener( 2925): mSContextAutoRotationListener.getProposedRotation, mbResultFaceDectection: false
05-25 12:46:53.491 V/WindowManager( 2925): rotationForOrientationLw(orient=0, last=0); user=0  sensorRotation=-1 isCoverOpen=true mLidState=-1 mDockMode=0 mHdmiPlugged=false mAccelerometerDefault=false
05-25 12:46:53.496 V/WindowOrientationListener( 2925): mSContextAutoRotationListener.getProposedRotation, Rotation: -1
05-25 12:46:53.496 I/CustomFrequencyManager( 2925): newFrequencyRequest  - mFrequency = 1600000, mTimeoutMs = 2000, mPkgName = ROTATION_BOOSTER@10
05-25 12:46:53.496 I/CustomFrequencyManager( 2925): Boost Request from package = ROTATION_BOOSTER@10 frequency : 1600000type = 6
05-25 12:46:53.496 I/CustomFrequencyManager( 2925): !! pkgName = ROTATION_BOOSTER@10
05-25 12:46:53.496 I/CustomFrequencyManager( 2925): Request from package name pkgName = ROTATION_BOOSTER@10
05-25 12:46:53.496 I/CustomFrequencyManager( 2925): mContext is Not Null  mContext.pkgName = android
05-25 12:46:53.496 I/CustomFrequencyManager( 2925): 2 Old token will be reused!
05-25 12:46:53.496 I/CustomFrequencyManager( 2925): CPUDVFSControlRequest : doFrequencyRequest::  = 1600000 Timeout : 2000
05-25 12:46:53.496 I/power   ( 2925): *** acquire_dvfs_lock : lockType : 1  freq : 1600000 
05-25 12:46:53.496 D/AudioHardwareTinyALSA( 2478): Entering AudioStreamInALSA standby mode
05-25 12:46:53.496 V/AudioPolicyManagerBase( 2478): releaseInput() exit
05-25 12:46:53.496 D/InputDispatcher( 2925): setInputDispatchMode: enabled=1, frozen=1
05-25 12:46:53.496 I/SurfaceFlinger( 2475): id=565(117) createSurf 0x40005c6c (1080x1920),-1 flag=30004, GreezeSurfa
05-25 12:46:53.496 V/WindowManager( 2925): Application requested orientation 0, got rotation 1 which has compatible metrics
05-25 12:46:53.496 V/WindowManager( 2925): Rotation changed to 1 from 0, forceApp=0
05-25 12:46:53.496 D/SamsungWindowManager( 2925): setRotationLw() : rotation=1
05-25 12:46:53.496 D/CustomFrequencyManagerService( 2925): acquireDVFSLockLocked : type : DVFS_MIN_LIMIT  frequency : 1600000  uid : 1000  pid : 2925  pkgName : ROTATION_BOOSTER@10
05-25 12:46:53.526 I/SurfaceFlinger( 2475): Orientation 0=>1
05-25 12:46:53.526 I/Monitor ( 2925): SIOP:: Current AP = 350, CP = 0
05-25 12:46:53.526 D/WindowManager( 2925): computeScreenConfigurationLocked() set config.orientation=2 dw=1920 dh=1080 Callers=com.android.server.wm.WindowManagerService.computeNewConfigurationLocked:8311 com.android.server.wm.WindowManagerService.updateOrientationFromAppTokensLocked:5144 com.android.server.wm.WindowManagerService.updateOrientationFromAppTokens:5122 
05-25 12:46:53.526 D/PowerManagerService( 2925): setKeyboardVisibility: false
05-25 12:46:53.526 I/ActivityManager( 2925): Config changes=480 {Rect(0, 970 - 1080, 1024) 1536 0 1.0 ?mcc?mnc en_US ldltr sw360dp w640dp h335dp 480dpi nrml long land finger -keyb/v/h -nav/h s.25}
05-25 12:46:53.531 I/AmoledAdjustTimer( 2925): prevTemp = 322, currTemp = 321, prevStep = 4, currStep = 4
05-25 12:46:53.541 I/InputReader( 2925): Reconfiguring input devices.  changes=0x00000004
05-25 12:46:53.541 I/InputReader( 2925): Device reconfigured: id=2, name='sec_touchscreen', size 1080x1920, orientation 1, mode 1, display id 0
05-25 12:46:53.551 D/PhoneApp( 3302): updateProximitySensorMode: lock already released.
05-25 12:46:53.561 W/ContextImpl( 2925): Calling a method in the system process without a qualified user: android.app.ContextImpl.sendBroadcast:1323 com.android.internal.policy.impl.PhoneWindowManager.notifyToSSRM:4777 com.android.internal.policy.impl.PhoneWindowManager.access$200:226 com.android.internal.policy.impl.PhoneWindowManager$PolicyHandler.handleMessage:656 android.os.Handler.dispatchMessage:99 
05-25 12:46:53.566 D/PhoneStatusBarView( 3154): marqueeStatusBar:12, mClearCover:0
05-25 12:46:53.576 D/Mms/MmsApp( 4076): [start]    onConfigurationChanged(),newConfig={Rect(933, 75 - 987, 1005) 1536 0 1.0 ?mcc?mnc en_US ldltr sw360dp w640dp h335dp 480dpi nrml long land finger -keyb/v/h -nav/h s.25}
05-25 12:46:53.576 D/Mms/MmsApp( 4076): [end]    onConfigurationChanged(),newConfig={Rect(933, 75 - 987, 1005) 1536 0 1.0 ?mcc?mnc en_US ldltr sw360dp w640dp h335dp 480dpi nrml long land finger -keyb/v/h -nav/h s.25}
05-25 12:46:53.601 D/PointerIcon( 2925): setHoveringSpenIconStyle1 pointerType: 10001iconType:1 flag:0
05-25 12:46:53.601 D/PointerIcon( 2925): setHoveringSpenCustomIcon IconType is same.1
05-25 12:46:53.601 D/IconMerger( 3154): overflowShown = false
05-25 12:46:53.601 D/IconMerger( 3154): moreRequired = false
05-25 12:46:53.601 D/ActivityManager( 2925): killProcessesForMemoryLocked(471859200, 8, 23)
05-25 12:46:53.601 D/ActivityManager( 2925): Before kill : freeMemory 838225920, toBeKilled 0
05-25 12:46:53.601 W/ContextImpl( 2925): Calling a method in the system process without a qualified user: android.app.ContextImpl.sendBroadcast:1323 com.android.server.am.ActivityManagerService.computeOomAdjLocked:14831 com.android.server.am.ActivityManagerService.updateOomAdjLocked:15116 com.android.server.am.ActivityManagerService.updateOomAdjLocked:15311 com.android.server.am.ActivityManagerService.updateLruProcessLocked:2199 
05-25 12:46:53.606 W/ContextImpl( 2925): Calling a method in the system process without a qualified user: android.app.ContextImpl.sendBroadcast:1337 com.android.server.am.ActivityStack.realStartActivityLocked:957 com.android.server.am.ActivityManagerService.attachApplicationLocked:4994 com.android.server.am.ActivityManagerService.attachApplication:5086 android.app.ActivityManagerNative.onTransact:411 
05-25 12:46:53.611 V/SmartFaceService - 3rd party pause( 2925): onReceive [android.intent.action.ACTIVITY_STATE/com.sec.android.app.camera/create]
