--------- beginning of /dev/log/main
05-25 12:45:50.816 D/        (20113): secMM: FAIL 2!!
05-25 12:45:50.816 D/        (20113): secMM: FAIL 2!!
05-25 12:45:50.816 D/        (20113): secMM: FAIL 2!!
05-25 12:45:50.816 D/        (20113): secMM: FAIL 2!!
05-25 12:45:50.816 D/        (20113): secMM: FAIL 2!!
05-25 12:45:50.821 D/        (20113): secMM: FAIL 2!!
05-25 12:45:50.821 D/        (20113): secMM: FAIL 2!!
05-25 12:45:50.821 D/        (20113): secMM: FAIL 2!!
05-25 12:45:50.821 D/        (20113): secMM: FAIL 2!!
05-25 12:45:50.821 D/        (20113): secMM: FAIL 2!!
05-25 12:45:50.821 D/        (20113): secMM: FAIL 2!!
05-25 12:45:50.821 D/        (20113): secMM: FAIL 2!!
05-25 12:45:50.826 D/        (20113): secMM: FAIL 2!!
05-25 12:45:50.826 D/        (20113): secMM: FAIL 2!!
05-25 12:45:50.826 D/        (20113): secMM: FAIL 2!!
05-25 12:45:50.826 D/        (20113): secMM: FAIL 2!!
05-25 12:45:50.826 D/        (20113): secMM: FAIL 2!!
05-25 12:45:50.826 D/        (20113): secMM: FAIL 2!!
05-25 12:45:50.826 D/        (20113): secMM: FAIL 2!!
05-25 12:45:50.831 D/        (20113): secMM: FAIL 2!!
05-25 12:45:50.831 D/        (20113): secMM: FAIL 2!!
05-25 12:45:50.831 D/        (20113): secMM: FAIL 2!!
05-25 12:45:50.831 D/        (20113): secMM: FAIL 2!!
05-25 12:45:50.831 D/        (20113): secMM: FAIL 2!!
05-25 12:45:50.831 D/        (20113): secMM: FAIL 2!!
05-25 12:45:50.836 D/        (20113): secMM: FAIL 2!!
05-25 12:45:50.836 D/        (20113): secMM: FAIL 2!!
05-25 12:45:50.836 D/        (20113): secMM: FAIL 2!!
05-25 12:45:50.836 D/        (20113): secMM: FAIL 2!!
05-25 12:45:50.836 D/        (20113): secMM: FAIL 2!!
05-25 12:45:51.116 D/        (20113): secMM: FAIL 2!!
05-25 12:45:51.121 D/        (20113): secMM: FAIL 2!!
05-25 12:45:51.121 D/        (20113): secMM: FAIL 2!!
05-25 12:45:51.121 D/        (20113): secMM: FAIL 2!!
05-25 12:45:51.121 D/        (20113): secMM: FAIL 2!!
05-25 12:45:51.121 D/        (20113): secMM: FAIL 2!!
05-25 12:45:51.121 D/        (20113): secMM: FAIL 2!!
05-25 12:45:51.121 D/        (20113): secMM: FAIL 2!!
05-25 12:45:51.126 D/        (20113): secMM: FAIL 2!!
05-25 12:45:51.126 D/        (20113): secMM: FAIL 2!!
05-25 12:45:51.126 D/        (20113): secMM: FAIL 2!!
05-25 12:45:51.126 D/        (20113): secMM: FAIL 2!!
05-25 12:45:51.126 D/        (20113): secMM: FAIL 2!!
05-25 12:45:51.126 D/        (20113): secMM: FAIL 2!!
05-25 12:45:51.131 D/        (20113): secMM: FAIL 2!!
05-25 12:45:51.131 D/        (20113): secMM: FAIL 2!!
05-25 12:45:51.131 D/        (20113): secMM: FAIL 2!!
05-25 12:45:51.131 D/        (20113): secMM: FAIL 2!!
05-25 12:45:51.131 D/        (20113): secMM: FAIL 2!!
05-25 12:45:51.131 D/        (20113): secMM: FAIL 2!!
05-25 12:45:51.136 D/        (20113): secMM: FAIL 2!!
05-25 12:45:51.136 D/        (20113): secMM: FAIL 2!!
05-25 12:45:51.136 D/        (20113): secMM: FAIL 2!!
05-25 12:45:51.136 D/        (20113): secMM: FAIL 2!!
05-25 12:45:51.136 D/        (20113): secMM: FAIL 2!!
05-25 12:45:51.136 D/        (20113): secMM: FAIL 2!!
05-25 12:45:51.136 D/        (20113): secMM: FAIL 2!!
05-25 12:45:51.141 D/        (20113): secMM: FAIL 2!!
05-25 12:45:51.141 D/        (20113): secMM: FAIL 2!!
05-25 12:45:51.141 D/        (20113): secMM: FAIL 2!!
05-25 12:45:51.411 D/        (20113): secMM: FAIL 2!!
05-25 12:45:51.411 D/        (20113): secMM: FAIL 2!!
05-25 12:45:51.411 D/        (20113): secMM: FAIL 2!!
05-25 12:45:51.411 D/        (20113): secMM: FAIL 2!!
05-25 12:45:51.416 D/        (20113): secMM: FAIL 2!!
05-25 12:45:51.416 D/        (20113): secMM: FAIL 2!!
05-25 12:45:51.416 D/        (20113): secMM: FAIL 2!!
05-25 12:45:51.416 D/        (20113): secMM: FAIL 2!!
05-25 12:45:51.416 D/        (20113): secMM: FAIL 2!!
05-25 12:45:51.416 D/        (20113): secMM: FAIL 2!!
05-25 12:45:51.416 D/        (20113): secMM: FAIL 2!!
05-25 12:45:51.421 D/        (20113): secMM: FAIL 2!!
05-25 12:45:51.421 D/        (20113): secMM: FAIL 2!!
05-25 12:45:51.421 D/        (20113): secMM: FAIL 2!!
05-25 12:45:51.421 D/        (20113): secMM: FAIL 2!!
05-25 12:45:51.421 D/        (20113): secMM: FAIL 2!!
05-25 12:45:51.421 D/        (20113): secMM: FAIL 2!!
05-25 12:45:51.426 D/        (20113): secMM: FAIL 2!!
05-25 12:45:51.426 D/        (20113): secMM: FAIL 2!!
05-25 12:45:51.426 D/        (20113): secMM: FAIL 2!!
05-25 12:45:51.426 D/        (20113): secMM: FAIL 2!!
05-25 12:45:51.426 D/        (20113): secMM: FAIL 2!!
05-25 12:45:51.426 D/        (20113): secMM: FAIL 2!!
05-25 12:45:51.426 D/        (20113): secMM: FAIL 2!!
05-25 12:45:51.431 D/        (20113): secMM: FAIL 2!!
05-25 12:45:51.431 D/        (20113): secMM: FAIL 2!!
05-25 12:45:51.431 D/        (20113): secMM: FAIL 2!!
05-25 12:45:51.431 D/        (20113): secMM: FAIL 2!!
05-25 12:45:51.431 D/        (20113): secMM: FAIL 2!!
05-25 12:45:51.431 D/        (20113): secMM: FAIL 2!!
05-25 12:45:51.716 D/        (20113): secMM: FAIL 2!!
05-25 12:45:51.716 D/        (20113): secMM: FAIL 2!!
05-25 12:45:51.716 D/        (20113): secMM: FAIL 2!!
05-25 12:45:51.716 D/        (20113): secMM: FAIL 2!!
05-25 12:45:51.716 D/        (20113): secMM: FAIL 2!!
05-25 12:45:51.716 D/        (20113): secMM: FAIL 2!!
05-25 12:45:51.721 D/        (20113): secMM: FAIL 2!!
05-25 12:45:51.721 D/        (20113): secMM: FAIL 2!!
05-25 12:45:51.721 D/        (20113): secMM: FAIL 2!!
05-25 12:45:51.721 D/        (20113): secMM: FAIL 2!!
05-25 12:45:51.721 D/        (20113): secMM: FAIL 2!!
05-25 12:45:51.721 D/        (20113): secMM: FAIL 2!!
05-25 12:45:51.726 D/        (20113): secMM: FAIL 2!!
05-25 12:45:51.726 D/        (20113): secMM: FAIL 2!!
05-25 12:45:51.726 D/        (20113): secMM: FAIL 2!!
05-25 12:45:51.726 D/        (20113): secMM: FAIL 2!!
05-25 12:45:51.726 D/        (20113): secMM: FAIL 2!!
05-25 12:45:51.726 D/        (20113): secMM: FAIL 2!!
05-25 12:45:51.726 D/        (20113): secMM: FAIL 2!!
05-25 12:45:51.731 D/        (20113): secMM: FAIL 2!!
05-25 12:45:51.731 D/        (20113): secMM: FAIL 2!!
05-25 12:45:51.731 D/        (20113): secMM: FAIL 2!!
05-25 12:45:51.731 D/        (20113): secMM: FAIL 2!!
05-25 12:45:51.731 D/        (20113): secMM: FAIL 2!!
05-25 12:45:51.731 D/        (20113): secMM: FAIL 2!!
05-25 12:45:51.731 D/        (20113): secMM: FAIL 2!!
05-25 12:45:51.736 D/        (20113): secMM: FAIL 2!!
05-25 12:45:51.736 D/        (20113): secMM: FAIL 2!!
05-25 12:45:51.736 D/        (20113): secMM: FAIL 2!!
05-25 12:45:51.736 D/        (20113): secMM: FAIL 2!!
05-25 12:45:52.011 D/        (20113): secMM: FAIL 2!!
05-25 12:45:52.011 D/        (20113): secMM: FAIL 2!!
05-25 12:45:52.011 D/        (20113): secMM: FAIL 2!!
05-25 12:45:52.016 D/        (20113): secMM: FAIL 2!!
05-25 12:45:52.016 D/        (20113): secMM: FAIL 2!!
05-25 12:45:52.016 D/        (20113): secMM: FAIL 2!!
05-25 12:45:52.016 D/        (20113): secMM: FAIL 2!!
05-25 12:45:52.016 D/        (20113): secMM: FAIL 2!!
05-25 12:45:52.016 D/        (20113): secMM: FAIL 2!!
05-25 12:45:52.021 D/        (20113): secMM: FAIL 2!!
05-25 12:45:52.021 D/        (20113): secMM: FAIL 2!!
05-25 12:45:52.021 D/        (20113): secMM: FAIL 2!!
05-25 12:45:52.021 D/        (20113): secMM: FAIL 2!!
05-25 12:45:52.021 D/        (20113): secMM: FAIL 2!!
05-25 12:45:52.021 D/        (20113): secMM: FAIL 2!!
05-25 12:45:52.021 D/        (20113): secMM: FAIL 2!!
05-25 12:45:52.026 D/        (20113): secMM: FAIL 2!!
05-25 12:45:52.026 D/        (20113): secMM: FAIL 2!!
05-25 12:45:52.026 D/        (20113): secMM: FAIL 2!!
05-25 12:45:52.026 D/        (20113): secMM: FAIL 2!!
05-25 12:45:52.026 D/        (20113): secMM: FAIL 2!!
05-25 12:45:52.026 D/        (20113): secMM: FAIL 2!!
05-25 12:45:52.026 D/        (20113): secMM: FAIL 2!!
05-25 12:45:52.031 D/        (20113): secMM: FAIL 2!!
05-25 12:45:52.031 D/        (20113): secMM: FAIL 2!!
05-25 12:45:52.031 D/        (20113): secMM: FAIL 2!!
05-25 12:45:52.031 D/        (20113): secMM: FAIL 2!!
05-25 12:45:52.031 D/        (20113): secMM: FAIL 2!!
05-25 12:45:52.031 D/        (20113): secMM: FAIL 2!!
05-25 12:45:52.031 D/        (20113): secMM: FAIL 2!!
--------- beginning of /dev/log/system
05-25 12:45:52.226 D/BatteryService( 2925): update start
05-25 12:45:52.316 D/        (20113): secMM: FAIL 2!!
05-25 12:45:52.316 D/        (20113): secMM: FAIL 2!!
05-25 12:45:52.316 D/        (20113): secMM: FAIL 2!!
05-25 12:45:52.316 D/        (20113): secMM: FAIL 2!!
05-25 12:45:52.316 D/        (20113): secMM: FAIL 2!!
05-25 12:45:52.316 D/        (20113): secMM: FAIL 2!!
05-25 12:45:52.316 D/        (20113): secMM: FAIL 2!!
05-25 12:45:52.321 D/        (20113): secMM: FAIL 2!!
05-25 12:45:52.321 D/        (20113): secMM: FAIL 2!!
05-25 12:45:52.321 D/        (20113): secMM: FAIL 2!!
05-25 12:45:52.321 D/        (20113): secMM: FAIL 2!!
05-25 12:45:52.321 D/        (20113): secMM: FAIL 2!!
05-25 12:45:52.321 D/        (20113): secMM: FAIL 2!!
05-25 12:45:52.321 D/        (20113): secMM: FAIL 2!!
05-25 12:45:52.326 D/        (20113): secMM: FAIL 2!!
05-25 12:45:52.326 D/        (20113): secMM: FAIL 2!!
05-25 12:45:52.326 D/        (20113): secMM: FAIL 2!!
05-25 12:45:52.326 D/        (20113): secMM: FAIL 2!!
05-25 12:45:52.326 D/        (20113): secMM: FAIL 2!!
05-25 12:45:52.326 D/        (20113): secMM: FAIL 2!!
05-25 12:45:52.331 D/        (20113): secMM: FAIL 2!!
05-25 12:45:52.331 D/        (20113): secMM: FAIL 2!!
05-25 12:45:52.331 D/        (20113): secMM: FAIL 2!!
05-25 12:45:52.331 D/        (20113): secMM: FAIL 2!!
05-25 12:45:52.331 D/        (20113): secMM: FAIL 2!!
05-25 12:45:52.331 D/        (20113): secMM: FAIL 2!!
05-25 12:45:52.331 D/        (20113): secMM: FAIL 2!!
05-25 12:45:52.336 D/        (20113): secMM: FAIL 2!!
05-25 12:45:52.336 D/        (20113): secMM: FAIL 2!!
05-25 12:45:52.336 D/        (20113): secMM: FAIL 2!!
05-25 12:45:52.526 D/Sensorhubs( 2488): readContextData: 1, 1, 7, 0
05-25 12:45:52.526 D/SensorHubManager( 2925): onGetSensorHubDataLocked: library = 1, 1, 7, 0
05-25 12:45:52.526 D/CAE     ( 2925): onGetSensorHubData(SensorHubParserProvider.java:66) - onGetSensorHubData Event [event buffer len :4]
05-25 12:45:52.526 I/CAE     ( 2925): parse(SensorHubParserProvider.java:129) - buffer size = 4
05-25 12:45:52.531 I/CAE     ( 2925): parse(SensorHubParserProvider.java:140) - 1, 1, 7, 0, 
05-25 12:45:52.531 D/CAE     ( 2925): display(ContextProvider.java:430) - ================= AUTO_ROTATION =================
05-25 12:45:52.536 I/CAE     ( 2925): display(ContextProvider.java:446) - Angle=[0]
05-25 12:45:52.536 D/SContextService( 2925): sendEvent() : event = Auto Rotation
05-25 12:45:52.536 D/SContextUpdateContext( 2925): reportMessage : Service : Auto Rotation
05-25 12:45:52.536 D/SContextService( 2925): updateSContext() : event = Auto Rotation
05-25 12:45:52.536 V/WindowOrientationListener( 2925): mSContextAutoRotationListener.onSContextChanged, Rotation: 0
05-25 12:45:52.536 V/WindowOrientationListener( 2925): mSContextAutoRotationListener.getProposedRotation, mbResultFaceDectection: false
05-25 12:45:52.536 V/WindowOrientationListener( 2925): mSContextAutoRotationListener.getProposedRotation, Rotation: 0
05-25 12:45:52.536 V/WindowOrientationListener( 2925): mSContextAutoRotationListener.getProposedRotation, mbResultFaceDectection: false
05-25 12:45:52.536 V/WindowOrientationListener( 2925): mSContextAutoRotationListener.getProposedRotation, Rotation: 0
05-25 12:45:52.536 V/WindowManager( 2925): rotationForOrientationLw(orient=-1, last=0); user=0  sensorRotation=0 isCoverOpen=true mLidState=-1 mDockMode=0 mHdmiPlugged=false mAccelerometerDefault=false
05-25 12:45:52.541 V/WindowManager( 2925): Application requested orientation -1, got rotation 0 which has compatible metrics
05-25 12:45:52.611 D/        (20113): secMM: FAIL 2!!
05-25 12:45:52.616 D/        (20113): secMM: FAIL 2!!
05-25 12:45:52.616 D/        (20113): secMM: FAIL 2!!
05-25 12:45:52.616 D/        (20113): secMM: FAIL 2!!
05-25 12:45:52.616 D/        (20113): secMM: FAIL 2!!
05-25 12:45:52.616 D/        (20113): secMM: FAIL 2!!
05-25 12:45:52.616 D/        (20113): secMM: FAIL 2!!
05-25 12:45:52.616 D/        (20113): secMM: FAIL 2!!
05-25 12:45:52.621 D/        (20113): secMM: FAIL 2!!
05-25 12:45:52.621 D/        (20113): secMM: FAIL 2!!
05-25 12:45:52.621 D/        (20113): secMM: FAIL 2!!
05-25 12:45:52.621 D/        (20113): secMM: FAIL 2!!
05-25 12:45:52.621 D/        (20113): secMM: FAIL 2!!
05-25 12:45:52.621 D/        (20113): secMM: FAIL 2!!
05-25 12:45:52.621 D/        (20113): secMM: FAIL 2!!
05-25 12:45:52.626 D/        (20113): secMM: FAIL 2!!
05-25 12:45:52.626 D/        (20113): secMM: FAIL 2!!
05-25 12:45:52.626 D/        (20113): secMM: FAIL 2!!
05-25 12:45:52.626 D/        (20113): secMM: FAIL 2!!
05-25 12:45:52.626 D/        (20113): secMM: FAIL 2!!
05-25 12:45:52.626 D/        (20113): secMM: FAIL 2!!
05-25 12:45:52.626 D/        (20113): secMM: FAIL 2!!
05-25 12:45:52.631 D/        (20113): secMM: FAIL 2!!
05-25 12:45:52.631 D/        (20113): secMM: FAIL 2!!
05-25 12:45:52.631 D/        (20113): secMM: FAIL 2!!
05-25 12:45:52.631 D/        (20113): secMM: FAIL 2!!
05-25 12:45:52.631 D/        (20113): secMM: FAIL 2!!
05-25 12:45:52.631 D/        (20113): secMM: FAIL 2!!
05-25 12:45:52.636 D/        (20113): secMM: FAIL 2!!
05-25 12:45:52.636 D/        (20113): secMM: FAIL 2!!
05-25 12:45:52.911 D/        (20113): secMM: FAIL 2!!
05-25 12:45:52.911 D/        (20113): secMM: FAIL 2!!
05-25 12:45:52.911 D/        (20113): secMM: FAIL 2!!
05-25 12:45:52.916 D/        (20113): secMM: FAIL 2!!
05-25 12:45:52.916 D/        (20113): secMM: FAIL 2!!
05-25 12:45:52.916 D/        (20113): secMM: FAIL 2!!
05-25 12:45:52.916 D/        (20113): secMM: FAIL 2!!
05-25 12:45:52.916 D/        (20113): secMM: FAIL 2!!
05-25 12:45:52.916 D/        (20113): secMM: FAIL 2!!
05-25 12:45:52.921 D/        (20113): secMM: FAIL 2!!
05-25 12:45:52.921 D/        (20113): secMM: FAIL 2!!
05-25 12:45:52.921 D/        (20113): secMM: FAIL 2!!
05-25 12:45:52.921 D/        (20113): secMM: FAIL 2!!
05-25 12:45:52.921 D/        (20113): secMM: FAIL 2!!
05-25 12:45:52.921 D/        (20113): secMM: FAIL 2!!
05-25 12:45:52.921 D/        (20113): secMM: FAIL 2!!
05-25 12:45:52.926 D/        (20113): secMM: FAIL 2!!
05-25 12:45:52.926 D/        (20113): secMM: FAIL 2!!
05-25 12:45:52.926 D/        (20113): secMM: FAIL 2!!
05-25 12:45:52.926 D/        (20113): secMM: FAIL 2!!
05-25 12:45:52.926 D/        (20113): secMM: FAIL 2!!
05-25 12:45:52.926 D/        (20113): secMM: FAIL 2!!
05-25 12:45:52.931 D/        (20113): secMM: FAIL 2!!
05-25 12:45:52.931 D/        (20113): secMM: FAIL 2!!
05-25 12:45:52.931 D/        (20113): secMM: FAIL 2!!
05-25 12:45:52.931 D/        (20113): secMM: FAIL 2!!
05-25 12:45:52.931 D/        (20113): secMM: FAIL 2!!
05-25 12:45:52.931 D/        (20113): secMM: FAIL 2!!
05-25 12:45:52.931 D/        (20113): secMM: FAIL 2!!
05-25 12:45:52.936 D/        (20113): secMM: FAIL 2!!
05-25 12:45:53.211 D/        (20113): secMM: FAIL 2!!
05-25 12:45:53.211 D/        (20113): secMM: FAIL 2!!
05-25 12:45:53.211 D/        (20113): secMM: FAIL 2!!
05-25 12:45:53.211 D/        (20113): secMM: FAIL 2!!
05-25 12:45:53.211 D/        (20113): secMM: FAIL 2!!
05-25 12:45:53.216 D/        (20113): secMM: FAIL 2!!
05-25 12:45:53.216 D/        (20113): secMM: FAIL 2!!
05-25 12:45:53.216 D/        (20113): secMM: FAIL 2!!
05-25 12:45:53.216 D/        (20113): secMM: FAIL 2!!
05-25 12:45:53.216 D/        (20113): secMM: FAIL 2!!
05-25 12:45:53.216 D/        (20113): secMM: FAIL 2!!
05-25 12:45:53.221 D/        (20113): secMM: FAIL 2!!
05-25 12:45:53.221 D/        (20113): secMM: FAIL 2!!
05-25 12:45:53.221 D/        (20113): secMM: FAIL 2!!
05-25 12:45:53.221 D/        (20113): secMM: FAIL 2!!
05-25 12:45:53.221 D/        (20113): secMM: FAIL 2!!
05-25 12:45:53.221 D/        (20113): secMM: FAIL 2!!
05-25 12:45:53.221 D/        (20113): secMM: FAIL 2!!
05-25 12:45:53.226 D/        (20113): secMM: FAIL 2!!
05-25 12:45:53.226 D/        (20113): secMM: FAIL 2!!
05-25 12:45:53.226 D/        (20113): secMM: FAIL 2!!
05-25 12:45:53.226 D/        (20113): secMM: FAIL 2!!
05-25 12:45:53.226 D/        (20113): secMM: FAIL 2!!
05-25 12:45:53.226 D/        (20113): secMM: FAIL 2!!
05-25 12:45:53.226 D/        (20113): secMM: FAIL 2!!
05-25 12:45:53.231 D/        (20113): secMM: FAIL 2!!
05-25 12:45:53.231 D/        (20113): secMM: FAIL 2!!
05-25 12:45:53.231 D/        (20113): secMM: FAIL 2!!
05-25 12:45:53.231 D/        (20113): secMM: FAIL 2!!
05-25 12:45:53.231 D/        (20113): secMM: FAIL 2!!
05-25 12:45:53.511 D/        (20113): secMM: FAIL 2!!
05-25 12:45:53.511 D/        (20113): secMM: FAIL 2!!
05-25 12:45:53.511 D/        (20113): secMM: FAIL 2!!
05-25 12:45:53.516 D/        (20113): secMM: FAIL 2!!
05-25 12:45:53.516 D/        (20113): secMM: FAIL 2!!
05-25 12:45:53.516 D/        (20113): secMM: FAIL 2!!
05-25 12:45:53.516 D/        (20113): secMM: FAIL 2!!
05-25 12:45:53.516 D/        (20113): secMM: FAIL 2!!
05-25 12:45:53.516 D/        (20113): secMM: FAIL 2!!
05-25 12:45:53.516 D/        (20113): secMM: FAIL 2!!
05-25 12:45:53.521 D/        (20113): secMM: FAIL 2!!
05-25 12:45:53.521 D/        (20113): secMM: FAIL 2!!
05-25 12:45:53.521 D/        (20113): secMM: FAIL 2!!
05-25 12:45:53.521 D/        (20113): secMM: FAIL 2!!
05-25 12:45:53.521 D/        (20113): secMM: FAIL 2!!
05-25 12:45:53.521 D/        (20113): secMM: FAIL 2!!
05-25 12:45:53.526 D/        (20113): secMM: FAIL 2!!
05-25 12:45:53.526 D/        (20113): secMM: FAIL 2!!
05-25 12:45:53.526 D/        (20113): secMM: FAIL 2!!
05-25 12:45:53.526 I/Monitor ( 2925): SIOP:: Current AP = 360, CP = 0
05-25 12:45:53.526 D/        (20113): secMM: FAIL 2!!
05-25 12:45:53.531 D/        (20113): secMM: FAIL 2!!
05-25 12:45:53.531 D/        (20113): secMM: FAIL 2!!
05-25 12:45:53.531 D/        (20113): secMM: FAIL 2!!
05-25 12:45:53.531 I/AmoledAdjustTimer( 2925): prevTemp = 323, currTemp = 323, prevStep = 4, currStep = 4
05-25 12:45:53.536 D/        (20113): secMM: FAIL 2!!
05-25 12:45:53.536 E/        (20113): 2: -32700.169922 result:0	
05-25 12:45:53.536 E/        (20113): 3: -32700.169922 result:0	
05-25 12:45:53.536 E/        (20113): secMM, Real-time value of score is frame 0 is -32768.000000 with immCnt 0
05-25 12:45:53.536 D/        (20113): secMM: FAIL 2!!
05-25 12:45:53.541 E/        (20113): 2: -16316.960938 result:0	
05-25 12:45:53.541 E/        (20113): 3: -16316.960938 result:0	
05-25 12:45:53.541 E/        (20113): secMM, Real-time value of score is frame 1 is -32768.000000 with immCnt 0
05-25 12:45:53.541 D/        (20113): secMM: FAIL 2!!
05-25 12:45:53.546 E/        (20113): 2: -10852.703125 result:0	
05-25 12:45:53.546 E/        (20113): 3: -10852.703125 result:0	
05-25 12:45:53.546 E/        (20113): secMM, Real-time value of score is frame 2 is -32768.000000 with immCnt 0
05-25 12:45:53.546 D/        (20113): secMM: FAIL 2!!
05-25 12:45:53.551 E/        (20113): 2: -8120.372559 result:0	
05-25 12:45:53.551 E/        (20113): 3: -8120.372559 result:0	
05-25 12:45:53.551 E/        (20113): secMM, Real-time value of score is frame 3 is -32768.000000 with immCnt 0
05-25 12:45:53.551 D/        (20113): secMM: FAIL 2!!
05-25 12:45:53.551 E/        (20113): 2: -6480.356934 result:0	
05-25 12:45:53.556 E/        (20113): 3: -6480.356934 result:0	
05-25 12:45:53.556 E/        (20113): secMM, Real-time value of score is frame 4 is -32768.000000 with immCnt 0
05-25 12:45:53.556 D/        (20113): secMM: FAIL 2!!
05-25 12:45:53.556 E/        (20113): 2: -5387.557617 result:0	
05-25 12:45:53.556 E/        (20113): 3: -5387.557617 result:0	
05-25 12:45:53.556 E/        (20113): secMM, Real-time value of score is frame 5 is -32768.000000 with immCnt 0
05-25 12:45:53.556 D/        (20113): secMM: FAIL 2!!
05-25 12:45:53.776 E/        (20113): 2: -4607.361816 result:0	
05-25 12:45:53.776 E/        (20113): 3: -4607.361816 result:0	
05-25 12:45:53.776 E/        (20113): secMM, Real-time value of score is frame 6 is -32768.000000 with immCnt 0
05-25 12:45:53.776 D/        (20113): secMM: FAIL 2!!
05-25 12:45:53.776 E/        (20113): 2: -4022.383545 result:0	
05-25 12:45:53.776 E/        (20113): 3: -4022.383545 result:0	
05-25 12:45:53.781 E/        (20113): secMM, Real-time value of score is frame 7 is -32768.000000 with immCnt 0
05-25 12:45:53.781 D/        (20113): secMM: FAIL 2!!
05-25 12:45:53.781 E/        (20113): 2: -3566.896973 result:0	
05-25 12:45:53.781 E/        (20113): 3: -3566.896973 result:0	
05-25 12:45:53.786 E/        (20113): secMM, Real-time value of score is frame 8 is -32768.000000 with immCnt 0
05-25 12:45:53.786 D/        (20113): secMM: FAIL 2!!
05-25 12:45:53.791 E/        (20113): 2: -3203.292969 result:0	
05-25 12:45:53.791 E/        (20113): 3: -3203.292969 result:0	
05-25 12:45:53.791 E/        (20113): secMM, Real-time value of score is frame 9 is -32768.000000 with immCnt 0
05-25 12:45:53.791 D/        (20113): secMM: FAIL 2!!
05-25 12:45:53.796 E/        (20113): 2: -2905.257812 result:0	
05-25 12:45:53.796 E/        (20113): 3: -2905.257812 result:0	
05-25 12:45:53.796 E/        (20113): secMM, Real-time value of score is frame 10 is -32768.000000 with immCnt 0
05-25 12:45:53.796 D/        (20113): secMM: FAIL 2!!
05-25 12:45:53.796 E/        (20113): 2: -2656.804688 result:0	
05-25 12:45:53.796 E/        (20113): 3: -2656.804688 result:0	
05-25 12:45:53.801 E/        (20113): secMM, Real-time value of score is frame 11 is -32768.000000 with immCnt 0
05-25 12:45:53.801 D/        (20113): secMM: FAIL 2!!
05-25 12:45:53.801 E/        (20113): 2: -2446.455566 result:0	
05-25 12:45:53.801 E/        (20113): 3: -2446.455566 result:0	
05-25 12:45:53.801 E/        (20113): secMM, Real-time value of score is frame 12 is -32768.000000 with immCnt 0
05-25 12:45:53.801 D/        (20113): secMM: FAIL 2!!
05-25 12:45:53.806 E/        (20113): 2: -2266.290527 result:0	
05-25 12:45:53.806 E/        (20113): 3: -2266.290527 result:0	
05-25 12:45:53.806 E/        (20113): secMM, Real-time value of score is frame 13 is -32768.000000 with immCnt 0
05-25 12:45:53.806 D/        (20113): secMM: FAIL 2!!
05-25 12:45:53.811 E/        (20113): 2: -2110.393799 result:0	
05-25 12:45:53.811 E/        (20113): 3: -2110.393799 result:0	
05-25 12:45:53.811 E/        (20113): secMM, Real-time value of score is frame 14 is -32768.000000 with immCnt 0
05-25 12:45:53.811 D/        (20113): secMM: FAIL 2!!
05-25 12:45:53.816 E/        (20113): 2: -1974.826294 result:0	
05-25 12:45:53.816 E/        (20113): 3: -1974.826294 result:0	
05-25 12:45:53.816 E/        (20113): secMM, Real-time value of score is frame 15 is -32768.000000 with immCnt 0
05-25 12:45:53.816 D/        (20113): secMM: FAIL 2!!
05-25 12:45:53.821 E/        (20113): 2: -1854.164673 result:0	
05-25 12:45:53.821 E/        (20113): 3: -5.663696 result:0	
05-25 12:45:53.821 E/        (20113): secMM, Real-time value of score is frame 16 is -32768.000000 with immCnt 0
05-25 12:45:53.821 D/        (20113): secMM: FAIL 2!!
05-25 12:45:53.826 E/        (20113): 2: -1747.552979 result:0	
05-25 12:45:53.826 E/        (20113): 3: -5.285095 result:0	
05-25 12:45:53.826 E/        (20113): secMM, Real-time value of score is frame 17 is -32768.000000 with immCnt 0
05-25 12:45:53.826 D/        (20113): secMM: FAIL 2!!
05-25 12:45:53.826 E/        (20113): 2: -1652.017334 result:0	
05-25 12:45:53.831 E/        (20113): 3: -5.040344 result:0	
05-25 12:45:53.831 E/        (20113): secMM, Real-time value of score is frame 18 is -32768.000000 with immCnt 0
05-25 12:45:53.831 D/        (20113): secMM: FAIL 2!!
05-25 12:45:53.831 E/        (20113): 2: -1566.238892 result:0	
05-25 12:45:53.831 E/        (20113): 3: -4.762085 result:0	
05-25 12:45:53.836 E/        (20113): secMM, Real-time value of score is frame 19 is -4.762085 with immCnt 0
05-25 12:45:53.836 D/        (20113): secMM: FAIL 2!!
05-25 12:45:53.836 E/        (20113): 2: -7.814636 result:0	
05-25 12:45:53.836 E/        (20113): 3: -4.543030 result:0	
05-25 12:45:53.836 E/        (20113): secMM, Real-time value of score is frame 20 is -4.543030 with immCnt 0
05-25 12:45:53.836 D/        (20113): secMM: FAIL 2!!
05-25 12:45:53.841 E/        (20113): 2: -7.390869 result:0	
05-25 12:45:53.841 E/        (20113): 3: -4.000916 result:0	
05-25 12:45:53.841 E/        (20113): secMM, Real-time value of score is frame 21 is -4.000916 with immCnt 0
05-25 12:45:53.841 D/        (20113): secMM: FAIL 2!!
05-25 12:45:53.846 E/        (20113): 2: -6.660583 result:0	
05-25 12:45:53.846 E/        (20113): 3: -3.749329 result:0	
05-25 12:45:53.846 E/        (20113): secMM, Real-time value of score is frame 22 is -3.749329 with immCnt 0
05-25 12:45:53.846 D/        (20113): secMM: FAIL 2!!
05-25 12:45:53.851 E/        (20113): 2: -5.635254 result:0	
05-25 12:45:53.851 E/        (20113): 3: -3.774292 result:0	
05-25 12:45:53.851 E/        (20113): secMM, Real-time value of score is frame 23 is -3.774292 with immCnt 0
05-25 12:45:53.851 D/        (20113): secMM: FAIL 2!!
05-25 12:45:53.856 E/        (20113): 2: -5.428345 result:0	
05-25 12:45:53.856 E/        (20113): 3: -3.832947 result:0	
05-25 12:45:53.856 E/        (20113): secMM, Real-time value of score is frame 24 is -3.832947 with immCnt 0
05-25 12:45:53.856 D/        (20113): secMM: FAIL 2!!
05-25 12:45:53.861 E/        (20113): 2: -5.231384 result:0	
05-25 12:45:53.861 E/        (20113): 3: -4.025330 result:0	
05-25 12:45:53.861 E/        (20113): secMM, Real-time value of score is frame 25 is -4.025330 with immCnt 0
05-25 12:45:53.861 D/        (20113): secMM: FAIL 2!!
05-25 12:45:53.861 E/        (20113): 2: -5.017761 result:0	
05-25 12:45:53.861 E/        (20113): 3: -4.074646 result:0	
05-25 12:45:53.861 E/        (20113): secMM, Real-time value of score is frame 26 is -4.074646 with immCnt 0
05-25 12:45:53.861 D/        (20113): secMM: FAIL 2!!
05-25 12:45:53.866 E/        (20113): 2: -4.908752 result:0	
05-25 12:45:53.866 E/        (20113): 3: -4.055603 result:0	
05-25 12:45:53.866 E/        (20113): secMM, Real-time value of score is frame 27 is -4.055603 with immCnt 0
05-25 12:45:53.866 D/        (20113): secMM: FAIL 2!!
05-25 12:45:53.866 E/        (20113): 2: -4.829529 result:0	
05-25 12:45:53.866 E/        (20113): 3: -3.674316 result:0	
05-25 12:45:53.866 E/        (20113): secMM, Real-time value of score is frame 28 is -3.674316 with immCnt 0
05-25 12:45:53.866 D/        (20113): secMM: FAIL 2!!
05-25 12:45:53.871 E/        (20113): 2: -4.789368 result:0	
05-25 12:45:53.871 E/        (20113): 3: -3.481323 result:0	
05-25 12:45:53.871 E/        (20113): secMM, Real-time value of score is frame 29 is -3.481323 with immCnt 0
05-25 12:45:53.871 D/        (20113): secMM: FAIL 2!!
05-25 12:45:53.871 E/        (20113): 2: -4.664490 result:0	
05-25 12:45:53.871 E/        (20113): 3: -3.225342 result:0	
05-25 12:45:53.871 E/        (20113): secMM, Real-time value of score is frame 30 is -3.225342 with immCnt 0
05-25 12:45:53.871 D/        (20113): secMM: FAIL 2!!
05-25 12:45:53.876 E/        (20113): 2: -4.555908 result:0	
05-25 12:45:53.876 E/        (20113): 3: -3.038696 result:0	
05-25 12:45:53.876 E/        (20113): secMM, Real-time value of score is frame 31 is -3.038696 with immCnt 0
05-25 12:45:53.876 D/        (20113): secMM: FAIL 2!!
05-25 12:45:53.876 E/        (20113): 2: -4.405090 result:0	
05-25 12:45:53.876 E/        (20113): 3: -2.860229 result:0	
05-25 12:45:53.876 E/        (20113): secMM, Real-time value of score is frame 32 is -2.860229 with immCnt 0
05-25 12:45:53.876 D/        (20113): secMM: FAIL 2!!
05-25 12:45:53.881 E/        (20113): 2: -4.323059 result:0	
05-25 12:45:53.881 E/        (20113): 3: -2.483887 result:0	
05-25 12:45:53.881 E/        (20113): secMM, Real-time value of score is frame 33 is -2.483887 with immCnt 0
05-25 12:45:53.881 D/        (20113): secMM: FAIL 2!!
05-25 12:45:53.881 E/        (20113): 2: -3.685913 result:0	
05-25 12:45:53.881 E/        (20113): 3: -2.561707 result:0	
05-25 12:45:53.881 E/        (20113): secMM, Real-time value of score is frame 34 is -2.561707 with immCnt 0
05-25 12:45:53.881 D/        (20113): secMM: FAIL 2!!
05-25 12:45:53.881 E/        (20113): 2: -3.460510 result:0	
05-25 12:45:53.881 E/        (20113): 3: -2.707642 result:0	
05-25 12:45:53.886 E/        (20113): secMM, Real-time value of score is frame 35 is -2.707642 with immCnt 0
05-25 12:45:53.886 D/        (20113): secMM: FAIL 2!!
05-25 12:45:54.056 E/        (20113): 2: -3.320435 result:0	
05-25 12:45:54.056 E/        (20113): 3: -2.492615 result:0	
05-25 12:45:54.056 E/        (20113): secMM, Real-time value of score is frame 36 is -2.492615 with immCnt 0
05-25 12:45:54.056 D/        (20113): secMM: FAIL 2!!
05-25 12:45:54.061 E/        (20113): 2: -3.027100 result:0	
05-25 12:45:54.061 E/        (20113): 3: -2.229492 result:0	
05-25 12:45:54.061 E/        (20113): secMM, Real-time value of score is frame 37 is -2.229492 with immCnt 0
05-25 12:45:54.061 D/        (20113): secMM: FAIL 2!!
05-25 12:45:54.061 E/        (20113): 2: -2.946472 result:0	
05-25 12:45:54.061 E/        (20113): 3: -2.082275 result:0	
05-25 12:45:54.066 E/        (20113): secMM, Real-time value of score is frame 38 is -2.082275 with immCnt 0
05-25 12:45:54.066 D/        (20113): secMM: FAIL 2!!
05-25 12:45:54.066 E/        (20113): 2: -2.853333 result:0	
05-25 12:45:54.066 E/        (20113): 3: -2.106201 result:0	
05-25 12:45:54.066 E/        (20113): secMM, Real-time value of score is frame 39 is -2.106201 with immCnt 0
05-25 12:45:54.066 D/        (20113): secMM: FAIL 2!!
05-25 12:45:54.071 E/        (20113): 2: -2.862915 result:0	
05-25 12:45:54.071 E/        (20113): 3: -2.060974 result:0	
05-25 12:45:54.071 E/        (20113): secMM, Real-time value of score is frame 40 is -2.060974 with immCnt 0
05-25 12:45:54.071 D/        (20113): secMM: FAIL 2!!
05-25 12:45:54.076 E/        (20113): 2: -2.810852 result:0	
05-25 12:45:54.076 E/        (20113): 3: -2.008789 result:0	
05-25 12:45:54.076 E/        (20113): secMM, Real-time value of score is frame 41 is -2.008789 with immCnt 0
05-25 12:45:54.076 D/        (20113): secMM: FAIL 2!!
05-25 12:45:54.076 E/        (20113): 2: -2.709595 result:0	
05-25 12:45:54.076 E/        (20113): 3: -1.948364 result:0	
05-25 12:45:54.076 E/        (20113): secMM, Real-time value of score is frame 42 is -1.948364 with immCnt 0
05-25 12:45:54.076 D/        (20113): secMM: FAIL 2!!
05-25 12:45:54.081 E/        (20113): 2: -2.566284 result:0	
05-25 12:45:54.081 E/        (20113): 3: -1.938293 result:0	
05-25 12:45:54.081 E/        (20113): secMM, Real-time value of score is frame 43 is -1.938293 with immCnt 0
05-25 12:45:54.081 D/        (20113): secMM: FAIL 2!!
05-25 12:45:54.086 E/        (20113): 2: -2.362427 result:0	
05-25 12:45:54.086 E/        (20113): 3: -2.071106 result:0	
05-25 12:45:54.086 E/        (20113): secMM, Real-time value of score is frame 44 is -2.071106 with immCnt 0
05-25 12:45:54.086 D/        (20113): secMM: FAIL 2!!
05-25 12:45:54.086 E/        (20113): 2: -2.284485 result:0	
05-25 12:45:54.086 E/        (20113): 3: -2.142212 result:0	
05-25 12:45:54.086 E/        (20113): secMM, Real-time value of score is frame 45 is -2.142212 with immCnt 0
05-25 12:45:54.086 D/        (20113): secMM: FAIL 2!!
05-25 12:45:54.091 E/        (20113): 2: -2.126953 result:0	
05-25 12:45:54.091 E/        (20113): 3: -2.111511 result:0	
05-25 12:45:54.091 E/        (20113): secMM, Real-time value of score is frame 46 is -2.111511 with immCnt 0
05-25 12:45:54.091 D/        (20113): secMM: FAIL 2!!
05-25 12:45:54.096 E/        (20113): 2: -1.940613 result:0	
05-25 12:45:54.096 E/        (20113): 3: -1.979004 result:0	
05-25 12:45:54.096 E/        (20113): secMM, Real-time value of score is frame 47 is -1.940613 with immCnt 0
05-25 12:45:54.096 D/        (20113): secMM: FAIL 2!!
05-25 12:45:54.096 E/        (20113): 2: -1.898621 result:0	
05-25 12:45:54.096 E/        (20113): 3: -1.881592 result:0	
05-25 12:45:54.096 E/        (20113): secMM, Real-time value of score is frame 48 is -1.881592 with immCnt 0
05-25 12:45:54.096 D/        (20113): secMM: FAIL 2!!
05-25 12:45:54.101 E/        (20113): 2: -1.874573 result:0	
05-25 12:45:54.101 E/        (20113): 3: -1.772156 result:0	
05-25 12:45:54.101 E/        (20113): secMM, Real-time value of score is frame 49 is -1.772156 with immCnt 0
05-25 12:45:54.101 D/        (20113): secMM: FAIL 2!!
05-25 12:45:54.106 E/        (20113): 2: -1.818970 result:0	
05-25 12:45:54.106 E/        (20113): 3: -1.642456 result:0	
05-25 12:45:54.106 E/        (20113): secMM, Real-time value of score is frame 50 is -1.642456 with immCnt 0
05-25 12:45:54.106 D/        (20113): secMM: FAIL 2!!
05-25 12:45:54.106 E/        (20113): 2: -1.771057 result:0	
05-25 12:45:54.106 E/        (20113): 3: -1.565796 result:0	
05-25 12:45:54.106 E/        (20113): secMM, Real-time value of score is frame 51 is -1.565796 with immCnt 0
05-25 12:45:54.106 D/        (20113): secMM: FAIL 2!!
05-25 12:45:54.111 E/        (20113): 2: -1.731079 result:0	
05-25 12:45:54.111 E/        (20113): 3: -1.505432 result:0	
05-25 12:45:54.111 E/        (20113): secMM, Real-time value of score is frame 52 is -1.505432 with immCnt 0
05-25 12:45:54.111 D/        (20113): secMM: FAIL 2!!
05-25 12:45:54.116 E/        (20113): 2: -1.712585 result:0	
05-25 12:45:54.116 E/        (20113): 3: -1.465271 result:0	
05-25 12:45:54.116 E/        (20113): secMM, Real-time value of score is frame 53 is -1.465271 with immCnt 0
05-25 12:45:54.116 D/        (20113): secMM: FAIL 2!!
05-25 12:45:54.116 E/        (20113): 2: -1.723999 result:0	
05-25 12:45:54.116 E/        (20113): 3: -1.468994 result:0	
05-25 12:45:54.116 E/        (20113): secMM, Real-time value of score is frame 54 is -1.468994 with immCnt 0
05-25 12:45:54.116 D/        (20113): secMM: FAIL 2!!
05-25 12:45:54.121 E/        (20113): 2: -1.707947 result:0	
05-25 12:45:54.121 E/        (20113): 3: -1.412537 result:0	
05-25 12:45:54.121 E/        (20113): secMM, Real-time value of score is frame 55 is -1.412537 with immCnt 0
05-25 12:45:54.121 D/        (20113): secMM: FAIL 2!!
05-25 12:45:54.126 E/        (20113): 2: -1.694214 result:0	
05-25 12:45:54.126 E/        (20113): 3: -1.298035 result:0	
05-25 12:45:54.126 E/        (20113): secMM, Real-time value of score is frame 56 is -1.298035 with immCnt 0
05-25 12:45:54.126 D/        (20113): secMM: FAIL 2!!
05-25 12:45:54.126 E/        (20113): 2: -1.727478 result:0	
05-25 12:45:54.126 E/        (20113): 3: -1.187500 result:0	
05-25 12:45:54.126 E/        (20113): secMM, Real-time value of score is frame 57 is -1.187500 with immCnt 0
05-25 12:45:54.126 D/        (20113): secMM: FAIL 2!!
05-25 12:45:54.131 E/        (20113): 2: -1.725342 result:0	
05-25 12:45:54.131 E/        (20113): 3: -1.021301 result:0	
05-25 12:45:54.131 E/        (20113): secMM, Real-time value of score is frame 58 is -1.021301 with immCnt 0
05-25 12:45:54.131 D/        (20113): secMM: FAIL 2!!
05-25 12:45:54.136 E/        (20113): 2: -1.727661 result:0	
05-25 12:45:54.136 E/        (20113): 3: -0.943787 result:0	
05-25 12:45:54.136 E/        (20113): secMM, Real-time value of score is frame 59 is -0.943787 with immCnt 0
05-25 12:45:54.136 D/        (20113): secMM: FAIL 2!!
05-25 12:45:54.136 E/        (20113): 2: -1.652161 result:0	
05-25 12:45:54.136 E/        (20113): 3: -0.867554 result:0	
05-25 12:45:54.136 E/        (20113): secMM, Real-time value of score is frame 60 is -0.867554 with immCnt 0
05-25 12:45:54.136 D/        (20113): secMM: FAIL 2!!
05-25 12:45:54.141 E/        (20113): 2: -1.550720 result:0	
05-25 12:45:54.141 E/        (20113): 3: -0.810242 result:0	
05-25 12:45:54.141 E/        (20113): secMM, Real-time value of score is frame 61 is -0.810242 with immCnt 0
05-25 12:45:54.141 D/        (20113): secMM: FAIL 2!!
05-25 12:45:54.146 E/        (20113): 2: -1.399597 result:0	
05-25 12:45:54.146 E/        (20113): 3: -0.862366 result:0	
05-25 12:45:54.146 E/        (20113): secMM, Real-time value of score is frame 62 is -0.862366 with immCnt 0
05-25 12:45:54.146 D/        (20113): secMM: FAIL 2!!
05-25 12:45:54.151 E/        (20113): 2: -1.504272 result:0	
05-25 12:45:54.151 E/        (20113): 3: -1.148315 result:0	
05-25 12:45:54.151 E/        (20113): secMM, Real-time value of score is frame 63 is -1.148315 with immCnt 0
05-25 12:45:54.151 D/        (20113): secMM: FAIL 2!!
05-25 12:45:54.156 E/        (20113): 2: -1.712158 result:0	
05-25 12:45:54.156 E/        (20113): 3: -1.478394 result:0	
05-25 12:45:54.156 E/        (20113): secMM, Real-time value of score is frame 64 is -1.478394 with immCnt 0
05-25 12:45:54.156 D/        (20113): secMM: FAIL 2!!
05-25 12:45:54.156 E/        (20113): 2: -1.929321 result:0	
05-25 12:45:54.156 E/        (20113): 3: -1.756287 result:0	
05-25 12:45:54.156 E/        (20113): secMM, Real-time value of score is frame 65 is -1.756287 with immCnt 0
05-25 12:45:54.156 D/        (20113): secMM: FAIL 2!!
05-25 12:45:54.371 I/FSSDKsample(20113): ***RESULT=hi galaxy score=2030.000000
05-25 12:45:54.371 I/FSSDKsample(20113): 89355 89655 hi 0.00
05-25 12:45:54.371 I/FSSDKsample(20113): 89655 90180 galaxy 0.00
05-25 12:45:54.371 I/FSSDKsample(20113): 89355 89400 h 0.00
05-25 12:45:54.371 I/FSSDKsample(20113): 89400 89565 a 0.00
05-25 12:45:54.371 I/FSSDKsample(20113): 89565 89655 I 0.00
05-25 12:45:54.371 I/FSSDKsample(20113): 89655 89730 g 0.00
05-25 12:45:54.371 I/FSSDKsample(20113): 89730 89835 @ 0.00
05-25 12:45:54.371 I/FSSDKsample(20113): 89835 89880 l 0.00
05-25 12:45:54.371 I/FSSDKsample(20113): 89880 89940 I 0.00
05-25 12:45:54.371 I/FSSDKsample(20113): 89940 89985 k_c 0.00
05-25 12:45:54.371 I/FSSDKsample(20113): 89985 90105 s 0.00
05-25 12:45:54.371 I/FSSDKsample(20113): 90105 90180 i 0.00
05-25 12:45:54.396 V/MediaPlayer-JNI(20113): native_setup
05-25 12:45:54.396 V/MediaPlayer(20113): constructor
05-25 12:45:54.401 V/MediaPlayer(20113): setListener
05-25 12:45:54.406 I/FSSDKsample(20113): Done
05-25 12:45:54.406 E/        (20113): secMM, TerminateVerify Start
05-25 12:45:54.406 E/        (20113): secMM, Sec_AL_Verify_Destroy Start
05-25 12:45:54.406 E/        (20113): secMM, Sec_AL_Verify_Destroy Done
05-25 12:45:54.406 E/        (20113): secMM, TerminateVerify End
05-25 12:45:54.426 W/ContextImpl( 2925): Calling a method in the system process without a qualified user: android.app.ContextImpl.sendBroadcast:1323 com.android.server.am.ActivityManagerService.cleanUpApplicationRecordLocked:12315 com.android.server.am.ActivityManagerService.handleAppDiedLocked:3552 com.android.server.am.ActivityManagerService.appDiedLocked:3656 com.android.server.am.ActivityManagerService$AppDeathRecipient.binderDied:998 
05-25 12:45:54.431 D/AudioHardwareTinyALSA( 2478): Entering AudioStreamInALSA standby mode
05-25 12:45:54.431 I/AudioHardwareTinyALSA( 2478): Close mHandle:42739008
05-25 12:45:54.431 W/ContextImpl( 2925): Calling a method in the system process without a qualified user: android.app.ContextImpl.sendBroadcast:1323 com.android.server.am.ActivityManagerService.cleanUpApplicationRecordLocked:12315 com.android.server.am.ActivityManagerService.handleAppDiedLocked:3552 com.android.server.am.ActivityManagerService.appDiedLocked:3656 com.android.server.am.ActivityManagerService$AppDeathRecipient.binderDied:998 
05-25 12:45:54.446 W/ContextImpl( 2925): Calling a method in the system process without a qualified user: android.app.ContextImpl.sendBroadcast:1323 com.android.server.am.ActivityManagerService.cleanUpApplicationRecordLocked:12315 com.android.server.am.ActivityManagerService.handleAppDiedLocked:3552 com.android.server.am.ActivityManagerService.appDiedLocked:3656 com.android.server.am.ActivityManagerService$AppDeathRecipient.binderDied:998 
05-25 12:45:54.446 W/ContextImpl( 2925): Calling a method in the system process without a qualified user: android.app.ContextImpl.sendBroadcast:1323 com.android.server.am.ActivityManagerService.cleanUpApplicationRecordLocked:12315 com.android.server.am.ActivityManagerService.handleAppDiedLocked:3552 com.android.server.am.ActivityManagerService.appDiedLocked:3656 com.android.server.am.ActivityManagerService$AppDeathRecipient.binderDied:998 
05-25 12:45:54.471 W/ContextImpl( 2925): Calling a method in the system process without a qualified user: android.app.ContextImpl.sendBroadcast:1323 com.android.server.am.ActivityManagerService.cleanUpApplicationRecordLocked:12315 com.android.server.am.ActivityManagerService.handleAppDiedLocked:3552 com.android.server.am.ActivityManagerService.appDiedLocked:3656 com.android.server.am.ActivityManagerService$AppDeathRecipient.binderDied:998 
05-25 12:45:54.476 V/AudioPolicyManagerBase( 2478): stopInput() input 980
05-25 12:45:54.481 I/AudioHardwareTinyALSA( 2478): virtual android::status_t android::AudioStreamInALSA::setParameters(const android::String8&): routing=0
05-25 12:45:54.481 D/AudioHardwareTinyALSA( 2478): set2MicSleep the same preset - skip
05-25 12:45:54.481 V/AudioPolicyManagerBase( 2478): releaseInput() 980
05-25 12:45:54.481 D/BluetoothAdapter(20113): 1107452664: getState() :  mService = null. Returning STATE_OFF
05-25 12:45:54.481 D/BluetoothAdapter(20113): 1107452664: getState() :  mService = null. Returning STATE_OFF
05-25 12:45:54.481 D/TinyUCM ( 2478): Disable Input dev(0x80000004)
05-25 12:45:54.481 W/Vlingo  (20113): setState: DIALOG_BUSY
05-25 12:45:54.486 D/AudioHardwareTinyALSA( 2478): Entering AudioStreamInALSA standby mode
05-25 12:45:54.486 V/AudioPolicyManagerBase( 2478): releaseInput() exit
05-25 12:45:54.486 W/Vlingo  (20113): setState: ASR_GETTING_READY
05-25 12:45:54.486 D/lights  ( 2925): button : 1 +
05-25 12:45:54.486 D/PowerManagerService( 2925): [api] acquire WakeLock flags=0x3000001a tag=VlingoMain uid=10113 pid=20113
05-25 12:45:54.521 D/lights  ( 2925): button : 1 -
05-25 12:45:54.536 D/BluetoothAdapter(20113): 1107452664: getState() :  mService = null. Returning STATE_OFF
05-25 12:45:54.536 D/BluetoothAdapter(20113): 1107452664: getState() :  mService = null. Returning STATE_OFF
05-25 12:45:54.536 D/BluetoothAdapter(20113): 1107452664: getState() :  mService = null. Returning STATE_OFF
05-25 12:45:54.541 D/BluetoothAdapter(20113): 1107452664: getState() :  mService = null. Returning STATE_OFF
05-25 12:45:54.546 V/AudioPolicyManagerBase( 2478): getOutput() stream 3, samplingRate 0, format 0, channelMask 3, flags 0
05-25 12:45:54.546 V/AudioPolicyManagerBase( 2478): getOutputsForDevice device 0002 -> 0002
05-25 12:45:54.546 V/AudioPolicyManagerBase( 2478): getOutput() returns output 2
05-25 12:45:54.546 V/AudioPolicyManagerBase( 2478): getOutput() stream 3, samplingRate 0, format 0, channelMask 3, flags 0
05-25 12:45:54.546 V/AudioPolicyManagerBase( 2478): getOutputsForDevice device 0002 -> 0002
05-25 12:45:54.546 V/AudioPolicyManagerBase( 2478): getOutput() returns output 2
05-25 12:45:54.546 V/AudioPolicyManagerBase( 2478): getOutput() stream 3, samplingRate 0, format 0, channelMask 3, flags 0
05-25 12:45:54.546 V/AudioPolicyManagerBase( 2478): getOutputsForDevice device 0002 -> 0002
05-25 12:45:54.546 V/AudioPolicyManagerBase( 2478): getOutput() returns output 2
05-25 12:45:54.551 V/AudioPolicyManagerBase( 2478): getOutput() stream 3, samplingRate 0, format 0, channelMask 3, flags 0
05-25 12:45:54.551 V/AudioPolicyManagerBase( 2478): getOutputsForDevice device 0002 -> 0002
05-25 12:45:54.551 V/AudioPolicyManagerBase( 2478): getOutput() returns output 2
05-25 12:45:54.551 V/AudioPolicyManagerBase( 2478): getOutput() stream 3, samplingRate 0, format 0, channelMask 3, flags 0
05-25 12:45:54.551 V/AudioPolicyManagerBase( 2478): getOutputsForDevice device 0002 -> 0002
05-25 12:45:54.551 V/AudioPolicyManagerBase( 2478): getOutput() returns output 2
05-25 12:45:54.551 V/AudioPolicyManagerBase( 2478): getOutput() stream 3, samplingRate 22050, format 1, channelMask 1, flags 0
05-25 12:45:54.551 V/AudioPolicyManagerBase( 2478): getOutputsForDevice device 0002 -> 0002
05-25 12:45:54.551 V/AudioPolicyManagerBase( 2478): getOutput() returns output 2
05-25 12:45:54.556 I/Reverb  (20113):  getpid() 20113, IPCThreadState::self()->getCallingPid() 20113
05-25 12:45:54.556 V/LvOutput( 2478): initCheck: 0
05-25 12:45:54.556 V/LvOutput( 2478): attachEffects: attach processing to output 2, stream 3, session 983, mode 0
05-25 12:45:54.556 V/LvOutput( 2478): attachEffects: no output processing needs to be attached to this stream
05-25 12:45:54.556 V/LvOutput( 2478): LvOutput::setAllProcessorEnabled(false) mOutputs.size(0)
05-25 12:45:54.556 V/AudioPolicyManagerBase( 2478): startOutput() output 2, stream 3, session 983
05-25 12:45:54.556 V/AudioPolicyManagerBase( 2478): changeRefCount() stream 3, count 1
05-25 12:45:54.556 V/AudioPolicyManagerBase( 2478): getNewDevice() selected device 2
05-25 12:45:54.556 V/AudioPolicyManagerBase( 2478): getNewDevice() selected device 2
05-25 12:45:54.556 V/AudioPolicyManagerBase( 2478): checkOutputForStrategy(0002,0002,3)
05-25 12:45:54.556 V/AudioPolicyManagerBase( 2478): getOutputsForDevice device 0002 -> 0002
05-25 12:45:54.556 V/AudioPolicyManagerBase( 2478): getOutputsForDevice device 0002 -> 0002
05-25 12:45:54.556 E/AudioResampler( 2478): Unsupported sample format, 1 bits, 1 channels
05-25 12:45:54.556 I/AudioResampler( 2478): new MM resampler(22050 -> 48000, 1)
05-25 12:45:54.556 I/AudioHardwareTinyALSA( 2478): AudioStreamOutALSA::write setDevice
05-25 12:45:54.556 I/AudioHardwareTinyALSA( 2478): enable_hdmi_audio:0
05-25 12:45:54.556 D/AudioHardwareTinyALSA( 2478): OutALSA::setDevice: mode = 0, newDevice=0x2, currentDevice=0x2 ,force= 0
05-25 12:45:54.556 D/AudioHardwareTinyALSA( 2478): OutALSA::setDevice: mDevice 0x2, newDevice = 0x2
05-25 12:45:54.556 D/AudioHardwareTinyALSA( 2478): setOutputVolume
05-25 12:45:54.556 D/TinyUCM ( 2478): setModifier Normal, en=1
05-25 12:45:54.556 I/AudioHardwareTinyALSA( 2478): OutALSA::setDevice: mHandle NULL mode[0], Device[00000002] nDevice:0 
05-25 12:45:54.556 I/AudioHardwareTinyALSA( 2478): Open:+ mDefaults->direction=0 device=0
05-25 12:45:54.556 D/AudioHardwareTinyALSA( 2478): Channel: 2, Samplerate: 48000, Format: 0, Peroid Size: 960, Period Count: 4
05-25 12:45:54.576 I/AudioHardwareTinyALSA( 2478): Open:- mDefaults->direction=0 device=0 mHandle: 428242d8
05-25 12:45:54.576 D/AudioHardwareTinyALSA( 2478): setPcmInterface: Stream=0x1, iSamplerate=16000++
05-25 12:45:54.576 D/AudioHardwareTinyALSA( 2478): setPcmInterface--
05-25 12:45:54.581 E/VoiceEngineWrapper(20113): getInstance() : get existed VoiceEngine
05-25 12:45:54.581 E/        (20113): secMM, NS_Create
05-25 12:45:54.581 E/        (20113): secMM, NS created
05-25 12:45:54.581 E/        (20113): secMM, Create DRC
05-25 12:45:54.581 E/        (20113): DRC: attenuation gain is 7274563
05-25 12:45:54.581 E/        (20113): secMM, Create DRC end
05-25 12:45:54.586 V/AudioPolicyManagerBase( 2478): getInput() inputSource 6, samplingRate 16000, format 1, channelMask 10, acoustics 0
05-25 12:45:54.586 D/AudioHardwareTinyALSA( 2478): Input	: format = 1, channels = 16, rate = 16000
05-25 12:45:54.586 D/AudioHardwareTinyALSA( 2478): default	: format = 0, channelCount = 2, rate = 16000
05-25 12:45:54.586 D/AudioHardwareTinyALSA( 2478): AudioStreamOps::set set IN_Channels : 10
05-25 12:45:54.586 D/AudioHardwareTinyALSA( 2478): mInputs.size : 1
05-25 12:45:54.586 D/AudioHardwareTinyALSA( 2478): Entering AudioStreamInALSA standby mode
05-25 12:45:54.591 D/AudioHardwareTinyALSA( 2478): Entering AudioStreamInALSA standby mode
05-25 12:45:54.601 V/AudioPolicyManagerBase( 2478): startInput() input 985
05-25 12:45:54.601 V/AudioPolicyManagerBase( 2478): AudioPolicyManager::startInput() input source = 6
05-25 12:45:54.601 I/AudioHardwareTinyALSA( 2478): virtual android::status_t android::AudioStreamInALSA::setParameters(const android::String8&): input_source=6;routing=-2147483644
05-25 12:45:54.601 I/samsungRecord( 2478): [samsungrecord] SamsungRecInit 
05-25 12:45:54.601 I/samsungRecord( 2478): 1
05-25 12:45:54.606 D/AudioHardwareTinyALSA( 2478): InALSA::setDevice: mode = 0, newDevice=0x80000004, currentDevice=0x0 ,force= 0
05-25 12:45:54.606 D/AudioHardwareTinyALSA( 2478): InALSA::setDevice: mDevice 0x0, newDevice = 0x80000004
05-25 12:45:54.606 I/AudioHardwareTinyALSA( 2478): InALSA::setDevice: mode[0], Device[80000004] force=0
05-25 12:45:54.606 D/TinyUCM ( 2478): Enable Input dev(0x80000004)
05-25 12:45:54.626 D/TinyUCM ( 2478): setScenario: Recognition
05-25 12:45:54.626 D/TinyUCM ( 2478): set default scenario
05-25 12:45:54.626 D/TinyUCM ( 2478): Disable Output dev(0x0)
05-25 12:45:54.626 D/TinyUCM ( 2478): getInputChannel: inputs = 0x80000004
05-25 12:45:54.626 D/TinyUCM ( 2478): set channel: Left
05-25 12:45:54.626 D/TinyUCM ( 2478): setModifier MicRec, en=1
05-25 12:45:54.626 D/AudioHardwareTinyALSA( 2478): setInputVolume
05-25 12:45:54.626 D/TinyUCM ( 2478): setModifier Recognition, en=1
05-25 12:45:54.626 I/AudioHardwareTinyALSA( 2478): InALSA::setDevice: mHandle NULL mode[0], Device[80000004]
05-25 12:45:54.626 I/AudioHardwareTinyALSA( 2478): Open:+ mDefaults->direction=10000000 device=3
