05-25 12:46:53.621 W/ContextImpl( 2925): Calling a method in the system process without a qualified user: android.app.ContextImpl.sendBroadcast:1323 com.android.server.am.ActivityManagerService.cleanUpApplicationRecordLocked:12315 com.android.server.am.ActivityManagerService.handleAppDiedLocked:3552 com.android.server.am.ActivityManagerService.appDiedLocked:3656 com.android.server.am.ActivityManagerService$AppDeathRecipient.binderDied:998 
05-25 12:46:53.626 D/WFDService( 2925): intent recieved android.intent.action.CONFIGURATION_CHANGED
05-25 12:46:53.626 V/KeyguardViewManager( 2925): mConfigChangeReceiver.onReceive : action=android.intent.action.CONFIGURATION_CHANGED mLastOrientation=1 orient=2
05-25 12:46:53.626 D/ContainerEventsRelayManager( 3278): <<< Intent action is >>> : android.intent.action.CONFIGURATION_CHANGED
05-25 12:46:53.626 W/ContextImpl( 2925): Calling a method in the system process without a qualified user: android.app.ContextImpl.sendBroadcast:1323 com.android.internal.policy.impl.PhoneWindowManager.notifyToSSRM:4777 com.android.internal.policy.impl.PhoneWindowManager.access$200:226 com.android.internal.policy.impl.PhoneWindowManager$PolicyHandler.handleMessage:656 android.os.Handler.dispatchMessage:99 
05-25 12:46:53.626 W/ContextImpl( 2925): Calling a method in the system process without a qualified user: android.app.ContextImpl.sendBroadcast:1323 com.android.server.am.ActivityManagerService.cleanUpApplicationRecordLocked:12315 com.android.server.am.ActivityManagerService.handleAppDiedLocked:3552 com.android.server.am.ActivityManagerService.appDiedLocked:3656 com.android.server.am.ActivityManagerService$AppDeathRecipient.binderDied:998 
05-25 12:46:53.631 D/GestureService( 3665): deviceConditionChangeReceiver: onReceive - android.intent.action.CONFIGURATION_CHANGED
05-25 12:46:53.631 D/ContainerEventsRelayManager( 3278): <<< Intent data is   >>> : null
05-25 12:46:53.631 D/ECS_EnterpriseContainerService( 2925): getContainers   --  Called + uid1000
05-25 12:46:53.631 D/ECS_EnterpriseContainerService( 2925): getContainers   --  Called passing security
05-25 12:46:53.631 D/ECS_EnterpriseContainerCacheData( 2925): Container cache getContainers 
05-25 12:46:53.631 D/ECS_EnterpriseContainerCacheData( 2925): Container cache getContainers not null
05-25 12:46:53.631 D/VoIPInterfaceManager( 2925): getState()...
05-25 12:46:53.631 D/VoIPInterfaceManager( 2925): Not exist call session
05-25 12:46:53.636 V/GestureManager( 2925): onReceive GesutureActive :false
05-25 12:46:53.636 D/VoIPInterfaceManager( 2925): getState()...
05-25 12:46:53.636 D/VoIPInterfaceManager( 2925): Not exist call session
05-25 12:46:53.731 D/dalvikvm( 2925): GC_EXPLICIT freed 10012K, 30% free 58419K/82436K, paused 7ms+11ms, total 120ms
05-25 12:46:53.731 I/SurfaceFlinger( 2475): id=563 Removed Donversatio (1/6)
05-25 12:46:53.736 I/SurfaceFlinger( 2475): id=563 Removed Donversatio (-2/6)
05-25 12:46:53.746 W/dalvikvm(20393): Refusing to reopen boot DEX '/system/framework/seccamera.jar'
05-25 12:46:53.746 D/STATUSBAR-QuickSettingPanel( 3154): setSingleLine:true
05-25 12:46:53.771 D/TelephonyManager( 3302): getLteOnCdmaMode=0 curVal=-1 product_type='' lteOnCdmaProductType=''
05-25 12:46:53.771 D/STATUSBAR-NetworkController( 3154): onReceive() - ACTION_CONFIGURATION_CHANGED
05-25 12:46:53.771 D/STATUSBAR-NetworkController( 3154): Nothing, mRoamingIconId = 0
05-25 12:46:53.811 D/IconMerger( 3154): overflowShown = false
05-25 12:46:53.811 D/IconMerger( 3154): moreRequired = false
05-25 12:46:53.931 V/MediaPlayerService( 2478): Create new media retriever from pid 20393
05-25 12:46:53.936 E/SensorManager(20393): thread start
05-25 12:46:53.936 D/SensorService( 2925): info.rates.add, set DEFAULT_EVENTS_PERIOD
05-25 12:46:53.936 D/SensorService( 2925): SensorDevice::activating sensor handle=0 ns=200000000 
05-25 12:46:53.936 I/SensorService( 2925): info.selectDelay() ns=200000000  
05-25 12:46:53.936 D/SensorService( 2925): SensorDevice::setDelay, Return(true 1, false 0) =  1
05-25 12:46:53.936 D/SensorManager(20393): registerListener :: handle = 0  name= K330 Acceleration Sensor delay= 200000  
05-25 12:46:53.946 V/MediaPlayer(20393): decode(50, 15332356, 6262)
05-25 12:46:53.946 V/MediaPlayerService( 2478): decode(58, 15332356, 6262)
05-25 12:46:53.946 V/MediaPlayerService( 2478): player type = 3
05-25 12:46:53.946 V/AwesomePlayer( 2478): setDefault
05-25 12:46:53.946 V/AwesomePlayer( 2478): constructor
05-25 12:46:53.946 V/AwesomePlayer( 2478): setDefault
05-25 12:46:53.946 V/AwesomePlayer( 2478): reset_l()
05-25 12:46:53.946 V/AwesomePlayer( 2478): reset_l() while (mFlags & PREPARING) condition check
05-25 12:46:53.946 V/AwesomePlayer( 2478): cancelPlayerEvents (keepNotifications=0)
05-25 12:46:53.946 V/AwesomePlayer( 2478): mAudioTrackVector clear
05-25 12:46:53.946 V/AwesomePlayer( 2478): mAudioTrackVector clear
05-25 12:46:53.946 V/AwesomePlayer( 2478): reset_l() mAudioPlayer successfully deleted
05-25 12:46:53.946 V/AwesomePlayer( 2478): mSecMediaClock clear
05-25 12:46:53.946 V/MediaPlayer(20393): decode(55, 15566276, 6765)
05-25 12:46:53.946 I/CameraDirectConnectManager(20393): CameraDirectConnectManager is start
05-25 12:46:53.946 V/MediaPlayerService( 2478): decode(78, 15566276, 6765)
05-25 12:46:53.946 V/StagefrightPlayer( 2478): StagefrightPlayer
05-25 12:46:53.946 V/AwesomePlayer( 2478): setListener
05-25 12:46:53.946 V/StagefrightPlayer( 2478): initCheck
05-25 12:46:53.946 V/AwesomePlayer( 2478): setAudioSink
05-25 12:46:53.946 V/StagefrightPlayer( 2478): setDataSource(58, 15332356, 6262)
05-25 12:46:53.946 V/AwesomePlayer( 2478): setDataSource (79, 15332356, 6262)
05-25 12:46:53.946 V/AwesomePlayer( 2478): reset_l()
05-25 12:46:53.946 V/AwesomePlayer( 2478): reset_l() while (mFlags & PREPARING) condition check
05-25 12:46:53.946 V/AwesomePlayer( 2478): cancelPlayerEvents (keepNotifications=0)
05-25 12:46:53.946 V/AwesomePlayer( 2478): mAudioTrackVector clear
05-25 12:46:53.946 V/AwesomePlayer( 2478): mAudioTrackVector clear
05-25 12:46:53.946 V/AwesomePlayer( 2478): reset_l() mAudioPlayer successfully deleted
05-25 12:46:53.946 V/AwesomePlayer( 2478): mSecMediaClock clear
05-25 12:46:53.946 V/MediaExtractor( 2478): Autodetected media content as 'application/ogg' with confidence 0.20
05-25 12:46:53.951 V/MediaPlayerService( 2478): player type = 3
05-25 12:46:53.951 V/AwesomePlayer( 2478): setDefault
05-25 12:46:53.951 V/AwesomePlayer( 2478): constructor
05-25 12:46:53.951 V/AwesomePlayer( 2478): track of type 'audio/vorbis' does not publish bitrate
05-25 12:46:53.951 V/AwesomePlayer( 2478): mBitrate = -1 bits/sec
05-25 12:46:53.951 W/AwesomePlayer( 2478): couldn't get userdata - Weather
05-25 12:46:53.951 W/AwesomePlayer( 2478): couldn't get userdata - Authorization 
05-25 12:46:53.951 W/AwesomePlayer( 2478): couldn't get userdata - SnapShot 
05-25 12:46:53.951 W/AwesomePlayer( 2478): couldn't get userdata - SMRD
05-25 12:46:53.951 V/AwesomePlayer( 2478): current audio track index (0) is added to vector
05-25 12:46:53.951 V/AwesomePlayer( 2478): setDataSource_l: Audio(1), Video(0)
05-25 12:46:53.951 I/AwesomePlayer( 2478): AwesomePlayer::setDataSource_l():: This is not a DRM content
05-25 12:46:53.951 V/MediaPlayerService( 2478): prepare
05-25 12:46:53.951 V/AwesomePlayer( 2478): prepareAsync
05-25 12:46:53.951 V/MediaPlayerService( 2478): wait for prepare
05-25 12:46:53.951 V/AwesomePlayer( 2478): onPrepareAsyncEvent
05-25 12:46:53.951 I/SecMediaClock( 2478): SecMediaClock constructor
05-25 12:46:53.951 I/SecMediaClock( 2478): reset
05-25 12:46:53.951 V/AwesomePlayer( 2478): setDefault
05-25 12:46:53.951 V/AwesomePlayer( 2478): reset_l()
05-25 12:46:53.951 V/AwesomePlayer( 2478): reset_l() while (mFlags & PREPARING) condition check
05-25 12:46:53.951 V/AwesomePlayer( 2478): initAudioDecoder
05-25 12:46:53.951 V/AwesomePlayer( 2478): cancelPlayerEvents (keepNotifications=0)
05-25 12:46:53.951 V/AwesomePlayer( 2478): mAudioTrackVector clear
05-25 12:46:53.951 I/OMXCodec( 2478): OMXCodec::Create mime (audio/vorbis), flags (0), matchComponentName ((null)), createEncoder (0)
05-25 12:46:53.951 V/AwesomePlayer( 2478): mAudioTrackVector clear
05-25 12:46:53.951 V/AwesomePlayer( 2478): reset_l() mAudioPlayer successfully deleted
05-25 12:46:53.951 V/AwesomePlayer( 2478): mSecMediaClock clear
05-25 12:46:53.951 V/StagefrightPlayer( 2478): StagefrightPlayer
05-25 12:46:53.951 V/AwesomePlayer( 2478): setListener
05-25 12:46:53.951 I/OMXCodec( 2478): Attempting to allocate OMX node 'OMX.google.vorbis.decoder'
05-25 12:46:53.951 V/StagefrightPlayer( 2478): initCheck
05-25 12:46:53.951 V/AwesomePlayer( 2478): setAudioSink
05-25 12:46:53.951 V/StagefrightPlayer( 2478): setDataSource(78, 15566276, 6765)
05-25 12:46:53.951 V/AwesomePlayer( 2478): setDataSource (82, 15566276, 6765)
05-25 12:46:53.951 V/AwesomePlayer( 2478): reset_l()
05-25 12:46:53.951 V/AwesomePlayer( 2478): reset_l() while (mFlags & PREPARING) condition check
05-25 12:46:53.951 V/AwesomePlayer( 2478): cancelPlayerEvents (keepNotifications=0)
05-25 12:46:53.951 V/AwesomePlayer( 2478): mAudioTrackVector clear
05-25 12:46:53.951 V/AwesomePlayer( 2478): mAudioTrackVector clear
05-25 12:46:53.951 V/AwesomePlayer( 2478): reset_l() mAudioPlayer successfully deleted
05-25 12:46:53.951 V/AwesomePlayer( 2478): mSecMediaClock clear
05-25 12:46:53.951 V/MediaExtractor( 2478): Autodetected media content as 'application/ogg' with confidence 0.20
05-25 12:46:53.951 I/OMXCodec( 2478): Successfully allocated OMX node 'OMX.google.vorbis.decoder'
05-25 12:46:53.951 I/OMXCodec( 2478): [OMX.google.vorbis.decoder] allocating 4 buffers of size 8192 on input port
05-25 12:46:53.951 I/OMXCodec( 2478): [OMX.google.vorbis.decoder] allocating 4 buffers of size 32768 on output port
05-25 12:46:53.956 V/AwesomePlayer( 2478): finishAsyncPrepare_l
05-25 12:46:53.956 V/AwesomePlayer( 2478): notifyListner_l() msg (5-MEDIA_SET_VIDEO_SIZE), ext1 (0), ext2 (0)
05-25 12:46:53.956 V/AudioCache( 2478): notify(0x4274ec78, 5, 0, 0)
05-25 12:46:53.956 V/AudioCache( 2478): ignored
05-25 12:46:53.956 V/AwesomePlayer( 2478): notifyListner_l() msg (1-MEDIA_PREPARED), ext1 (0), ext2 (0)
05-25 12:46:53.956 V/AudioCache( 2478): notify(0x4274ec78, 1, 0, 0)
05-25 12:46:53.956 V/AudioCache( 2478): prepared
05-25 12:46:53.956 V/AwesomePlayer( 2478): track of type 'audio/vorbis' does not publish bitrate
05-25 12:46:53.956 V/AwesomePlayer( 2478): mBitrate = -1 bits/sec
05-25 12:46:53.956 W/AwesomePlayer( 2478): couldn't get userdata - Weather
05-25 12:46:53.956 W/AwesomePlayer( 2478): couldn't get userdata - Authorization 
05-25 12:46:53.956 W/AwesomePlayer( 2478): couldn't get userdata - SnapShot 
05-25 12:46:53.956 W/AwesomePlayer( 2478): couldn't get userdata - SMRD
05-25 12:46:53.956 V/AwesomePlayer( 2478): current audio track index (0) is added to vector
05-25 12:46:53.956 V/AwesomePlayer( 2478): setDataSource_l: Audio(1), Video(0)
05-25 12:46:53.956 I/AwesomePlayer( 2478): AwesomePlayer::setDataSource_l():: This is not a DRM content
05-25 12:46:53.956 V/MediaPlayerService( 2478): prepare
05-25 12:46:53.956 V/AwesomePlayer( 2478): prepareAsync
05-25 12:46:53.956 V/MediaPlayerService( 2478): wait for prepare
05-25 12:46:53.956 V/AudioCache( 2478): wait - success
05-25 12:46:53.956 V/MediaPlayerService( 2478): start
05-25 12:46:53.956 V/StagefrightPlayer( 2478): start
05-25 12:46:53.956 V/AwesomePlayer( 2478): play
05-25 12:46:53.956 V/AwesomePlayer( 2478): AwesomePlayer::play_l():: This is not a DRM content
05-25 12:46:53.956 V/AwesomePlayer( 2478): startAudioPlayer_l, sendErrorNotification (0)
05-25 12:46:53.956 V/AwesomePlayer( 2478): onPrepareAsyncEvent
05-25 12:46:53.956 I/SecMediaClock( 2478): SecMediaClock constructor
05-25 12:46:53.956 I/SecMediaClock( 2478): reset
05-25 12:46:53.956 V/AwesomePlayer( 2478): initAudioDecoder
05-25 12:46:53.956 I/OMXCodec( 2478): OMXCodec::Create mime (audio/vorbis), flags (0), matchComponentName ((null)), createEncoder (0)
05-25 12:46:53.956 I/OMXCodec( 2478): Attempting to allocate OMX node 'OMX.google.vorbis.decoder'
05-25 12:46:53.956 I/OMXCodec( 2478): Successfully allocated OMX node 'OMX.google.vorbis.decoder'
05-25 12:46:53.956 I/OMXCodec( 2478): [OMX.google.vorbis.decoder] allocating 4 buffers of size 8192 on input port
05-25 12:46:53.956 I/OMXCodec( 2478): [OMX.google.vorbis.decoder] allocating 4 buffers of size 32768 on output port
05-25 12:46:53.956 V/AwesomePlayer( 2478): finishAsyncPrepare_l
05-25 12:46:53.956 V/AwesomePlayer( 2478): notifyListner_l() msg (5-MEDIA_SET_VIDEO_SIZE), ext1 (0), ext2 (0)
05-25 12:46:53.956 V/AudioCache( 2478): notify(0x426ebdd8, 5, 0, 0)
05-25 12:46:53.956 V/AudioCache( 2478): ignored
05-25 12:46:53.956 V/AwesomePlayer( 2478): notifyListner_l() msg (1-MEDIA_PREPARED), ext1 (0), ext2 (0)
05-25 12:46:53.956 V/AudioCache( 2478): notify(0x426ebdd8, 1, 0, 0)
05-25 12:46:53.956 V/AudioCache( 2478): prepared
05-25 12:46:53.956 V/AudioCache( 2478): wait - success
05-25 12:46:53.956 V/MediaPlayerService( 2478): start
05-25 12:46:53.956 V/StagefrightPlayer( 2478): start
05-25 12:46:53.956 V/AwesomePlayer( 2478): play
05-25 12:46:53.956 V/AwesomePlayer( 2478): AwesomePlayer::play_l():: This is not a DRM content
05-25 12:46:53.956 V/AwesomePlayer( 2478): startAudioPlayer_l, sendErrorNotification (0)
05-25 12:46:53.956 I/OMXCodec( 2478): [OMX.google.vorbis.decoder] allocating 4 buffers of size 32768 on output port
05-25 12:46:53.961 I/AudioPlayer( 2478):  Audioplayer kKeyAudioPCMFormat:1, 1, 0
05-25 12:46:53.961 I/AudioPlayer( 2478):  Audioplayer1 (1, 1)
05-25 12:46:53.961 V/AudioCache( 2478): open(44100, 1, 0x0, 1, 4)
05-25 12:46:53.961 V/AwesomePlayer( 2478): addBatteryData
05-25 12:46:53.961 V/MediaPlayerService( 2478): wait for playback complete
05-25 12:46:53.961 I/OMXCodec( 2478): [OMX.google.vorbis.decoder] allocating 4 buffers of size 32768 on output port
05-25 12:46:53.966 I/OMXCodec( 2478): [OMX.google.vorbis.decoder] End Of Stream
05-25 12:46:53.966 V/AwesomePlayer( 2478): postAudioEOS delayUs (0)
05-25 12:46:53.966 I/AudioPlayer( 2478):  Audioplayer kKeyAudioPCMFormat:1, 1, 0
05-25 12:46:53.966 I/AudioPlayer( 2478):  Audioplayer1 (1, 1)
05-25 12:46:53.966 V/AudioCache( 2478): open(44100, 1, 0x0, 1, 4)
05-25 12:46:53.966 V/AwesomePlayer( 2478): addBatteryData
05-25 12:46:53.966 V/AwesomePlayer( 2478): onCheckAudioStatus
05-25 12:46:53.971 V/AwesomePlayer( 2478): onCheckAudioStatus() set AUDIO_AT_EOS flag
05-25 12:46:53.971 V/MediaPlayerService( 2478): wait for playback complete
05-25 12:46:53.971 V/AwesomePlayer( 2478): onStreamDone
05-25 12:46:53.971 V/AwesomePlayer( 2478): MEDIA_PLAYBACK_COMPLETE
05-25 12:46:53.971 V/AwesomePlayer( 2478): notifyListner_l() msg (2-MEDIA_PLAYBACK_COMPLETE), ext1 (0), ext2 (0)
05-25 12:46:53.971 V/AudioCache( 2478): notify(0x4274ec78, 2, 0, 0)
05-25 12:46:53.971 V/AudioCache( 2478): playback complete - thread will wake up later
05-25 12:46:53.971 V/AwesomePlayer( 2478): cancelPlayerEvents (keepNotifications=1)
05-25 12:46:53.971 V/AwesomePlayer( 2478): addBatteryData
05-25 12:46:53.971 V/AudioCache( 2478): wait - success
05-25 12:46:53.971 V/StagefrightPlayer( 2478): reset
05-25 12:46:53.971 V/AwesomePlayer( 2478): reset_l()
05-25 12:46:53.971 V/AwesomePlayer( 2478): reset_l() while (mFlags & PREPARING) condition check
05-25 12:46:53.971 V/AwesomePlayer( 2478): cancelPlayerEvents (keepNotifications=0)
05-25 12:46:53.971 V/AwesomePlayer( 2478): mAudioTrackVector clear
05-25 12:46:53.971 V/AwesomePlayer( 2478): mAudioTrackVector clear
05-25 12:46:53.971 I/OMXCodec( 2478): [OMX.google.vorbis.decoder] stop() sendCommand(0x31, OMX_CommandStateSet, OMX_StateIdle)
05-25 12:46:53.971 I/OggExtractor( 2478): ~OggSource --
05-25 12:46:53.971 I/OggExtractor( 2478): ~OggExtractor ++
05-25 12:46:53.971 I/OggExtractor( 2478): ~MyVorbisExtractor ++ 
05-25 12:46:53.971 I/OggExtractor( 2478): ~MyVorbisExtractor --
05-25 12:46:53.971 I/OggExtractor( 2478): ~OggExtractor --
05-25 12:46:53.971 I/AudioPlayer( 2478): reset out
05-25 12:46:53.971 V/AwesomePlayer( 2478): reset_l() mAudioPlayer successfully deleted
05-25 12:46:53.971 I/SecMediaClock( 2478): SecMediaClock destructor
05-25 12:46:53.971 V/AwesomePlayer( 2478): mSecMediaClock clear
05-25 12:46:53.971 V/StagefrightPlayer( 2478): ~StagefrightPlayer
05-25 12:46:53.971 V/StagefrightPlayer( 2478): reset
05-25 12:46:53.971 V/AwesomePlayer( 2478): reset_l()
05-25 12:46:53.971 V/AwesomePlayer( 2478): reset_l() while (mFlags & PREPARING) condition check
05-25 12:46:53.971 V/AwesomePlayer( 2478): cancelPlayerEvents (keepNotifications=0)
05-25 12:46:53.971 V/AwesomePlayer( 2478): mAudioTrackVector clear
05-25 12:46:53.971 V/AwesomePlayer( 2478): mAudioTrackVector clear
05-25 12:46:53.971 V/AwesomePlayer( 2478): reset_l() mAudioPlayer successfully deleted
05-25 12:46:53.971 V/AwesomePlayer( 2478): mSecMediaClock clear
05-25 12:46:53.971 V/AwesomePlayer( 2478): destructor
05-25 12:46:53.971 V/AwesomePlayer( 2478): reset_l()
05-25 12:46:53.971 V/AwesomePlayer( 2478): reset_l() while (mFlags & PREPARING) condition check
05-25 12:46:53.971 V/AwesomePlayer( 2478): cancelPlayerEvents (keepNotifications=0)
05-25 12:46:53.971 V/AwesomePlayer( 2478): mAudioTrackVector clear
05-25 12:46:53.971 V/AwesomePlayer( 2478): mAudioTrackVector clear
05-25 12:46:53.971 V/AwesomePlayer( 2478): reset_l() mAudioPlayer successfully deleted
05-25 12:46:53.971 V/AwesomePlayer( 2478): mSecMediaClock clear
05-25 12:46:53.971 V/MediaPlayer(20393): decode(51, 15284028, 5146)
05-25 12:46:53.971 V/MediaPlayerService( 2478): decode(79, 15284028, 5146)
05-25 12:46:53.976 V/MediaPlayerService( 2478): player type = 3
05-25 12:46:53.976 V/AwesomePlayer( 2478): setDefault
05-25 12:46:53.976 V/AwesomePlayer( 2478): constructor
05-25 12:46:53.976 V/AwesomePlayer( 2478): setDefault
05-25 12:46:53.976 V/AwesomePlayer( 2478): reset_l()
05-25 12:46:53.976 V/AwesomePlayer( 2478): reset_l() while (mFlags & PREPARING) condition check
05-25 12:46:53.976 V/AwesomePlayer( 2478): cancelPlayerEvents (keepNotifications=0)
05-25 12:46:53.976 V/AwesomePlayer( 2478): mAudioTrackVector clear
05-25 12:46:53.976 V/AwesomePlayer( 2478): mAudioTrackVector clear
05-25 12:46:53.976 V/AwesomePlayer( 2478): reset_l() mAudioPlayer successfully deleted
05-25 12:46:53.976 V/AwesomePlayer( 2478): mSecMediaClock clear
05-25 12:46:53.976 V/StagefrightPlayer( 2478): StagefrightPlayer
05-25 12:46:53.976 V/AwesomePlayer( 2478): setListener
05-25 12:46:53.976 V/StagefrightPlayer( 2478): initCheck
05-25 12:46:53.976 V/AwesomePlayer( 2478): setAudioSink
05-25 12:46:53.976 V/StagefrightPlayer( 2478): setDataSource(79, 15284028, 5146)
05-25 12:46:53.976 V/AwesomePlayer( 2478): setDataSource (44, 15284028, 5146)
05-25 12:46:53.976 V/AwesomePlayer( 2478): reset_l()
05-25 12:46:53.976 V/AwesomePlayer( 2478): reset_l() while (mFlags & PREPARING) condition check
05-25 12:46:53.976 V/AwesomePlayer( 2478): cancelPlayerEvents (keepNotifications=0)
05-25 12:46:53.976 V/AwesomePlayer( 2478): mAudioTrackVector clear
05-25 12:46:53.976 V/AwesomePlayer( 2478): mAudioTrackVector clear
05-25 12:46:53.976 V/AwesomePlayer( 2478): reset_l() mAudioPlayer successfully deleted
05-25 12:46:53.976 V/AwesomePlayer( 2478): mSecMediaClock clear
05-25 12:46:53.976 V/MediaExtractor( 2478): Autodetected media content as 'application/ogg' with confidence 0.20
05-25 12:46:53.976 E/SecCamera-JNI-Cpp(20393): JNI_OnLoad
05-25 12:46:53.976 V/AwesomePlayer( 2478): track of type 'audio/vorbis' does not publish bitrate
05-25 12:46:53.976 V/AwesomePlayer( 2478): mBitrate = -1 bits/sec
05-25 12:46:53.976 W/AwesomePlayer( 2478): couldn't get userdata - Weather
05-25 12:46:53.976 W/AwesomePlayer( 2478): couldn't get userdata - Authorization 
05-25 12:46:53.976 W/AwesomePlayer( 2478): couldn't get userdata - SnapShot 
05-25 12:46:53.976 W/AwesomePlayer( 2478): couldn't get userdata - SMRD
05-25 12:46:53.976 V/AwesomePlayer( 2478): current audio track index (0) is added to vector
05-25 12:46:53.976 V/AwesomePlayer( 2478): setDataSource_l: Audio(1), Video(0)
05-25 12:46:53.976 I/AwesomePlayer( 2478): AwesomePlayer::setDataSource_l():: This is not a DRM content
05-25 12:46:53.976 V/MediaPlayerService( 2478): prepare
05-25 12:46:53.976 V/AwesomePlayer( 2478): prepareAsync
05-25 12:46:53.976 V/MediaPlayerService( 2478): wait for prepare
05-25 12:46:53.976 V/AwesomePlayer( 2478): onPrepareAsyncEvent
05-25 12:46:53.976 I/SecMediaClock( 2478): SecMediaClock constructor
05-25 12:46:53.976 I/SecMediaClock( 2478): reset
05-25 12:46:53.976 V/AwesomePlayer( 2478): initAudioDecoder
05-25 12:46:53.976 I/OMXCodec( 2478): OMXCodec::Create mime (audio/vorbis), flags (0), matchComponentName ((null)), createEncoder (0)
05-25 12:46:53.976 I/OMXCodec( 2478): Attempting to allocate OMX node 'OMX.google.vorbis.decoder'
05-25 12:46:53.976 I/OMXCodec( 2478): Successfully allocated OMX node 'OMX.google.vorbis.decoder'
05-25 12:46:53.976 I/OMXCodec( 2478): [OMX.google.vorbis.decoder] allocating 4 buffers of size 8192 on input port
05-25 12:46:53.981 I/OMXCodec( 2478): [OMX.google.vorbis.decoder] allocating 4 buffers of size 32768 on output port
05-25 12:46:53.981 V/AwesomePlayer( 2478): finishAsyncPrepare_l
05-25 12:46:53.981 V/AwesomePlayer( 2478): notifyListner_l() msg (5-MEDIA_SET_VIDEO_SIZE), ext1 (0), ext2 (0)
05-25 12:46:53.981 V/AudioCache( 2478): notify(0x4274ec78, 5, 0, 0)
05-25 12:46:53.981 V/AudioCache( 2478): ignored
05-25 12:46:53.981 V/AwesomePlayer( 2478): notifyListner_l() msg (1-MEDIA_PREPARED), ext1 (0), ext2 (0)
05-25 12:46:53.981 V/AudioCache( 2478): notify(0x4274ec78, 1, 0, 0)
05-25 12:46:53.981 V/AudioCache( 2478): prepared
05-25 12:46:53.981 I/OMXCodec( 2478): [OMX.google.vorbis.decoder] End Of Stream
05-25 12:46:53.981 V/AudioCache( 2478): wait - success
05-25 12:46:53.981 V/MediaPlayerService( 2478): start
05-25 12:46:53.981 V/StagefrightPlayer( 2478): start
05-25 12:46:53.981 V/AwesomePlayer( 2478): play
05-25 12:46:53.981 V/AwesomePlayer( 2478): AwesomePlayer::play_l():: This is not a DRM content
05-25 12:46:53.981 V/AwesomePlayer( 2478): startAudioPlayer_l, sendErrorNotification (0)
05-25 12:46:53.981 I/Monitor ( 2925): fileWriteInt : /sys/class/graphics/fb0/lcdfreq/level  value : 1
05-25 12:46:53.986 I/OMXCodec( 2478): [OMX.google.vorbis.decoder] allocating 4 buffers of size 32768 on output port
05-25 12:46:53.991 I/AudioPlayer( 2478):  Audioplayer kKeyAudioPCMFormat:1, 1, 0
05-25 12:46:53.991 V/AwesomePlayer( 2478): postAudioEOS delayUs (0)
05-25 12:46:53.991 V/AwesomePlayer( 2478): onCheckAudioStatus
05-25 12:46:53.991 V/AwesomePlayer( 2478): onCheckAudioStatus() set AUDIO_AT_EOS flag
05-25 12:46:53.991 V/AwesomePlayer( 2478): onStreamDone
05-25 12:46:53.991 V/AwesomePlayer( 2478): MEDIA_PLAYBACK_COMPLETE
05-25 12:46:53.991 V/AwesomePlayer( 2478): notifyListner_l() msg (2-MEDIA_PLAYBACK_COMPLETE), ext1 (0), ext2 (0)
05-25 12:46:53.991 V/AudioCache( 2478): notify(0x426ebdd8, 2, 0, 0)
05-25 12:46:53.991 V/AudioCache( 2478): playback complete - thread will wake up later
05-25 12:46:53.991 V/AwesomePlayer( 2478): cancelPlayerEvents (keepNotifications=1)
05-25 12:46:53.991 V/AwesomePlayer( 2478): addBatteryData
05-25 12:46:53.991 V/AudioCache( 2478): wait - success
05-25 12:46:53.991 V/StagefrightPlayer( 2478): reset
05-25 12:46:53.991 V/AwesomePlayer( 2478): reset_l()
05-25 12:46:53.991 V/AwesomePlayer( 2478): reset_l() while (mFlags & PREPARING) condition check
05-25 12:46:53.991 V/AwesomePlayer( 2478): cancelPlayerEvents (keepNotifications=0)
05-25 12:46:53.991 V/AwesomePlayer( 2478): mAudioTrackVector clear
05-25 12:46:53.991 V/AwesomePlayer( 2478): mAudioTrackVector clear
05-25 12:46:53.991 I/OMXCodec( 2478): [OMX.google.vorbis.decoder] stop() sendCommand(0x32, OMX_CommandStateSet, OMX_StateIdle)
05-25 12:46:53.991 I/AudioPlayer( 2478):  Audioplayer1 (1, 1)
05-25 12:46:53.991 V/AudioCache( 2478): open(48000, 1, 0x0, 1, 4)
05-25 12:46:53.991 V/AwesomePlayer( 2478): addBatteryData
05-25 12:46:53.991 I/OggExtractor( 2478): ~OggSource --
05-25 12:46:53.991 I/OggExtractor( 2478): ~OggExtractor ++
05-25 12:46:53.991 I/OggExtractor( 2478): ~MyVorbisExtractor ++ 
05-25 12:46:53.991 I/OggExtractor( 2478): ~MyVorbisExtractor --
05-25 12:46:53.991 I/OggExtractor( 2478): ~OggExtractor --
05-25 12:46:53.996 V/MediaPlayerService( 2478): wait for playback complete
05-25 12:46:53.996 I/AudioPlayer( 2478): reset out
05-25 12:46:53.996 V/AwesomePlayer( 2478): reset_l() mAudioPlayer successfully deleted
05-25 12:46:53.996 I/SecMediaClock( 2478): SecMediaClock destructor
05-25 12:46:53.996 V/AwesomePlayer( 2478): mSecMediaClock clear
05-25 12:46:53.996 V/StagefrightPlayer( 2478): ~StagefrightPlayer
05-25 12:46:53.996 V/StagefrightPlayer( 2478): reset
05-25 12:46:53.996 V/AwesomePlayer( 2478): reset_l()
05-25 12:46:53.996 V/AwesomePlayer( 2478): reset_l() while (mFlags & PREPARING) condition check
05-25 12:46:53.996 V/AwesomePlayer( 2478): cancelPlayerEvents (keepNotifications=0)
05-25 12:46:53.996 V/AwesomePlayer( 2478): mAudioTrackVector clear
05-25 12:46:53.996 V/AwesomePlayer( 2478): mAudioTrackVector clear
05-25 12:46:53.996 V/AwesomePlayer( 2478): reset_l() mAudioPlayer successfully deleted
05-25 12:46:53.996 V/AwesomePlayer( 2478): mSecMediaClock clear
05-25 12:46:53.996 V/AwesomePlayer( 2478): destructor
05-25 12:46:53.996 V/AwesomePlayer( 2478): reset_l()
05-25 12:46:53.996 V/AwesomePlayer( 2478): reset_l() while (mFlags & PREPARING) condition check
05-25 12:46:53.996 V/AwesomePlayer( 2478): cancelPlayerEvents (keepNotifications=0)
05-25 12:46:53.996 V/AwesomePlayer( 2478): mAudioTrackVector clear
05-25 12:46:53.996 V/AwesomePlayer( 2478): mAudioTrackVector clear
05-25 12:46:53.996 V/AwesomePlayer( 2478): reset_l() mAudioPlayer successfully deleted
05-25 12:46:53.996 V/AwesomePlayer( 2478): mSecMediaClock clear
05-25 12:46:54.006 I/OMXCodec( 2478): [OMX.google.vorbis.decoder] End Of Stream
05-25 12:46:54.006 V/AwesomePlayer( 2478): postAudioEOS delayUs (0)
05-25 12:46:54.006 V/AwesomePlayer( 2478): onCheckAudioStatus
05-25 12:46:54.006 V/AwesomePlayer( 2478): onCheckAudioStatus() set AUDIO_AT_EOS flag
05-25 12:46:54.006 V/AwesomePlayer( 2478): onStreamDone
05-25 12:46:54.006 V/AwesomePlayer( 2478): MEDIA_PLAYBACK_COMPLETE
05-25 12:46:54.006 V/AwesomePlayer( 2478): notifyListner_l() msg (2-MEDIA_PLAYBACK_COMPLETE), ext1 (0), ext2 (0)
05-25 12:46:54.006 V/AudioCache( 2478): notify(0x4274ec78, 2, 0, 0)
05-25 12:46:54.006 V/AudioCache( 2478): playback complete - thread will wake up later
05-25 12:46:54.006 V/AwesomePlayer( 2478): cancelPlayerEvents (keepNotifications=1)
05-25 12:46:54.006 V/AwesomePlayer( 2478): addBatteryData
05-25 12:46:54.006 V/AudioCache( 2478): wait - success
05-25 12:46:54.006 V/StagefrightPlayer( 2478): reset
05-25 12:46:54.006 V/AwesomePlayer( 2478): reset_l()
05-25 12:46:54.006 V/AwesomePlayer( 2478): reset_l() while (mFlags & PREPARING) condition check
05-25 12:46:54.011 V/AwesomePlayer( 2478): cancelPlayerEvents (keepNotifications=0)
05-25 12:46:54.011 V/AwesomePlayer( 2478): mAudioTrackVector clear
05-25 12:46:54.011 V/AwesomePlayer( 2478): mAudioTrackVector clear
05-25 12:46:54.011 I/OMXCodec( 2478): [OMX.google.vorbis.decoder] stop() sendCommand(0x33, OMX_CommandStateSet, OMX_StateIdle)
05-25 12:46:54.011 I/OggExtractor( 2478): ~OggSource --
05-25 12:46:54.011 I/OggExtractor( 2478): ~OggExtractor ++
05-25 12:46:54.011 I/OggExtractor( 2478): ~MyVorbisExtractor ++ 
05-25 12:46:54.011 E/EnterpriseContainerManager(20393): ContainerPolicy Service is not yet ready!!!
05-25 12:46:54.011 D/EnterpriseDeviceManager(20393): ContainerId: 0
05-25 12:46:54.011 I/OggExtractor( 2478): ~MyVorbisExtractor --
05-25 12:46:54.011 I/OggExtractor( 2478): ~OggExtractor --
05-25 12:46:54.011 I/AudioPlayer( 2478): reset out
05-25 12:46:54.011 V/AwesomePlayer( 2478): reset_l() mAudioPlayer successfully deleted
05-25 12:46:54.011 I/SecMediaClock( 2478): SecMediaClock destructor
05-25 12:46:54.011 V/AwesomePlayer( 2478): mSecMediaClock clear
05-25 12:46:54.011 V/StagefrightPlayer( 2478): ~StagefrightPlayer
05-25 12:46:54.011 V/StagefrightPlayer( 2478): reset
05-25 12:46:54.011 V/AwesomePlayer( 2478): reset_l()
05-25 12:46:54.011 V/AwesomePlayer( 2478): reset_l() while (mFlags & PREPARING) condition check
05-25 12:46:54.011 V/AwesomePlayer( 2478): cancelPlayerEvents (keepNotifications=0)
05-25 12:46:54.011 V/AwesomePlayer( 2478): mAudioTrackVector clear
05-25 12:46:54.011 V/AwesomePlayer( 2478): mAudioTrackVector clear
05-25 12:46:54.011 W/LicenseLogService( 2925): log() is called by non admin
05-25 12:46:54.011 V/AwesomePlayer( 2478): reset_l() mAudioPlayer successfully deleted
05-25 12:46:54.011 V/AwesomePlayer( 2478): mSecMediaClock clear
05-25 12:46:54.011 V/AwesomePlayer( 2478): destructor
05-25 12:46:54.016 V/AwesomePlayer( 2478): reset_l()
05-25 12:46:54.016 V/AwesomePlayer( 2478): reset_l() while (mFlags & PREPARING) condition check
05-25 12:46:54.016 V/AwesomePlayer( 2478): cancelPlayerEvents (keepNotifications=0)
05-25 12:46:54.016 V/AwesomePlayer( 2478): mAudioTrackVector clear
05-25 12:46:54.016 V/AwesomePlayer( 2478): mAudioTrackVector clear
05-25 12:46:54.016 V/AwesomePlayer( 2478): reset_l() mAudioPlayer successfully deleted
05-25 12:46:54.016 V/AwesomePlayer( 2478): mSecMediaClock clear
05-25 12:46:54.016 V/MediaPlayer(20393): decode(52, 15279180, 4792)
05-25 12:46:54.016 V/MediaPlayerService( 2478): decode(77, 15279180, 4792)
05-25 12:46:54.016 W/LicenseLogService( 2925): log() is called by non admin
05-25 12:46:54.016 V/MediaPlayerService( 2478): player type = 3
05-25 12:46:54.016 V/AwesomePlayer( 2478): setDefault
05-25 12:46:54.016 V/AwesomePlayer( 2478): constructor
05-25 12:46:54.016 V/AwesomePlayer( 2478): setDefault
05-25 12:46:54.016 V/AwesomePlayer( 2478): reset_l()
05-25 12:46:54.016 V/AwesomePlayer( 2478): reset_l() while (mFlags & PREPARING) condition check
05-25 12:46:54.021 V/AwesomePlayer( 2478): cancelPlayerEvents (keepNotifications=0)
05-25 12:46:54.021 V/AwesomePlayer( 2478): mAudioTrackVector clear
05-25 12:46:54.021 V/AwesomePlayer( 2478): mAudioTrackVector clear
05-25 12:46:54.021 V/AwesomePlayer( 2478): reset_l() mAudioPlayer successfully deleted
05-25 12:46:54.021 V/AwesomePlayer( 2478): mSecMediaClock clear
05-25 12:46:54.021 V/StagefrightPlayer( 2478): StagefrightPlayer
05-25 12:46:54.021 V/AwesomePlayer( 2478): setListener
05-25 12:46:54.021 V/StagefrightPlayer( 2478): initCheck
05-25 12:46:54.021 V/AwesomePlayer( 2478): setAudioSink
05-25 12:46:54.021 V/StagefrightPlayer( 2478): setDataSource(77, 15279180, 4792)
05-25 12:46:54.021 V/AwesomePlayer( 2478): setDataSource (58, 15279180, 4792)
05-25 12:46:54.021 V/AwesomePlayer( 2478): reset_l()
05-25 12:46:54.021 V/AwesomePlayer( 2478): reset_l() while (mFlags & PREPARING) condition check
05-25 12:46:54.021 V/AwesomePlayer( 2478): cancelPlayerEvents (keepNotifications=0)
05-25 12:46:54.021 V/AwesomePlayer( 2478): mAudioTrackVector clear
05-25 12:46:54.021 V/AwesomePlayer( 2478): mAudioTrackVector clear
05-25 12:46:54.021 V/AwesomePlayer( 2478): reset_l() mAudioPlayer successfully deleted
05-25 12:46:54.021 V/AwesomePlayer( 2478): mSecMediaClock clear
05-25 12:46:54.021 V/MediaExtractor( 2478): Autodetected media content as 'application/ogg' with confidence 0.20
05-25 12:46:54.021 D/VoIPInterfaceManager( 2925): isVoIPIdle()...
05-25 12:46:54.021 D/VoIPInterfaceManager( 2925): Not exist call session
05-25 12:46:54.021 D/VoIPInterfaceManager( 2925):     isVoIPIdle() : No session in db 
05-25 12:46:54.026 V/AwesomePlayer( 2478): track of type 'audio/vorbis' does not publish bitrate
05-25 12:46:54.026 V/AwesomePlayer( 2478): mBitrate = -1 bits/sec
05-25 12:46:54.026 W/AwesomePlayer( 2478): couldn't get userdata - Weather
05-25 12:46:54.026 W/AwesomePlayer( 2478): couldn't get userdata - Authorization 
05-25 12:46:54.026 W/AwesomePlayer( 2478): couldn't get userdata - SnapShot 
05-25 12:46:54.026 W/AwesomePlayer( 2478): couldn't get userdata - SMRD
05-25 12:46:54.026 V/AwesomePlayer( 2478): current audio track index (0) is added to vector
05-25 12:46:54.026 V/AwesomePlayer( 2478): setDataSource_l: Audio(1), Video(0)
05-25 12:46:54.026 I/AwesomePlayer( 2478): AwesomePlayer::setDataSource_l():: This is not a DRM content
05-25 12:46:54.026 V/MediaPlayerService( 2478): prepare
05-25 12:46:54.026 V/AwesomePlayer( 2478): prepareAsync
05-25 12:46:54.026 V/MediaPlayerService( 2478): wait for prepare
05-25 12:46:54.026 V/AwesomePlayer( 2478): onPrepareAsyncEvent
05-25 12:46:54.026 I/SecMediaClock( 2478): SecMediaClock constructor
05-25 12:46:54.026 I/SecMediaClock( 2478): reset
05-25 12:46:54.026 V/AwesomePlayer( 2478): initAudioDecoder
05-25 12:46:54.026 I/OMXCodec( 2478): OMXCodec::Create mime (audio/vorbis), flags (0), matchComponentName ((null)), createEncoder (0)
05-25 12:46:54.026 I/OMXCodec( 2478): Attempting to allocate OMX node 'OMX.google.vorbis.decoder'
05-25 12:46:54.026 V/CommonEngine(20393): setTouchAutoFocusActive : false
05-25 12:46:54.026 I/OMXCodec( 2478): Successfully allocated OMX node 'OMX.google.vorbis.decoder'
05-25 12:46:54.026 I/OMXCodec( 2478): [OMX.google.vorbis.decoder] allocating 4 buffers of size 8192 on input port
05-25 12:46:54.026 I/SecHardwareInterface(20393): setBatteryADC path = /sys/class/power_supply/battery/camera, (true)
05-25 12:46:54.026 I/OMXCodec( 2478): [OMX.google.vorbis.decoder] allocating 4 buffers of size 32768 on output port
05-25 12:46:54.026 V/AwesomePlayer( 2478): finishAsyncPrepare_l
05-25 12:46:54.026 V/AwesomePlayer( 2478): notifyListner_l() msg (5-MEDIA_SET_VIDEO_SIZE), ext1 (0), ext2 (0)
05-25 12:46:54.026 V/AudioCache( 2478): notify(0x4274ec78, 5, 0, 0)
05-25 12:46:54.026 V/AudioCache( 2478): ignored
05-25 12:46:54.026 V/AwesomePlayer( 2478): notifyListner_l() msg (1-MEDIA_PREPARED), ext1 (0), ext2 (0)
05-25 12:46:54.026 V/AudioCache( 2478): notify(0x4274ec78, 1, 0, 0)
05-25 12:46:54.026 V/AudioCache( 2478): prepared
05-25 12:46:54.026 V/AudioCache( 2478): wait - success
05-25 12:46:54.026 V/MediaPlayerService( 2478): start
05-25 12:46:54.026 V/StagefrightPlayer( 2478): start
05-25 12:46:54.026 V/AwesomePlayer( 2478): play
05-25 12:46:54.026 V/AwesomePlayer( 2478): AwesomePlayer::play_l():: This is not a DRM content
05-25 12:46:54.026 V/AwesomePlayer( 2478): startAudioPlayer_l, sendErrorNotification (0)
05-25 12:46:54.031 E/SecCamera-JNI-Java(20393): SecCamera.open()
05-25 12:46:54.031 E/SecCamera-JNI-Java(20393): SecCamera()
05-25 12:46:54.031 E/CameraService( 2478): com.sec.android.app.camera
05-25 12:46:54.031 I/OMXCodec( 2478): [OMX.google.vorbis.decoder] allocating 4 buffers of size 32768 on output port
05-25 12:46:54.036 W/EDMNativeHelper( 2478): EDMNativeHelperService is published
05-25 12:46:54.036 I/AudioPlayer( 2478):  Audioplayer kKeyAudioPCMFormat:1, 1, 0
05-25 12:46:54.036 I/AudioPlayer( 2478):  Audioplayer1 (1, 1)
05-25 12:46:54.036 V/AudioCache( 2478): open(48000, 1, 0x0, 1, 4)
05-25 12:46:54.036 I/EDMNativeHelperService( 2925): isCameraEnabled
05-25 12:46:54.036 E/CameraService( 2478): CameraService::connect before lock (pid 20393, org id 0)
05-25 12:46:54.036 E/CameraService( 2478): orgID: 0 checkingID: 0 seems GOOD
05-25 12:46:54.036 E/CameraService( 2478): orgID: 0 checkingID: 1 seems GOOD
05-25 12:46:54.036 V/AwesomePlayer( 2478): addBatteryData
05-25 12:46:54.036 E/CameraService( 2478): orgID: 0 checkingID: 2 seems GOOD
05-25 12:46:54.036 E/CameraService( 2478): orgID: 0 checkingID: 3 seems GOOD
05-25 12:46:54.036 E/CameraService( 2478): orgID: 0 checkingID: 4 seems GOOD
05-25 12:46:54.036 V/MediaPlayerService( 2478): wait for playback complete
05-25 12:46:54.036 V/MediaPlayer( 2478): constructor
05-25 12:46:54.036 V/MediaPlayerService( 2478): Client(32) constructor
05-25 12:46:54.036 V/MediaPlayerService( 2478): Create new client(32) from pid 2478, uid 10126, 
05-25 12:46:54.036 I/MediaPlayerFactory( 2478): Can`t play mp3 and ogg file on NuPlayer , create Awesomeplayer.
05-25 12:46:54.036 V/MediaPlayerService( 2478): player type = 3
05-25 12:46:54.036 V/AwesomePlayer( 2478): setDefault
05-25 12:46:54.036 V/AwesomePlayer( 2478): constructor
05-25 12:46:54.041 V/AwesomePlayer( 2478): setDefault
05-25 12:46:54.041 V/AwesomePlayer( 2478): reset_l()
05-25 12:46:54.041 V/AwesomePlayer( 2478): reset_l() while (mFlags & PREPARING) condition check
05-25 12:46:54.041 V/AwesomePlayer( 2478): cancelPlayerEvents (keepNotifications=0)
05-25 12:46:54.041 V/AwesomePlayer( 2478): mAudioTrackVector clear
05-25 12:46:54.041 V/AwesomePlayer( 2478): mAudioTrackVector clear
05-25 12:46:54.041 V/AwesomePlayer( 2478): reset_l() mAudioPlayer successfully deleted
05-25 12:46:54.041 V/AwesomePlayer( 2478): mSecMediaClock clear
05-25 12:46:54.041 V/StagefrightPlayer( 2478): StagefrightPlayer
05-25 12:46:54.041 V/AwesomePlayer( 2478): setListener
05-25 12:46:54.041 V/StagefrightPlayer( 2478): initCheck
05-25 12:46:54.041 V/AwesomePlayer( 2478): AwesomePlayer running on behalf of uid 10126
05-25 12:46:54.041 V/AudioSink( 2478): AudioOutput(993)
05-25 12:46:54.041 V/AwesomePlayer( 2478): setAudioSink
05-25 12:46:54.041 V/AwesomePlayer( 2478): reset_l()
05-25 12:46:54.041 V/AwesomePlayer( 2478): reset_l() while (mFlags & PREPARING) condition check
05-25 12:46:54.041 V/AwesomePlayer( 2478): cancelPlayerEvents (keepNotifications=0)
05-25 12:46:54.041 V/AwesomePlayer( 2478): mAudioTrackVector clear
05-25 12:46:54.041 V/AwesomePlayer( 2478): mAudioTrackVector clear
05-25 12:46:54.041 V/AwesomePlayer( 2478): reset_l() mAudioPlayer successfully deleted
05-25 12:46:54.041 V/AwesomePlayer( 2478): mSecMediaClock clear
05-25 12:46:54.041 I/AwesomePlayer( 2478): setDataSource_l(URL suppressed)
05-25 12:46:54.041 I/AwesomePlayer( 2478): asf_dynamic_buffering ----> setDataSource : /system/media/audio/ui/Shutter.ogg
05-25 12:46:54.041 I/        ( 2478): asf_dynamic_buffering ----> URL : /system/media/audio/ui/Shutter.ogg, mUseASFCache set false
05-25 12:46:54.041 V/MediaPlayerService( 2478):  setDataSource
05-25 12:46:54.041 V/MediaPlayerService( 2478): [32] setParameter(1604)
05-25 12:46:54.041 V/StagefrightPlayer( 2478): setParameter(key=1604)
05-25 12:46:54.041 V/AwesomePlayer( 2478): setParameter key (1604)
05-25 12:46:54.041 V/AwesomePlayer( 2478): Current Contet PID : 2478
05-25 12:46:54.041 V/MediaPlayerService( 2478): [32] getParameter(1700)
05-25 12:46:54.041 V/MediaPlayer( 2478): MediaPlayer::setAudioStreamType
05-25 12:46:54.041 V/MediaPlayer( 2478): prepare
05-25 12:46:54.041 V/MediaPlayerService( 2478): [32] setAudioStreamType(7)
05-25 12:46:54.041 V/MediaPlayerService( 2478): [32] prepareAsync
05-25 12:46:54.041 V/AwesomePlayer( 2478): prepareAsync
05-25 12:46:54.041 I/OMXCodec( 2478): [OMX.google.vorbis.decoder] End Of Stream
05-25 12:46:54.041 V/AwesomePlayer( 2478): onPrepareAsyncEvent
05-25 12:46:54.041 I/SecMediaClock( 2478): SecMediaClock constructor
05-25 12:46:54.041 I/SecMediaClock( 2478): reset
05-25 12:46:54.041 V/AwesomePlayer( 2478): finishSetDataSource_l
05-25 12:46:54.041 I/Camera2 (20393): initNfcState : mNfcState = 1, mAndroidBeamState = false
05-25 12:46:54.041 V/AwesomePlayer( 2478): postAudioEOS delayUs (0)
05-25 12:46:54.046 I/AudioService( 2925):  AudioFocus  abandonAudioFocus() from 20393
05-25 12:46:54.046 V/AwesomePlayer( 2478): onCheckAudioStatus
05-25 12:46:54.046 V/AwesomePlayer( 2478): onCheckAudioStatus() set AUDIO_AT_EOS flag
05-25 12:46:54.046 V/AwesomePlayer( 2478): onStreamDone
05-25 12:46:54.046 V/AwesomePlayer( 2478): MEDIA_PLAYBACK_COMPLETE
05-25 12:46:54.046 V/AwesomePlayer( 2478): notifyListner_l() msg (2-MEDIA_PLAYBACK_COMPLETE), ext1 (0), ext2 (0)
05-25 12:46:54.046 V/AudioCache( 2478): notify(0x4274ec78, 2, 0, 0)
05-25 12:46:54.046 V/AudioCache( 2478): playback complete - thread will wake up later
05-25 12:46:54.046 V/AwesomePlayer( 2478): cancelPlayerEvents (keepNotifications=1)
05-25 12:46:54.046 V/MediaExtractor( 2478): Autodetected media content as 'application/ogg' with confidence 0.20
05-25 12:46:54.046 V/AwesomePlayer( 2478): track of type 'audio/vorbis' does not publish bitrate
05-25 12:46:54.046 V/AwesomePlayer( 2478): mBitrate = -1 bits/sec
05-25 12:46:54.046 W/AwesomePlayer( 2478): couldn't get userdata - Weather
05-25 12:46:54.046 W/AwesomePlayer( 2478): couldn't get userdata - Authorization 
05-25 12:46:54.046 W/AwesomePlayer( 2478): couldn't get userdata - SnapShot 
05-25 12:46:54.046 W/AwesomePlayer( 2478): couldn't get userdata - SMRD
05-25 12:46:54.046 V/AwesomePlayer( 2478): current audio track index (0) is added to vector
05-25 12:46:54.046 V/AwesomePlayer( 2478): setDataSource_l: Audio(1), Video(0)
05-25 12:46:54.046 I/AwesomePlayer( 2478): AwesomePlayer::setDataSource_l():: This is not a DRM content
05-25 12:46:54.046 V/AwesomePlayer( 2478): initAudioDecoder
05-25 12:46:54.046 I/OMXCodec( 2478): OMXCodec::Create mime (audio/vorbis), flags (0), matchComponentName ((null)), createEncoder (0)
05-25 12:46:54.046 I/OMXCodec( 2478): Attempting to allocate OMX node 'OMX.google.vorbis.decoder'
05-25 12:46:54.046 I/OMXCodec( 2478): Successfully allocated OMX node 'OMX.google.vorbis.decoder'
05-25 12:46:54.046 I/OMXCodec( 2478): [OMX.google.vorbis.decoder] allocating 4 buffers of size 8192 on input port
05-25 12:46:54.046 D/PowerManagerService( 2925): [api] acquire WakeLock flags=0xa tag=Camera2 uid=10126 pid=20393
05-25 12:46:54.051 I/OMXCodec( 2478): [OMX.google.vorbis.decoder] allocating 4 buffers of size 32768 on output port
05-25 12:46:54.051 I/CustomFrequencyManager(20393): newFrequencyRequest  - mFrequency = -1, mTimeoutMs = -1, mPkgName = com.sec.android.app.camera@1
05-25 12:46:54.051 I/CustomFrequencyManager(20393): Boost Request from package = com.sec.android.app.camera@1 frequency : -1type = 8
05-25 12:46:54.051 I/CustomFrequencyManager(20393): !! pkgName = com.sec.android.app.camera@1
05-25 12:46:54.051 I/CustomFrequencyManager(20393): Request from package name pkgName = com.sec.android.app.camera@1
05-25 12:46:54.051 I/CustomFrequencyManager(20393): mContext is Not Null  mContext.pkgName = com.sec.android.app.camera
05-25 12:46:54.051 I/CustomFrequencyManager(20393): mToken is Null....Creating New Binder!
05-25 12:46:54.051 I/CustomFrequencyManager(20393): MMCBurstControlRequest : doFrequencyRequest:: mFrequency = -1, mTimeoutMs = -1, mPkgName = com.sec.android.app.camera@1
05-25 12:46:54.051 V/AwesomePlayer( 2478): addBatteryData
05-25 12:46:54.051 V/AudioCache( 2478): wait - success
05-25 12:46:54.051 V/StagefrightPlayer( 2478): reset
05-25 12:46:54.051 V/AwesomePlayer( 2478): reset_l()
05-25 12:46:54.051 V/AwesomePlayer( 2478): reset_l() while (mFlags & PREPARING) condition check
05-25 12:46:54.051 V/AwesomePlayer( 2478): cancelPlayerEvents (keepNotifications=0)
05-25 12:46:54.051 V/AwesomePlayer( 2478): mAudioTrackVector clear
05-25 12:46:54.051 V/AwesomePlayer( 2478): mAudioTrackVector clear
05-25 12:46:54.051 I/OMXCodec( 2478): [OMX.google.vorbis.decoder] stop() sendCommand(0x34, OMX_CommandStateSet, OMX_StateIdle)
05-25 12:46:54.051 I/OggExtractor( 2478): ~OggSource --
05-25 12:46:54.051 I/OggExtractor( 2478): ~OggExtractor ++
05-25 12:46:54.051 I/OggExtractor( 2478): ~MyVorbisExtractor ++ 
05-25 12:46:54.051 I/OggExtractor( 2478): ~MyVorbisExtractor --
05-25 12:46:54.051 I/OggExtractor( 2478): ~OggExtractor --
05-25 12:46:54.056 I/AudioPlayer( 2478): reset out
05-25 12:46:54.056 V/AwesomePlayer( 2478): reset_l() mAudioPlayer successfully deleted
05-25 12:46:54.056 I/SecMediaClock( 2478): SecMediaClock destructor
05-25 12:46:54.056 V/AwesomePlayer( 2478): mSecMediaClock clear
05-25 12:46:54.056 V/StagefrightPlayer( 2478): ~StagefrightPlayer
05-25 12:46:54.056 V/StagefrightPlayer( 2478): reset
05-25 12:46:54.056 V/AwesomePlayer( 2478): reset_l()
05-25 12:46:54.056 V/AwesomePlayer( 2478): reset_l() while (mFlags & PREPARING) condition check
05-25 12:46:54.056 V/AwesomePlayer( 2478): cancelPlayerEvents (keepNotifications=0)
05-25 12:46:54.056 V/AwesomePlayer( 2478): mAudioTrackVector clear
05-25 12:46:54.056 V/AwesomePlayer( 2478): mAudioTrackVector clear
05-25 12:46:54.056 V/AwesomePlayer( 2478): reset_l() mAudioPlayer successfully deleted
05-25 12:46:54.056 V/AwesomePlayer( 2478): mSecMediaClock clear
05-25 12:46:54.056 V/AwesomePlayer( 2478): destructor
05-25 12:46:54.056 V/AwesomePlayer( 2478): reset_l()
05-25 12:46:54.056 V/AwesomePlayer( 2478): reset_l() while (mFlags & PREPARING) condition check
05-25 12:46:54.056 V/AwesomePlayer( 2478): cancelPlayerEvents (keepNotifications=0)
05-25 12:46:54.056 V/AwesomePlayer( 2478): mAudioTrackVector clear
05-25 12:46:54.056 V/AwesomePlayer( 2478): mAudioTrackVector clear
05-25 12:46:54.056 V/AwesomePlayer( 2478): reset_l() mAudioPlayer successfully deleted
05-25 12:46:54.056 V/AwesomePlayer( 2478): mSecMediaClock clear
05-25 12:46:54.056 V/MediaPlayer(20393): decode(53, 15324648, 7653)
05-25 12:46:54.056 V/MediaPlayerService( 2478): decode(58, 15324648, 7653)
05-25 12:46:54.056 V/AwesomePlayer( 2478): finishAsyncPrepare_l
05-25 12:46:54.056 V/AwesomePlayer( 2478): notifyListner_l() msg (5-MEDIA_SET_VIDEO_SIZE), ext1 (0), ext2 (0)
05-25 12:46:54.056 V/MediaPlayerService( 2478): [32] notify (0x40102810, 5, 0, 0)
05-25 12:46:54.056 V/MediaPlayer( 2478): message received msg=5, ext1=0, ext2=0
05-25 12:46:54.056 V/MediaPlayer( 2478): New video size 0 x 0
05-25 12:46:54.056 V/AwesomePlayer( 2478): notifyListner_l() msg (1-MEDIA_PREPARED), ext1 (0), ext2 (0)
05-25 12:46:54.056 V/MediaPlayerService( 2478): [32] notify (0x40102810, 1, 0, 0)
05-25 12:46:54.056 V/MediaPlayer( 2478): message received msg=1, ext1=0, ext2=0
05-25 12:46:54.056 V/MediaPlayer( 2478): prepared
05-25 12:46:54.056 V/MediaPlayer( 2478): signal application thread
05-25 12:46:54.056 V/MediaPlayerService( 2478): player type = 3
05-25 12:46:54.056 V/AwesomePlayer( 2478): setDefault
05-25 12:46:54.056 V/AwesomePlayer( 2478): constructor
05-25 12:46:54.056 V/MediaPlayer( 2478): prepare complete - status=0
05-25 12:46:54.056 V/MediaPlayer( 2478): constructor
05-25 12:46:54.056 V/MediaPlayerService( 2478): Client(33) constructor
05-25 12:46:54.056 V/MediaPlayerService( 2478): Create new client(33) from pid 2478, uid 10126, 
05-25 12:46:54.056 V/AwesomePlayer( 2478): setDefault
05-25 12:46:54.056 V/AwesomePlayer( 2478): reset_l()
05-25 12:46:54.056 V/AwesomePlayer( 2478): reset_l() while (mFlags & PREPARING) condition check
05-25 12:46:54.056 V/AwesomePlayer( 2478): cancelPlayerEvents (keepNotifications=0)
05-25 12:46:54.056 V/AwesomePlayer( 2478): mAudioTrackVector clear
05-25 12:46:54.056 V/AwesomePlayer( 2478): mAudioTrackVector clear
05-25 12:46:54.056 V/AwesomePlayer( 2478): reset_l() mAudioPlayer successfully deleted
05-25 12:46:54.056 V/AwesomePlayer( 2478): mSecMediaClock clear
05-25 12:46:54.056 V/StagefrightPlayer( 2478): StagefrightPlayer
05-25 12:46:54.056 V/AwesomePlayer( 2478): setListener
05-25 12:46:54.056 V/StagefrightPlayer( 2478): initCheck
05-25 12:46:54.056 V/AwesomePlayer( 2478): setAudioSink
05-25 12:46:54.056 V/StagefrightPlayer( 2478): setDataSource(58, 15324648, 7653)
05-25 12:46:54.056 V/AwesomePlayer( 2478): setDataSource (79, 15324648, 7653)
05-25 12:46:54.056 V/AwesomePlayer( 2478): reset_l()
05-25 12:46:54.056 V/AwesomePlayer( 2478): reset_l() while (mFlags & PREPARING) condition check
05-25 12:46:54.056 V/AwesomePlayer( 2478): cancelPlayerEvents (keepNotifications=0)
05-25 12:46:54.056 V/AwesomePlayer( 2478): mAudioTrackVector clear
05-25 12:46:54.056 V/AwesomePlayer( 2478): mAudioTrackVector clear
05-25 12:46:54.056 V/AwesomePlayer( 2478): reset_l() mAudioPlayer successfully deleted
05-25 12:46:54.056 V/AwesomePlayer( 2478): mSecMediaClock clear
05-25 12:46:54.056 V/MediaExtractor( 2478): Autodetected media content as 'application/ogg' with confidence 0.20
05-25 12:46:54.061 I/MediaPlayerFactory( 2478): Can`t play mp3 and ogg file on NuPlayer , create Awesomeplayer.
05-25 12:46:54.061 V/MediaPlayerService( 2478): player type = 3
05-25 12:46:54.061 V/AwesomePlayer( 2478): setDefault
05-25 12:46:54.061 V/AwesomePlayer( 2478): constructor
05-25 12:46:54.061 V/AwesomePlayer( 2478): setDefault
05-25 12:46:54.061 V/AwesomePlayer( 2478): reset_l()
05-25 12:46:54.061 V/AwesomePlayer( 2478): reset_l() while (mFlags & PREPARING) condition check
05-25 12:46:54.061 V/AwesomePlayer( 2478): cancelPlayerEvents (keepNotifications=0)
05-25 12:46:54.061 V/AwesomePlayer( 2478): mAudioTrackVector clear
05-25 12:46:54.061 V/AwesomePlayer( 2478): mAudioTrackVector clear
05-25 12:46:54.061 V/AwesomePlayer( 2478): reset_l() mAudioPlayer successfully deleted
05-25 12:46:54.061 V/AwesomePlayer( 2478): mSecMediaClock clear
05-25 12:46:54.061 V/StagefrightPlayer( 2478): StagefrightPlayer
05-25 12:46:54.061 V/AwesomePlayer( 2478): setListener
05-25 12:46:54.061 V/StagefrightPlayer( 2478): initCheck
05-25 12:46:54.061 V/AwesomePlayer( 2478): AwesomePlayer running on behalf of uid 10126
05-25 12:46:54.061 V/AudioSink( 2478): AudioOutput(994)
05-25 12:46:54.061 V/AwesomePlayer( 2478): setAudioSink
05-25 12:46:54.061 V/AwesomePlayer( 2478): reset_l()
05-25 12:46:54.061 V/AwesomePlayer( 2478): reset_l() while (mFlags & PREPARING) condition check
05-25 12:46:54.061 V/AwesomePlayer( 2478): cancelPlayerEvents (keepNotifications=0)
05-25 12:46:54.061 V/AwesomePlayer( 2478): mAudioTrackVector clear
05-25 12:46:54.061 V/AwesomePlayer( 2478): mAudioTrackVector clear
