I/CustomFrequencyManager( 3330): Request from package name pkgName = com.sec.android.app.launcher@1
I/CustomFrequencyManager( 3330): mContext is Not Null  mContext.pkgName = com.sec.android.app.launcher
I/CustomFrequencyManager( 3330): mToken is Null....Creating New Binder!
I/CustomFrequencyManager( 3330): CPUDVFSControlRequest : doFrequencyRequest::  = 1300000 Timeout : 200
I/VlingoApplication(25675): VlingoApplication appVersion ='11.0.0.1.20421'
D/InputReader( 2928): Input event: value=0
I/InputReader( 2928): Touch event's action is 0x1 (deviceType=0) [pCnt=1, s=] when=20544685821000
I/InputDispatcher( 2928): Delivering touch to current input target: action: 0x1
I/InputDispatcher( 2928): Delivering touch to current input target: action: 0x1
I/InputDispatcher( 2928): Delivering touch to current input target: action: 0x1
I/InputDispatcher( 2928): Delivering touch to current input target: action: 0x1
I/InputDispatcher( 2928): Delivering touch to current input target: action: 0x1
D/GestureDetector( 3330): [Surface Touch Event] mSweepDown False, mLRSDCnt : -1 mTouchCnt : 5 mFalseSizeCnt:0
I/AudioPolicyManagerBase( 2476): getSituationVolume: isBTConnected:0 isHeadConnected:1
V/AudioPolicyManagerBase( 2476): getParamFromPolicy  deviceInt = 0, situationInt = 1, situationVolume = 0.700000
V/AudioPolicyManagerBase( 2476): getOutput() stream 1, samplingRate 0, format 0, channelMask 3, flags 0
V/AudioPolicyManagerBase( 2476): getOutputsForDevice device 0004 -> 0004
V/AudioPolicyManagerBase( 2476): getOutput() returns output 2
V/AudioPolicyManagerBase( 2476): getOutput() stream 1, samplingRate 0, format 0, channelMask 3, flags 0
V/AudioPolicyManagerBase( 2476): getOutputsForDevice device 0004 -> 0004
V/AudioPolicyManagerBase( 2476): getOutput() returns output 2
V/AudioPolicyManagerBase( 2476): getOutput() stream 1, samplingRate 48000, format 1, channelMask 1, flags 4
V/AudioPolicyManagerBase( 2476): getOutputsForDevice device 0004 -> 0004
V/AudioPolicyManagerBase( 2476): getOutput() returns output 2
V/LvOutput( 2476): initCheck: 0
V/LvOutput( 2476): attachEffects: attach processing to output 2, stream 1, session 839, mode 0
I/CustomFrequencyManager( 2928): newFrequencyRequest  - mFrequency = 1200000, mTimeoutMs = -1, mPkgName = ACTIVITY_RESUME_BOOSTER@4
I/CustomFrequencyManager( 2928): Boost Request from package = ACTIVITY_RESUME_BOOSTER@4 frequency : 1200000type = 6
I/CustomFrequencyManager( 2928): !! pkgName = ACTIVITY_RESUME_BOOSTER@4
I/CustomFrequencyManager( 2928): Request from package name pkgName = ACTIVITY_RESUME_BOOSTER@4
I/CustomFrequencyManager( 2928): mContext is Not Null  mContext.pkgName = android
I/CustomFrequencyManager( 2928): 2 Old token will be reused!
I/CustomFrequencyManager( 2928): CPUDVFSControlRequest : doFrequencyRequest::  = 1200000 Timeout : -1
I/CustomFrequencyManager( 2928): newFrequencyRequest  - mFrequency = 266, mTimeoutMs = -1, mPkgName = ACTIVITY_RESUME_BOOSTER@5
I/CustomFrequencyManager( 2928): Boost Request from package = ACTIVITY_RESUME_BOOSTER@5 frequency : 266type = 1
I/CustomFrequencyManager( 2928): !! pkgName = ACTIVITY_RESUME_BOOSTER@5
I/CustomFrequencyManager( 2928): Request from package name pkgName = ACTIVITY_RESUME_BOOSTER@5
I/CustomFrequencyManager( 2928): mContext is Not Null  mContext.pkgName = android
I/CustomFrequencyManager( 2928): 2 Old token will be reused!
I/CustomFrequencyManager( 2928): GPU : doFrequencyRequest::  = 266 Timeout : -1
I/CustomFrequencyManager( 2928): GPU : doFrequencyRequest::  = 266 Timeout : -1
V/LvOutput( 2476): attachEffects: no output processing needs to be attached to this stream
V/LvOutput( 2476): LvOutput::setAllProcessorEnabled(false) mOutputs.size(0)
V/AudioPolicyManagerBase( 2476): startOutput() output 2, stream 1, session 839
V/AudioPolicyManagerBase( 2476): changeRefCount() stream 1, count 1
V/AudioPolicyManagerBase( 2476): getNewDevice() selected device 4
W/ActivityManager( 2928): mDVFSHelper.acquire()
I/AudioHardwareTinyALSA( 2476): AudioStreamOutALSA::write setDevice
I/AudioHardwareTinyALSA( 2476): enable_hdmi_audio:0
D/AudioHardwareTinyALSA( 2476): OutALSA::setDevice: mode = 0, newDevice=0x4, currentDevice=0x4 ,force= 0
D/AudioHardwareTinyALSA( 2476): OutALSA::setDevice: mDevice 0x4, newDevice = 0x4
D/AudioHardwareTinyALSA( 2476): setOutputVolume
D/TinyUCM ( 2476): setModifier Normal, en=1
I/AudioHardwareTinyALSA( 2476): OutALSA::setDevice: mHandle NULL mode[0], Device[00000004] nDevice:0 
I/AudioHardwareTinyALSA( 2476): Open:+ mDefaults->direction=0 device=0
D/AudioHardwareTinyALSA( 2476): Channel: 2, Samplerate: 48000, Format: 0, Peroid Size: 960, Period Count: 4
V/AudioPolicyManagerBase( 2476): releaseOutput() 2
I/AudioHardwareTinyALSA( 2476): Open:- mDefaults->direction=0 device=0 mHandle: 42277008
D/AudioHardwareTinyALSA( 2476): setPcmInterface: Stream=0x1, iSamplerate=16000++
D/AudioHardwareTinyALSA( 2476): setPcmInterface--
W/ContextImpl( 2928): Calling a method in the system process without a qualified user: android.app.ContextImpl.sendBroadcast:1337 com.android.server.am.ActivityStack.startPausingLocked:1342 com.android.server.am.ActivityStack.resumeTopActivityLocked:2410 com.android.server.am.ActivityStack.resumeTopActivityLocked:2196 com.android.server.am.ActivityStack.resumeTopActivityLocked:2182 
V/SmartFaceService - 3rd party pause( 2928): onReceive [android.intent.action.ACTIVITY_STATE/com.sec.android.app.launcher/pause]
I/SurfaceFlinger( 2473): id=355(76) createSurf 0x41f86dcc (1x1),1 flag=404, subidium
V/WindowManager( 2928): Window{42e80110 u0 Keyguard}mOrientationRequetedFromKeyguard=false
D/Launcher( 3330): onPause, Launcher: 1113495312
D/Launcher.HomeView( 3330): onPause
D/Launcher.Workspace( 3330): exitWidgetResizeMode State: NORMAL, newDragStarted: false
V/TaskCloserActivity(25568): TaskCloserActivity onReceive() - com.sec.android.intent.action.HOME_PAUSE
E/SELinux (25689): selinux_android_seapp_context_reload: seapp_contexts file is loaded from /seapp_contexts
D/dalvikvm(25689): Late-enabling CheckJNI
W/ContextImpl( 2928): Calling a method in the system process without a qualified user: android.app.ContextImpl.sendBroadcast:1323 com.android.server.am.ActivityManagerService.computeOomAdjLocked:14825 com.android.server.am.ActivityManagerService.computeOomAdjLocked:14485 com.android.server.am.ActivityManagerService.updateOomAdjLocked:15116 com.android.server.am.ActivityManagerService.updateOomAdjLocked:15311 
D/WindowManager( 2928): computeScreenConfigurationLocked() set config.orientation=1 dw=1080 dh=1920 Callers=com.android.server.wm.WindowManagerService.updateOrientationFromAppTokensLocked:5153 com.android.server.wm.WindowManagerService.updateOrientationFromAppTokens:5122 com.android.server.am.ActivityStack.realStartActivityLocked:907 
D/PowerManagerService( 2928): setKeyboardVisibility: false
W/ContextImpl( 2928): Calling a method in the system process without a qualified user: android.app.ContextImpl.sendBroadcast:1323 com.android.server.am.ActivityManagerService.computeOomAdjLocked:14831 com.android.server.am.ActivityManagerService.updateOomAdjLocked:15116 com.android.server.am.ActivityManagerService.updateOomAdjLocked:15311 com.android.server.am.ActivityManagerService.updateLruProcessLocked:2199 
D/SurfaceWidgetClient( 3594): [123490] SurfaceWidgetClient onTrimMemory level: 20
W/ContextImpl( 2928): Calling a method in the system process without a qualified user: android.app.ContextImpl.sendBroadcast:1337 com.android.server.am.ActivityStack.realStartActivityLocked:957 com.android.server.am.ActivityManagerService.attachApplicationLocked:4994 com.android.server.am.ActivityManagerService.attachApplication:5086 android.app.ActivityManagerNative.onTransact:411 
D/SurfaceWidgetClient( 3630): [123490] SurfaceWidgetClient onTrimMemory level: 20
V/SmartFaceService - 3rd party pause( 2928): onReceive [android.intent.action.ACTIVITY_STATE/com.rubidium/create]
V/WindowManager( 2928): Window{42e80110 u0 Keyguard}mOrientationRequetedFromKeyguard=false
D/PointerIcon( 2928): setHoveringSpenIconStyle1 pointerType: 10001iconType:1 flag:0
D/PointerIcon( 2928): setHoveringSpenCustomIcon IconType is same.1
W/ContextImpl( 2928): Calling a method in the system process without a qualified user: android.app.ContextImpl.sendBroadcast:1323 com.android.internal.policy.impl.PhoneWindowManager.notifyToSSRM:4777 com.android.internal.policy.impl.PhoneWindowManager.access$200:226 com.android.internal.policy.impl.PhoneWindowManager$PolicyHandler.handleMessage:656 android.os.Handler.dispatchMessage:99 
I/CustomFrequencyManager( 2928): newFrequencyRequest  - mFrequency = 480, mTimeoutMs = -1, mPkgName = FS_GPU_FREQ_MAX@9
I/CustomFrequencyManager( 2928): Boost Request from package = FS_GPU_FREQ_MAX@9 frequency : 480type = 9
I/CustomFrequencyManager( 2928): !! pkgName = FS_GPU_FREQ_MAX@9
I/CustomFrequencyManager( 2928): Request from package name pkgName = FS_GPU_FREQ_MAX@9
I/CustomFrequencyManager( 2928): mContext is Not Null  mContext.pkgName = android
I/CustomFrequencyManager( 2928): 2 Old token will be reused!
I/CustomFrequencyManager( 2928): GPU : doFrequencyRequest::  = 480 Timeout : -1
I/CustomFrequencyManager( 2928): GPU : doFrequencyRequest::  = 480 Timeout : -1
W/ActivityThread(25689): Application com.rubidium can be debugged on port 8100...
D/STATUSBAR-PhoneStatusBar( 3154): animateCollapsePanels
D/SurfaceWidgetClient( 3617): [123490] SurfaceWidgetClient onTrimMemory level: 20
V/LvOutput( 2476): initCheck: 0
V/LvOutput( 2476): detachEffects: detach processing for output 2, stream 1, session 839
V/LvOutput( 2476): detachEffects: no output processing was attached to this stream
V/AudioPolicyManagerBase( 2476): stopOutput() output 2, stream 1, session 839
V/AudioPolicyManagerBase( 2476): changeRefCount() stream 1, count 0
V/AudioPolicyManagerBase( 2476): getNewDevice() selected device 0
D/Launcher( 3330): onTrimMemory. Level: 20
D/dalvikvm(25689): GC_FOR_ALLOC freed 59K, 6% free 16970K/17976K, paused 15ms, total 16ms
V/MediaPlayer-JNI(25675): native_setup
V/MediaPlayer(25675): constructor
V/MediaPlayer(25675): setListener
V/WindowManager( 2928): Window{42e80110 u0 Keyguard}mOrientationRequetedFromKeyguard=false
I/SurfaceFlinger( 2473): id=356(1) createSurf 0x41f924f4 (1x1),1 flag=404, TplashScree
V/WindowManager( 2928): Window{42e80110 u0 Keyguard}mOrientationRequetedFromKeyguard=false
D/STATUSBAR-StatusBarManagerService( 2928): manageDisableList what=0x0 pkg=WindowManager.LayoutParams
D/PointerIcon( 2928): setHoveringSpenIconStyle1 pointerType: 10001iconType:1 flag:0
D/PointerIcon( 2928): setHoveringSpenCustomIcon IconType is same.1
D/libEGL  (25689): loaded /vendor/lib/egl/libEGL_POWERVR_SGX544_115.so
D/libEGL  (25689): loaded /vendor/lib/egl/libGLESv1_CM_POWERVR_SGX544_115.so
D/libEGL  (25689): loaded /vendor/lib/egl/libGLESv2_POWERVR_SGX544_115.so
I/        (25689): !@IMGSRV: DATE: 2013.04.23(11:19:33) | BUILDER: LSI3D | REVISION: e9cd1377d8225457ae40
D/OpenGLRenderer(25689): Enabling debug mode 0
E/EnterpriseContainerManager( 2928): ContainerPolicy Service is not yet ready!!!
D/EnterpriseDeviceManager( 2928): ContainerId: 0
W/LicenseLogService( 2928): log() is called by non admin
W/ContextImpl( 2928): Calling a method in the system process without a qualified user: android.app.ContextImpl.sendBroadcast:1323 com.android.server.InputMethodManagerService$5.run:2283 java.lang.Thread.run:856 <bottom of call stack> <bottom of call stack> 
D/Launcher( 3330): onStop, Launcher: 1113495312
D/Launcher.HomeView( 3330): onStop
D/SurfaceWidgetClient$ISurfaceWidgetStub( 3594): [123490] Surface widget visibility changed visibility = false on instance = 1
D/SurfaceWidgetClient$ISurfaceWidgetStub( 3617): [123490] Surface widget visibility changed visibility = false on instance = 1
I/LSS-II: ( 2928): proc wait in:com.sec.android.widgetapp.ap.hero.accuweather,adj=9LRU num=70,i=46
I/SurfaceFlinger( 2473): id=354 Removed Mauncher (1/7)
I/SurfaceFlinger( 2473): id=354 Removed Mauncher (-2/7)
W/ActivityManager( 2928): mDVFSHelper.release()
I/SurfaceFlinger( 2473): id=355 Removed subidium (2/6)
I/SurfaceFlinger( 2473): id=355 Removed subidium (-2/6)
I/CustomFrequencyManager( 2928): newFrequencyRequest  - mFrequency = 1200000, mTimeoutMs = -1, mPkgName = ACTIVITY_RESUME_BOOSTER@4
I/CustomFrequencyManager( 2928): Boost Request from package = ACTIVITY_RESUME_BOOSTER@4 frequency : 1200000type = 6
I/CustomFrequencyManager( 2928): !! pkgName = ACTIVITY_RESUME_BOOSTER@4
I/CustomFrequencyManager( 2928): Request from package name pkgName = ACTIVITY_RESUME_BOOSTER@4
I/CustomFrequencyManager( 2928): mContext is Not Null  mContext.pkgName = android
I/CustomFrequencyManager( 2928): 2 Old token will be reused!
I/CustomFrequencyManager( 2928): CPUDVFSControlRequest : doFrequencyRequest::  = 1200000 Timeout : -1
I/CustomFrequencyManager( 2928): newFrequencyRequest  - mFrequency = 266, mTimeoutMs = -1, mPkgName = ACTIVITY_RESUME_BOOSTER@5
I/CustomFrequencyManager( 2928): Boost Request from package = ACTIVITY_RESUME_BOOSTER@5 frequency : 266type = 1
I/CustomFrequencyManager( 2928): !! pkgName = ACTIVITY_RESUME_BOOSTER@5
I/CustomFrequencyManager( 2928): Request from package name pkgName = ACTIVITY_RESUME_BOOSTER@5
I/CustomFrequencyManager( 2928): mContext is Not Null  mContext.pkgName = android
I/CustomFrequencyManager( 2928): 2 Old token will be reused!
I/CustomFrequencyManager( 2928): GPU : doFrequencyRequest::  = 266 Timeout : -1
I/CustomFrequencyManager( 2928): GPU : doFrequencyRequest::  = 266 Timeout : -1
W/ActivityManager( 2928): mDVFSHelper.acquire()
W/ContextImpl( 2928): Calling a method in the system process without a qualified user: android.app.ContextImpl.sendBroadcast:1337 com.android.server.am.ActivityStack.startPausingLocked:1342 com.android.server.am.ActivityStack.resumeTopActivityLocked:2410 com.android.server.am.ActivityStack.resumeTopActivityLocked:2196 com.android.server.am.ActivityStack.resumeTopActivityLocked:2182 
V/SmartFaceService - 3rd party pause( 2928): onReceive [android.intent.action.ACTIVITY_STATE/com.rubidium/pause]
D/ActivityManager( 2928): Trying to launch com.rubidium/.LoginActivity
D/WindowManager( 2928): computeScreenConfigurationLocked() set config.orientation=1 dw=1080 dh=1920 Callers=com.android.server.wm.WindowManagerService.updateOrientationFromAppTokensLocked:5153 com.android.server.wm.WindowManagerService.updateOrientationFromAppTokens:5122 com.android.server.am.ActivityStack.realStartActivityLocked:907 
D/PowerManagerService( 2928): setKeyboardVisibility: false
D/PointerIcon( 2928): setHoveringSpenIconStyle1 pointerType: 10001iconType:1 flag:0
D/PointerIcon( 2928): setHoveringSpenCustomIcon IconType is same.1
W/ContextImpl( 2928): Calling a method in the system process without a qualified user: android.app.ContextImpl.sendBroadcast:1337 com.android.server.am.ActivityStack.realStartActivityLocked:957 com.android.server.am.ActivityStack.startSpecificActivityLocked:1122 com.android.server.am.ActivityStack.resumeTopActivityLocked:2733 com.android.server.am.ActivityStack.resumeTopActivityLocked:2196 
W/ContextImpl( 2928): Calling a method in the system process without a qualified user: android.app.ContextImpl.sendBroadcast:1323 com.android.internal.policy.impl.PhoneWindowManager.notifyToSSRM:4777 com.android.internal.policy.impl.PhoneWindowManager.access$200:226 com.android.internal.policy.impl.PhoneWindowManager$PolicyHandler.handleMessage:656 android.os.Handler.dispatchMessage:99 
V/SmartFaceService - 3rd party pause( 2928): onReceive [android.intent.action.ACTIVITY_STATE/com.rubidium/create]
D/dalvikvm(25689): GC_CONCURRENT freed 217K, 6% free 18779K/19948K, paused 4ms+2ms, total 17ms
D/dalvikvm(25689): WAIT_FOR_CONCURRENT_GC blocked 13ms
I/dalvikvm-heap(25689): Grow heap (frag case) to 20.379MB for 1175056-byte allocation
D/dalvikvm(25689): GC_FOR_ALLOC freed <1K, 6% free 19927K/21096K, paused 13ms, total 13ms
D/dalvikvm(25689): GC_CONCURRENT freed 4K, 6% free 20182K/21340K, paused 3ms+3ms, total 15ms
D/dalvikvm(25689): GC_FOR_ALLOC freed 372K, 7% free 22249K/23780K, paused 11ms, total 12ms
D/dalvikvm(25689): GC_FOR_ALLOC freed 743K, 7% free 28948K/30964K, paused 12ms, total 12ms
D/dalvikvm(25689): Trying to load lib /data/app-lib/com.rubidium-1/librbdPrompt.so 0x425378c0
D/dalvikvm(25689): Added shared lib /data/app-lib/com.rubidium-1/librbdPrompt.so 0x425378c0
D/dalvikvm(25689): No JNI_OnLoad found in /data/app-lib/com.rubidium-1/librbdPrompt.so 0x425378c0, skipping init
I/CustomFrequencyManager( 2928): newFrequencyRequest  - mFrequency = 1200000, mTimeoutMs = -1, mPkgName = ACTIVITY_RESUME_BOOSTER@4
I/CustomFrequencyManager( 2928): Boost Request from package = ACTIVITY_RESUME_BOOSTER@4 frequency : 1200000type = 6
I/CustomFrequencyManager( 2928): !! pkgName = ACTIVITY_RESUME_BOOSTER@4
I/CustomFrequencyManager( 2928): Request from package name pkgName = ACTIVITY_RESUME_BOOSTER@4
I/CustomFrequencyManager( 2928): mContext is Not Null  mContext.pkgName = android
I/CustomFrequencyManager( 2928): 2 Old token will be reused!
I/CustomFrequencyManager( 2928): CPUDVFSControlRequest : doFrequencyRequest::  = 1200000 Timeout : -1
I/CustomFrequencyManager( 2928): newFrequencyRequest  - mFrequency = 266, mTimeoutMs = -1, mPkgName = ACTIVITY_RESUME_BOOSTER@5
I/CustomFrequencyManager( 2928): Boost Request from package = ACTIVITY_RESUME_BOOSTER@5 frequency : 266type = 1
I/CustomFrequencyManager( 2928): !! pkgName = ACTIVITY_RESUME_BOOSTER@5
I/CustomFrequencyManager( 2928): Request from package name pkgName = ACTIVITY_RESUME_BOOSTER@5
I/CustomFrequencyManager( 2928): mContext is Not Null  mContext.pkgName = android
I/CustomFrequencyManager( 2928): 2 Old token will be reused!
I/CustomFrequencyManager( 2928): GPU : doFrequencyRequest::  = 266 Timeout : -1
I/CustomFrequencyManager( 2928): GPU : doFrequencyRequest::  = 266 Timeout : -1
W/ActivityManager( 2928): mDVFSHelper.acquire()
W/ContextImpl( 2928): Calling a method in the system process without a qualified user: android.app.ContextImpl.sendBroadcast:1337 com.android.server.am.ActivityStack.startPausingLocked:1342 com.android.server.am.ActivityStack.resumeTopActivityLocked:2410 com.android.server.am.ActivityStack.resumeTopActivityLocked:2196 com.android.server.am.ActivityStack.resumeTopActivityLocked:2182 
V/SmartFaceService - 3rd party pause( 2928): onReceive [android.intent.action.ACTIVITY_STATE/com.rubidium/pause]
D/ActivityManager( 2928): Trying to launch com.rubidium/.MainActivity
D/WindowManager( 2928): computeScreenConfigurationLocked() set config.orientation=1 dw=1080 dh=1920 Callers=com.android.server.wm.WindowManagerService.updateOrientationFromAppTokensLocked:5153 com.android.server.wm.WindowManagerService.updateOrientationFromAppTokens:5122 com.android.server.am.ActivityStack.realStartActivityLocked:907 
D/PowerManagerService( 2928): setKeyboardVisibility: false
W/ContextImpl( 2928): Calling a method in the system process without a qualified user: android.app.ContextImpl.sendBroadcast:1337 com.android.server.am.ActivityStack.realStartActivityLocked:957 com.android.server.am.ActivityStack.startSpecificActivityLocked:1122 com.android.server.am.ActivityStack.resumeTopActivityLocked:2733 com.android.server.am.ActivityStack.resumeTopActivityLocked:2196 
V/SmartFaceService - 3rd party pause( 2928): onReceive [android.intent.action.ACTIVITY_STATE/com.rubidium/create]
D/ProgressBar(25689): setProgressDrawable mProgressDrawable = null, d = android.graphics.drawable.LayerDrawable@428a0228needUpdate = false
D/ProgressBar(25689): setProgressDrawable drawableHeight = 0
D/ProgressBar(25689): setProgress = 0
D/ProgressBar(25689): setProgress = 0, fromUser = false
D/ProgressBar(25689): mProgress = 0mIndeterminate = false, mMin = 0, mMax = 100
D/ProgressBar(25689): setProgressDrawable mProgressDrawable = null, d = android.graphics.drawable.LayerDrawable@42aecdf8needUpdate = false
D/ProgressBar(25689): setProgressDrawable drawableHeight = 0
D/ProgressBar(25689): setProgress = 0
D/ProgressBar(25689): setProgress = 0, fromUser = false
D/ProgressBar(25689): mProgress = 0mIndeterminate = false, mMin = 0, mMax = 100
D/AbsListView(25689): Get MotionRecognitionManager
D/MotionRecognitionService( 2928):  ssp status : true
D/ProgressBar(25689): setProgress = 50
D/ProgressBar(25689): setProgress = 50, fromUser = false
D/ProgressBar(25689): mProgress = 0mIndeterminate = false, mMin = 0, mMax = 100
I/Setting (25689): Model id = 1 Model name = HelloRubidium_iso_3_6_nh Admin = enable
V/AudioPolicyManagerBase( 2476): getInput() inputSource 1, samplingRate 48000, format 1, channelMask 10, acoustics 0
D/AudioHardwareTinyALSA( 2476): Input	: format = 1, channels = 16, rate = 48000
D/AudioHardwareTinyALSA( 2476): default	: format = 0, channelCount = 2, rate = 16000
D/AudioHardwareTinyALSA( 2476): AudioStreamOps::set set IN_Channels : 10
D/AudioHardwareTinyALSA( 2476): mInputs.size : 1
V/AudioPolicyManagerBase( 2476): registerEffect() effect Automatic Gain Control, io 842, strategy 0 session 841 id 843
D/AudioHardwareTinyALSA( 2476): Entering AudioStreamInALSA standby mode
V/AudioPolicyManagerBase( 2476): registerEffect() memory 0, total memory 0
V/AudioPolicyManagerBase( 2476): registerEffect() effect Noise Suppression, io 842, strategy 0 session 841 id 844
V/AudioPolicyManagerBase( 2476): registerEffect() memory 0, total memory 0
D/AudioHardwareTinyALSA( 2476): Entering AudioStreamInALSA standby mode
V/AudioPolicyManagerBase( 2476): registerEffect() effect Acoustic Echo Canceler, io 842, strategy 0 session 841 id 845
V/AudioPolicyManagerBase( 2476): registerEffect() memory 0, total memory 0
V/AudioPolicyManagerBase( 2476): setEffectEnabled(true) total CPU 0
V/AudioPolicyManagerBase( 2476): setEffectEnabled(true) total CPU 0
V/AudioPolicyManagerBase( 2476): setEffectEnabled(true) total CPU 0
V/LvOutput( 2476): LvOutput::setAllProcessorEnabled(true) mOutputs.size(0)
V/AudioPolicyManagerBase( 2476): startInput() input 842
V/AudioPolicyManagerBase( 2476): AudioPolicyManager::startInput() input source = 1
I/AudioFlinger::EffectModule( 2476): lvveEffect uuid(0x03b75f00)
I/AudioFlinger::EffectModule( 2476): lvveEffect uuid(0x03b75f00)
I/AudioFlinger::EffectModule( 2476): lvveEffect uuid(0x03b75f00)
I/AudioFlinger::EffectModule( 2476): lvveEffect uuid(0xdf0afc20)
I/AudioFlinger::EffectModule( 2476): lvveEffect uuid(0xdf0afc20)
I/AudioFlinger::EffectModule( 2476): lvveEffect uuid(0xdf0afc20)
I/AudioFlinger::EffectModule( 2476): lvveEffect uuid(0xd6dbf400)
I/AudioFlinger::EffectModule( 2476): lvveEffect uuid(0xd6dbf400)
I/AudioFlinger::EffectModule( 2476): lvveEffect uuid(0xd6dbf400)
I/AudioHardwareTinyALSA( 2476): virtual android::status_t android::AudioStreamInALSA::setParameters(const android::String8&): input_source=1;routing=-2147483632
I/samsungRecord( 2476): [samsungrecord] SamsungRecInit 
I/samsungRecord( 2476): 1
D/AudioHardwareTinyALSA( 2476): InALSA::setDevice: mode = 0, newDevice=0x80000010, currentDevice=0x0 ,force= 0
D/AudioHardwareTinyALSA( 2476): InALSA::setDevice: mDevice 0x0, newDevice = 0x80000010
I/AudioHardwareTinyALSA( 2476): InALSA::setDevice: mode[0], Device[80000010] force=0
D/TinyUCM ( 2476): Enable Input dev(0x80000010)
D/TinyUCM ( 2476): setScenario: Voice
D/TinyUCM ( 2476): set default scenario
D/TinyUCM ( 2476): Disable Output dev(0x0)
D/TinyUCM ( 2476): getInputChannel: inputs = 0x80000010
D/TinyUCM ( 2476): set channel: Left
D/TinyUCM ( 2476): setModifier MicRec, en=1
D/AudioHardwareTinyALSA( 2476): setInputVolume
D/TinyUCM ( 2476): setModifier Voice, en=1
I/AudioHardwareTinyALSA( 2476): InALSA::setDevice: mHandle NULL mode[0], Device[80000010]
I/AudioHardwareTinyALSA( 2476): ALSAStreamOps::open(2, 1920) for PCM IN 
I/AudioHardwareTinyALSA( 2476): Open:+ mDefaults->direction=10000000 device=3
D/AudioHardwareTinyALSA( 2476): Channel: 2, Samplerate: 48000, Format: 0, Peroid Size: 960, Period Count: 2
D/AbsListView(25689): onVisibilityChanged() is called, visibility : 4
D/AbsListView(25689): unregisterIRListener() is called 
I/AudioHardwareTinyALSA( 2476): Open:- mDefaults->direction=10000000 device=3 mHandle: 422aee90
D/AudioHardwareTinyALSA( 2476): setPcmInterface: Stream=0x2, iSamplerate=16000++
D/AudioHardwareTinyALSA( 2476): setPcmInterface--
D/AudioHardwareTinyALSA( 2476): Entering AudioStreamInALSA standby mode
I/AudioHardwareTinyALSA( 2476): Close mHandle:422aee90
D/AudioHardwareTinyALSA( 2476): InALSA::setDevice: mode = 0, newDevice=0x80000010, currentDevice=0x80000010 ,force= 0
D/AudioHardwareTinyALSA( 2476): InALSA::setDevice: mDevice 0x80000010, newDevice = 0x80000010
D/TinyUCM ( 2476): getInputChannel: inputs = 0x80000010
D/TinyUCM ( 2476): set channel: Left
D/TinyUCM ( 2476): setModifier MicRec, en=1
D/AudioHardwareTinyALSA( 2476): setInputVolume
D/TinyUCM ( 2476): setModifier Voice, en=1
I/AudioHardwareTinyALSA( 2476): InALSA::setDevice: mHandle NULL mode[0], Device[80000010]
I/AudioHardwareTinyALSA( 2476): ALSAStreamOps::open(2, 1920) for PCM IN 
I/AudioHardwareTinyALSA( 2476): Open:+ mDefaults->direction=10000000 device=3
D/AudioHardwareTinyALSA( 2476): Channel: 2, Samplerate: 48000, Format: 0, Peroid Size: 960, Period Count: 2
I/AudioHardwareTinyALSA( 2476): Open:- mDefaults->direction=10000000 device=3 mHandle: 422aee90
D/AudioHardwareTinyALSA( 2476): setPcmInterface: Stream=0x2, iSamplerate=16000++
D/AudioHardwareTinyALSA( 2476): setPcmInterface--
D/AbsListView(25689): onVisibilityChanged() is called, visibility : 0
D/AbsListView(25689): unregisterIRListener() is called 
D/AbsListView(25689): unregisterIRListener() is called 
V/SlidingMenu(25689): setting padding!
I/endeffect(25689): AbsListView.onMeasure(), getWidth()=0, getHeight()=0, this=android.widget.ListView{42f8e130 VFED.VC. ......I. 0,0-0,0 #7f04002e app:id/phrases_list}
I/endeffect(25689): AbsListView.onMeasure(), getWidth()=0, getHeight()=0, this=android.widget.ListView{42f8e130 VFED.VC. ......I. 0,0-0,0 #7f04002e app:id/phrases_list}
I/SurfaceFlinger( 2473): id=357(2) createSurf 0x41f9078c (1x1),1 flag=404, NainActivit
D/STATUSBAR-StatusBarManagerService( 2928): manageDisableList what=0x0 pkg=WindowManager.LayoutParams
D/PointerIcon( 2928): setHoveringSpenIconStyle1 pointerType: 10001iconType:1 flag:0
D/PointerIcon( 2928): setHoveringSpenCustomIcon IconType is same.1
W/ActivityManager( 2928): mDVFSHelper.release()
D/AbsListView(25689): unregisterIRListener() is called 
I/endeffect(25689): AbsListView.onLayout(), getWidth()=900, getHeight()=1746, this=android.widget.ListView{42f8e130 VFED.VC. ......ID 0,174-900,1920 #7f04002e app:id/phrases_list}
D/AbsListView(25689): onVisibilityChanged() is called, visibility : 4
D/AbsListView(25689): unregisterIRListener() is called 
V/CustomViewBehind(25689): behind INVISIBLE
D/AbsListView(25689): onVisibilityChanged() is called, visibility : 4
D/AbsListView(25689): unregisterIRListener() is called 
D/ProgressBar(25689): updateDrawableBounds: left = 0
D/ProgressBar(25689): updateDrawableBounds: top = 0
D/ProgressBar(25689): updateDrawableBounds: right = 875
D/ProgressBar(25689): updateDrawableBounds: bottom = 30
D/ProgressBar(25689): updateDrawableBounds: mProgressDrawable.setBounds()
V/WindowManager( 2928): Window{42e80110 u0 Keyguard}mOrientationRequetedFromKeyguard=false
I/CustomFrequencyManager( 2928): newFrequencyRequest  - mFrequency = 480, mTimeoutMs = -1, mPkgName = FS_GPU_FREQ_MAX@9
I/CustomFrequencyManager( 2928): Boost Request from package = FS_GPU_FREQ_MAX@9 frequency : 480type = 9
I/CustomFrequencyManager( 2928): !! pkgName = FS_GPU_FREQ_MAX@9
I/CustomFrequencyManager( 2928): Request from package name pkgName = FS_GPU_FREQ_MAX@9
I/CustomFrequencyManager( 2928): mContext is Not Null  mContext.pkgName = android
I/CustomFrequencyManager( 2928): 2 Old token will be reused!
I/CustomFrequencyManager( 2928): GPU : doFrequencyRequest::  = 480 Timeout : -1
I/CustomFrequencyManager( 2928): GPU : doFrequencyRequest::  = 480 Timeout : -1
D/AbsListView(25689): unregisterIRListener() is called 
W/ContextImpl( 2928): Calling a method in the system process without a qualified user: android.app.ContextImpl.sendBroadcast:1323 com.android.internal.policy.impl.PhoneWindowManager.notifyToSSRM:4777 com.android.internal.policy.impl.PhoneWindowManager.access$200:226 com.android.internal.policy.impl.PhoneWindowManager$PolicyHandler.handleMessage:656 android.os.Handler.dispatchMessage:99 
E/EnterpriseContainerManager( 2928): ContainerPolicy Service is not yet ready!!!
D/EnterpriseDeviceManager( 2928): ContainerId: 0
W/LicenseLogService( 2928): log() is called by non admin
W/ContextImpl( 2928): Calling a method in the system process without a qualified user: android.app.ContextImpl.sendBroadcast:1323 com.android.server.InputMethodManagerService$5.run:2283 java.lang.Thread.run:856 <bottom of call stack> <bottom of call stack> 
D/AudioHardwareTinyALSA( 2476): standby waiting for out autolock
D/AudioHardwareTinyALSA( 2476): Entering AudioStreamOutALSA standby mode nStreamOutputType:0
I/AudioHardwareTinyALSA( 2476): Close mHandle:42277008
I/endeffect(25689): AbsListView.onMeasure(), getWidth()=900, getHeight()=1746, this=android.widget.ListView{42f8e130 VFED.VC. ......ID 0,174-900,1920 #7f04002e app:id/phrases_list}
I/endeffect(25689): AbsListView.onMeasure(), getWidth()=900, getHeight()=1746, this=android.widget.ListView{42f8e130 VFED.VC. ......ID 0,174-900,1920 #7f04002e app:id/phrases_list}
D/AbsListView(25689): unregisterIRListener() is called 
I/endeffect(25689): AbsListView.onLayout(), getWidth()=900, getHeight()=1746, this=android.widget.ListView{42f8e130 VFED.VC. ......ID 0,174-900,1920 #7f04002e app:id/phrases_list}
V/WindowManager( 2928): Window{42e80110 u0 Keyguard}mOrientationRequetedFromKeyguard=false
E/SpannableStringBuilder(25689): SPAN_EXCLUSIVE_EXCLUSIVE spans cannot have a zero length
E/SpannableStringBuilder(25689): SPAN_EXCLUSIVE_EXCLUSIVE spans cannot have a zero length
I/SurfaceFlinger( 2473): id=356 Removed TplashScree (2/6)
I/SurfaceFlinger( 2473): id=356 Removed TplashScree (-2/6)
D/InputReader( 2928): Input event: value=1
I/InputReader( 2928): Touch event's action is 0x0 (deviceType=0) [pCnt=1, s=0.571 ] when=20548944781000
I/InputDispatcher( 2928): Delivering touch to current input target: action: 0x0
I/InputDispatcher( 2928): Delivering touch to current input target: action: 0x0
I/InputDispatcher( 2928): Delivering touch to current input target: action: 0x0
I/InputDispatcher( 2928): Delivering touch to current input target: action: 0x0
D/PowerManagerService( 2928): [api] userActivityFromNative : 130 (event: 2 flags: 0)
D/InputReader( 2928): Input event: value=0
I/InputReader( 2928): Touch event's action is 0x1 (deviceType=0) [pCnt=1, s=] when=20549025242000
I/InputDispatcher( 2928): Delivering touch to current input target: action: 0x1
I/InputDispatcher( 2928): Delivering touch to current input target: action: 0x1
I/InputDispatcher( 2928): Delivering touch to current input target: action: 0x1
I/InputDispatcher( 2928): Delivering touch to current input target: action: 0x1
D/GestureDetector(25689): [Surface Touch Event] mSweepDown False, mLRSDCnt : -1 mTouchCnt : 6 mFalseSizeCnt:0
I/AudioPolicyManagerBase( 2476): getSituationVolume: isBTConnected:0 isHeadConnected:1
V/AudioPolicyManagerBase( 2476): getParamFromPolicy  deviceInt = 0, situationInt = 1, situationVolume = 0.700000
V/AudioPolicyManagerBase( 2476): getOutput() stream 1, samplingRate 0, format 0, channelMask 3, flags 0
V/AudioPolicyManagerBase( 2476): getOutputsForDevice device 0004 -> 0004
V/AudioPolicyManagerBase( 2476): getOutput() returns output 2
V/AudioPolicyManagerBase( 2476): getOutput() stream 1, samplingRate 0, format 0, channelMask 3, flags 0
V/AudioPolicyManagerBase( 2476): getOutputsForDevice device 0004 -> 0004
V/AudioPolicyManagerBase( 2476): getOutput() returns output 2
V/AudioPolicyManagerBase( 2476): getOutput() stream 1, samplingRate 48000, format 1, channelMask 1, flags 4
V/AudioPolicyManagerBase( 2476): getOutputsForDevice device 0004 -> 0004
V/AudioPolicyManagerBase( 2476): getOutput() returns output 2
V/LvOutput( 2476): initCheck: 0
V/LvOutput( 2476): attachEffects: attach processing to output 2, stream 1, session 846, mode 0
V/LvOutput( 2476): attachEffects: no output processing needs to be attached to this stream
V/LvOutput( 2476): LvOutput::setAllProcessorEnabled(true) mOutputs.size(0)
V/AudioPolicyManagerBase( 2476): startOutput() output 2, stream 1, session 846
V/AudioPolicyManagerBase( 2476): changeRefCount() stream 1, count 1
V/AudioPolicyManagerBase( 2476): getNewDevice() selected device 4
V/AudioPolicyManagerBase( 2476): releaseOutput() 2
I/AudioHardwareTinyALSA( 2476): AudioStreamOutALSA::write setDevice
I/AudioHardwareTinyALSA( 2476): enable_hdmi_audio:0
D/AudioHardwareTinyALSA( 2476): OutALSA::setDevice: mode = 0, newDevice=0x4, currentDevice=0x4 ,force= 0
D/AudioHardwareTinyALSA( 2476): OutALSA::setDevice: mDevice 0x4, newDevice = 0x4
D/AudioHardwareTinyALSA( 2476): setOutputVolume
D/TinyUCM ( 2476): setModifier Normal, en=1
I/AudioHardwareTinyALSA( 2476): OutALSA::setDevice: mHandle NULL mode[0], Device[00000004] nDevice:0 
I/AudioHardwareTinyALSA( 2476): Open:+ mDefaults->direction=0 device=0
D/AudioHardwareTinyALSA( 2476): Channel: 2, Samplerate: 48000, Format: 0, Peroid Size: 960, Period Count: 4
I/AudioHardwareTinyALSA( 2476): Open:- mDefaults->direction=0 device=0 mHandle: 42277008
D/AudioHardwareTinyALSA( 2476): setPcmInterface: Stream=0x1, iSamplerate=16000++
D/AudioHardwareTinyALSA( 2476): setPcmInterface--
D/AbsListView(25689): onVisibilityChanged() is called, visibility : 0
D/AbsListView(25689): unregisterIRListener() is called 
D/AbsListView(25689): onVisibilityChanged() is called, visibility : 0
D/AbsListView(25689): unregisterIRListener() is called 
I/endeffect(25689): AbsListView.onMeasure(), getWidth()=900, getHeight()=1746, this=android.widget.ListView{42f8e130 VFED.VC. .F....ID 0,174-900,1920 #7f04002e app:id/phrases_list}
I/endeffect(25689): AbsListView.onMeasure(), getWidth()=900, getHeight()=1746, this=android.widget.ListView{42f8e130 VFED.VC. .F....ID 0,174-900,1920 #7f04002e app:id/phrases_list}
V/WindowManager( 2928): Window{42e80110 u0 Keyguard}mOrientationRequetedFromKeyguard=false
D/AbsListView(25689): unregisterIRListener() is called 
I/endeffect(25689): AbsListView.onLayout(), getWidth()=900, getHeight()=1746, this=android.widget.ListView{42f8e130 VFED.VC. .F....ID 0,174-900,1920 #7f04002e app:id/phrases_list}
V/SlidingMenu(25689): changing layerType. hardware? true
V/SlidingMenu(25689): changing layerType. hardware? true
E/SpannableStringBuilder(25689): SPAN_EXCLUSIVE_EXCLUSIVE spans cannot have a zero length
E/SpannableStringBuilder(25689): SPAN_EXCLUSIVE_EXCLUSIVE spans cannot have a zero length
V/LvOutput( 2476): initCheck: 0
V/LvOutput( 2476): detachEffects: detach processing for output 2, stream 1, session 846
V/LvOutput( 2476): detachEffects: no output processing was attached to this stream
V/AudioPolicyManagerBase( 2476): stopOutput() output 2, stream 1, session 846
V/AudioPolicyManagerBase( 2476): changeRefCount() stream 1, count 0
V/AudioPolicyManagerBase( 2476): getNewDevice() selected device 0
I/Monitor ( 2928): SIOP:: Current AP = 360, CP = 0
V/SlidingMenu(25689): changing layerType. hardware? false
D/InputReader( 2928): Input event: value=1
I/InputReader( 2928): Touch event's action is 0x0 (deviceType=0) [pCnt=1, s=0.572 ] when=20549976891000
I/InputDispatcher( 2928): Delivering touch to current input target: action: 0x0
I/InputDispatcher( 2928): Delivering touch to current input target: action: 0x0
I/InputDispatcher( 2928): Delivering touch to current input target: action: 0x0
I/InputDispatcher( 2928): Delivering touch to current input target: action: 0x0
D/InputReader( 2928): Input event: value=0
I/InputReader( 2928): Touch event's action is 0x1 (deviceType=0) [pCnt=1, s=] when=20550046256000
I/InputDispatcher( 2928): Delivering touch to current input target: action: 0x1
I/InputDispatcher( 2928): Delivering touch to current input target: action: 0x1
I/InputDispatcher( 2928): Delivering touch to current input target: action: 0x1
I/InputDispatcher( 2928): Delivering touch to current input target: action: 0x1
D/GestureDetector(25689): [Surface Touch Event] mSweepDown False, mLRSDCnt : -1 mTouchCnt : 6 mFalseSizeCnt:0
I/AudioPolicyManagerBase( 2476): getSituationVolume: isBTConnected:0 isHeadConnected:1
V/AudioPolicyManagerBase( 2476): getParamFromPolicy  deviceInt = 0, situationInt = 1, situationVolume = 0.700000
V/AudioPolicyManagerBase( 2476): getOutput() stream 1, samplingRate 0, format 0, channelMask 3, flags 0
V/AudioPolicyManagerBase( 2476): getOutputsForDevice device 0004 -> 0004
V/AudioPolicyManagerBase( 2476): getOutput() returns output 2
V/AudioPolicyManagerBase( 2476): getOutput() stream 1, samplingRate 0, format 0, channelMask 3, flags 0
V/AudioPolicyManagerBase( 2476): getOutputsForDevice device 0004 -> 0004
V/AudioPolicyManagerBase( 2476): getOutput() returns output 2
V/AudioPolicyManagerBase( 2476): getOutput() stream 1, samplingRate 48000, format 1, channelMask 1, flags 4
V/AudioPolicyManagerBase( 2476): getOutputsForDevice device 0004 -> 0004
V/AudioPolicyManagerBase( 2476): getOutput() returns output 2
V/LvOutput( 2476): initCheck: 0
V/LvOutput( 2476): attachEffects: attach processing to output 2, stream 1, session 847, mode 0
V/LvOutput( 2476): attachEffects: no output processing needs to be attached to this stream
V/LvOutput( 2476): LvOutput::setAllProcessorEnabled(true) mOutputs.size(0)
V/AudioPolicyManagerBase( 2476): startOutput() output 2, stream 1, session 847
V/AudioPolicyManagerBase( 2476): changeRefCount() stream 1, count 1
V/AudioPolicyManagerBase( 2476): getNewDevice() selected device 4
V/AudioPolicyManagerBase( 2476): releaseOutput() 2
D/mAudioManagerRbd(25689): true
I/endeffect(25689): AbsListView.onMeasure(), getWidth()=900, getHeight()=1746, this=android.widget.ListView{42f8e130 VFED.VC. .F....ID 0,174-900,1920 #7f04002e app:id/phrases_list}
I/endeffect(25689): AbsListView.onMeasure(), getWidth()=900, getHeight()=1746, this=android.widget.ListView{42f8e130 VFED.VC. .F....ID 0,174-900,1920 #7f04002e app:id/phrases_list}
D/AbsListView(25689): unregisterIRListener() is called 
I/endeffect(25689): AbsListView.onLayout(), getWidth()=900, getHeight()=1746, this=android.widget.ListView{42f8e130 VFED.VC. .F....ID 0,174-900,1920 #7f04002e app:id/phrases_list}
V/SlidingMenu(25689): changing layerType. hardware? true
D/AudioHardwareTinyALSA( 2476): Entering AudioStreamInALSA standby mode
I/AudioHardwareTinyALSA( 2476): Close mHandle:422aee90
V/LvOutput( 2476): initCheck: 0
V/LvOutput( 2476): detachEffects: detach processing for output 2, stream 1, session 847
V/LvOutput( 2476): detachEffects: no output processing was attached to this stream
V/AudioPolicyManagerBase( 2476): stopOutput() output 2, stream 1, session 847
V/AudioPolicyManagerBase( 2476): changeRefCount() stream 1, count 0
V/AudioPolicyManagerBase( 2476): getNewDevice() selected device 0
V/LvOutput( 2476): LvOutput::setAllProcessorEnabled(false) mOutputs.size(0)
V/AudioPolicyManagerBase( 2476): stopInput() input 842
I/AudioHardwareTinyALSA( 2476): virtual android::status_t android::AudioStreamInALSA::setParameters(const android::String8&): routing=0
D/AudioHardwareTinyALSA( 2476): set2MicSleep the same preset - skip
V/AudioPolicyManagerBase( 2476): setEffectEnabled(false) total CPU 0
V/AudioPolicyManagerBase( 2476): unregisterEffect() effect Automatic Gain Control, ID 843, memory 0 total memory 0
V/AudioPolicyManagerBase( 2476): setEffectEnabled(false) total CPU 0
V/AudioPolicyManagerBase( 2476): unregisterEffect() effect Noise Suppression, ID 844, memory 0 total memory 0
D/AudioHardwareTinyALSA( 2476): Entering AudioStreamInALSA standby mode
V/AudioPolicyManagerBase( 2476): setEffectEnabled(false) total CPU 0
V/AudioPolicyManagerBase( 2476): unregisterEffect() effect Acoustic Echo Canceler, ID 845, memory 0 total memory 0
V/AudioPolicyManagerBase( 2476): releaseInput() 842
D/TinyUCM ( 2476): Disable Input dev(0x80000010)
D/AudioHardwareTinyALSA( 2476): Entering AudioStreamInALSA standby mode
V/AudioPolicyManagerBase( 2476): releaseInput() exit
W/AudioPolicyManagerBase( 2476): unregisterEffect() unknown effect ID 843
W/AudioPolicyManagerBase( 2476): unregisterEffect() unknown effect ID 844
W/AudioPolicyManagerBase( 2476): unregisterEffect() unknown effect ID 845
W/AudioFlinger( 2476): removeEffect_l() 0x42277418 cannot promote chain for effect 0x428213b8
W/AudioPolicyManagerBase( 2476): unregisterEffect() unknown effect ID 843
W/AudioFlinger( 2476): removeEffect_l() 0x42277418 cannot promote chain for effect 0x428c8e90
W/AudioPolicyManagerBase( 2476): unregisterEffect() unknown effect ID 844
W/AudioFlinger( 2476): removeEffect_l() 0x42277418 cannot promote chain for effect 0x42461ca0
W/AudioPolicyManagerBase( 2476): unregisterEffect() unknown effect ID 845
D/AbsListView(25689): onVisibilityChanged() is called, visibility : 4
D/AbsListView(25689): unregisterIRListener() is called 
V/CustomViewBehind(25689): behind INVISIBLE
D/AbsListView(25689): onVisibilityChanged() is called, visibility : 4
D/AbsListView(25689): unregisterIRListener() is called 
I/endeffect(25689): AbsListView.onMeasure(), getWidth()=900, getHeight()=1746, this=android.widget.ListView{42f8e130 VFED.VC. ......ID 0,174-900,1920 #7f04002e app:id/phrases_list}
I/endeffect(25689): AbsListView.onMeasure(), getWidth()=900, getHeight()=1746, this=android.widget.ListView{42f8e130 VFED.VC. ......ID 0,174-900,1920 #7f04002e app:id/phrases_list}
D/AbsListView(25689): unregisterIRListener() is called 
I/endeffect(25689): AbsListView.onLayout(), getWidth()=900, getHeight()=1746, this=android.widget.ListView{42f8e130 VFED.VC. ......ID 0,174-900,1920 #7f04002e app:id/phrases_list}
V/WindowManager( 2928): Window{42e80110 u0 Keyguard}mOrientationRequetedFromKeyguard=false
V/SlidingMenu(25689): changing layerType. hardware? false
D/BatteryService( 2928): update start
D/BatteryService( 2928): level:100, scale:100, status:2, health:2, present:true, voltage: 4261, temperature: 297, technology: Li-ion, AC powered:false, USB powered:true, Wireless powered:false, icon:17303320, invalid charger:0, online:4, charge type:1, current avg:460
D/BatteryService( 2928): Sending ACTION_BATTERY_CHANGED.
D/STATUSBAR-BatteryController( 3154): onReceive() - ACTION_BATTERY_CHANGED
D/STATUSBAR-BatteryController( 3154): onReceive() - BATTERY_STATUS_CHARGING:
D/STATUSBAR-PhoneStatusBar( 3154): NORMAL_BATTERY
D/IconMerger( 3154): overflowShown = false
D/IconMerger( 3154): moreRequired = false
D/STATUSBAR-NetworkController( 3154): refreshSignalCluster: data=-1 bt=false
D/IconMerger( 3154): overflowShown = false
D/IconMerger( 3154): moreRequired = false
I/Setting (25689): Model id = 1 Model name = HelloRubidium_iso_3_6_nh Admin = enable
V/AudioPolicyManagerBase( 2476): getInput() inputSource 1, samplingRate 48000, format 1, channelMask 10, acoustics 0
D/AudioHardwareTinyALSA( 2476): Input	: format = 1, channels = 16, rate = 48000
D/AudioHardwareTinyALSA( 2476): default	: format = 0, channelCount = 2, rate = 48000
D/AudioHardwareTinyALSA( 2476): AudioStreamOps::set set IN_Channels : 10
D/AudioHardwareTinyALSA( 2476): mInputs.size : 1
V/AudioPolicyManagerBase( 2476): registerEffect() effect Automatic Gain Control, io 849, strategy 0 session 848 id 850
D/AudioHardwareTinyALSA( 2476): Entering AudioStreamInALSA standby mode
V/AudioPolicyManagerBase( 2476): registerEffect() memory 0, total memory 0
V/AudioPolicyManagerBase( 2476): registerEffect() effect Noise Suppression, io 849, strategy 0 session 848 id 851
V/AudioPolicyManagerBase( 2476): registerEffect() memory 0, total memory 0
V/AudioPolicyManagerBase( 2476): registerEffect() effect Acoustic Echo Canceler, io 849, strategy 0 session 848 id 852
V/AudioPolicyManagerBase( 2476): registerEffect() memory 0, total memory 0
V/AudioPolicyManagerBase( 2476): setEffectEnabled(true) total CPU 0
D/AudioHardwareTinyALSA( 2476): Entering AudioStreamInALSA standby mode
V/AudioPolicyManagerBase( 2476): setEffectEnabled(true) total CPU 0
V/AudioPolicyManagerBase( 2476): setEffectEnabled(true) total CPU 0
V/LvOutput( 2476): LvOutput::setAllProcessorEnabled(true) mOutputs.size(0)
V/AudioPolicyManagerBase( 2476): startInput() input 849
V/AudioPolicyManagerBase( 2476): AudioPolicyManager::startInput() input source = 1
I/AudioFlinger::EffectModule( 2476): lvveEffect uuid(0x03b75f00)
I/AudioFlinger::EffectModule( 2476): lvveEffect uuid(0x03b75f00)
I/AudioFlinger::EffectModule( 2476): lvveEffect uuid(0x03b75f00)
I/AudioFlinger::EffectModule( 2476): lvveEffect uuid(0xdf0afc20)
I/AudioFlinger::EffectModule( 2476): lvveEffect uuid(0xdf0afc20)
I/AudioFlinger::EffectModule( 2476): lvveEffect uuid(0xdf0afc20)
I/AudioFlinger::EffectModule( 2476): lvveEffect uuid(0xd6dbf400)
I/AudioFlinger::EffectModule( 2476): lvveEffect uuid(0xd6dbf400)
I/AudioFlinger::EffectModule( 2476): lvveEffect uuid(0xd6dbf400)
I/AudioHardwareTinyALSA( 2476): virtual android::status_t android::AudioStreamInALSA::setParameters(const android::String8&): input_source=1;routing=-2147483632
I/samsungRecord( 2476): [samsungrecord] SamsungRecInit 
I/samsungRecord( 2476): 1
D/AudioHardwareTinyALSA( 2476): InALSA::setDevice: mode = 0, newDevice=0x80000010, currentDevice=0x0 ,force= 0
D/AudioHardwareTinyALSA( 2476): InALSA::setDevice: mDevice 0x0, newDevice = 0x80000010
I/AudioHardwareTinyALSA( 2476): InALSA::setDevice: mode[0], Device[80000010] force=0
D/TinyUCM ( 2476): Enable Input dev(0x80000010)
D/TinyUCM ( 2476): setScenario: Voice
D/TinyUCM ( 2476): set default scenario
D/TinyUCM ( 2476): Disable Output dev(0x0)
D/TinyUCM ( 2476): getInputChannel: inputs = 0x80000010
D/TinyUCM ( 2476): set channel: Left
D/TinyUCM ( 2476): setModifier MicRec, en=1
D/AudioHardwareTinyALSA( 2476): setInputVolume
D/TinyUCM ( 2476): setModifier Voice, en=1
I/AudioHardwareTinyALSA( 2476): InALSA::setDevice: mHandle NULL mode[0], Device[80000010]
I/AudioHardwareTinyALSA( 2476): ALSAStreamOps::open(2, 1920) for PCM IN 
I/AudioHardwareTinyALSA( 2476): Open:+ mDefaults->direction=10000000 device=3
D/AudioHardwareTinyALSA( 2476): Channel: 2, Samplerate: 48000, Format: 0, Peroid Size: 960, Period Count: 2
I/AudioHardwareTinyALSA( 2476): Open:- mDefaults->direction=10000000 device=3 mHandle: 422aee90
D/AudioHardwareTinyALSA( 2476): setPcmInterface: Stream=0x2, iSamplerate=16000++
D/AudioHardwareTinyALSA( 2476): setPcmInterface--
D/AudioHardwareTinyALSA( 2476): Entering AudioStreamInALSA standby mode
I/AudioHardwareTinyALSA( 2476): Close mHandle:422aee90
D/AudioHardwareTinyALSA( 2476): InALSA::setDevice: mode = 0, newDevice=0x80000010, currentDevice=0x80000010 ,force= 0
D/AudioHardwareTinyALSA( 2476): InALSA::setDevice: mDevice 0x80000010, newDevice = 0x80000010
D/TinyUCM ( 2476): getInputChannel: inputs = 0x80000010
D/TinyUCM ( 2476): set channel: Left
D/TinyUCM ( 2476): setModifier MicRec, en=1
D/AudioHardwareTinyALSA( 2476): setInputVolume
D/TinyUCM ( 2476): setModifier Voice, en=1
I/AudioHardwareTinyALSA( 2476): InALSA::setDevice: mHandle NULL mode[0], Device[80000010]
I/AudioHardwareTinyALSA( 2476): ALSAStreamOps::open(2, 1920) for PCM IN 
I/AudioHardwareTinyALSA( 2476): Open:+ mDefaults->direction=10000000 device=3
D/AudioHardwareTinyALSA( 2476): Channel: 2, Samplerate: 48000, Format: 0, Peroid Size: 960, Period Count: 2
I/AudioHardwareTinyALSA( 2476): Open:- mDefaults->direction=10000000 device=3 mHandle: 422aee90
D/AudioHardwareTinyALSA( 2476): setPcmInterface: Stream=0x2, iSamplerate=16000++
D/AudioHardwareTinyALSA( 2476): setPcmInterface--
D/STATUSBAR-NetworkController( 3154): refreshSignalCluster: data=-1 bt=false
D/IconMerger( 3154): overflowShown = false
D/IconMerger( 3154): moreRequired = false
D/STATUSBAR-NetworkController( 3154): refreshSignalCluster: data=-1 bt=false
D/IconMerger( 3154): overflowShown = false
D/IconMerger( 3154): moreRequired = false
D/AudioHardwareTinyALSA( 2476): standby waiting for out autolock
D/AudioHardwareTinyALSA( 2476): Entering AudioStreamOutALSA standby mode nStreamOutputType:0
I/AudioHardwareTinyALSA( 2476): Close mHandle:42277008
D/ProgressBar(25689): setProgress = 0
D/ProgressBar(25689): setProgress = 0, fromUser = false
D/ProgressBar(25689): mProgress = 50mIndeterminate = false, mMin = 0, mMax = 100
D/STATUSBAR-NetworkController( 3154): refreshSignalCluster: data=-1 bt=false
D/IconMerger( 3154): overflowShown = false
D/IconMerger( 3154): moreRequired = false
D/ProgressBar(25689): setProgress = 0
D/ProgressBar(25689): setProgress = 0, fromUser = false
D/ProgressBar(25689): mProgress = 0mIndeterminate = false, mMin = 0, mMax = 100
I/Monitor ( 2928): SIOP:: Current AP = 350, CP = 0
I/AmoledAdjustTimer( 2928): prevTemp = 296, currTemp = 297, prevStep = 4, currStep = 4
D/ProgressBar(25689): setProgress = 0
D/ProgressBar(25689): setProgress = 0, fromUser = false
D/ProgressBar(25689): mProgress = 0mIndeterminate = false, mMin = 0, mMax = 100
D/BatteryService( 2928): update start
D/BatteryService( 2928): level:100, scale:100, status:2, health:2, present:true, voltage: 4303, temperature: 296, technology: Li-ion, AC powered:false, USB powered:true, Wireless powered:false, icon:17303320, invalid charger:0, online:4, charge type:1, current avg:460
D/BatteryService( 2928): Sending ACTION_BATTERY_CHANGED.
D/STATUSBAR-BatteryController( 3154): onReceive() - ACTION_BATTERY_CHANGED
