I/CustomFrequencyManager( 2928): mContext is Not Null  mContext.pkgName = android
I/CustomFrequencyManager( 2928): 2 Old token will be reused!
I/CustomFrequencyManager( 2928): CPUDVFSControlRequest : doFrequencyRequest::  = 1200000 Timeout : -1
I/CustomFrequencyManager( 2928): newFrequencyRequest  - mFrequency = 266, mTimeoutMs = -1, mPkgName = ACTIVITY_RESUME_BOOSTER@5
I/CustomFrequencyManager( 2928): Boost Request from package = ACTIVITY_RESUME_BOOSTER@5 frequency : 266type = 1
I/CustomFrequencyManager( 2928): !! pkgName = ACTIVITY_RESUME_BOOSTER@5
I/CustomFrequencyManager( 2928): Request from package name pkgName = ACTIVITY_RESUME_BOOSTER@5
I/CustomFrequencyManager( 2928): mContext is Not Null  mContext.pkgName = android
I/CustomFrequencyManager( 2928): 2 Old token will be reused!
I/CustomFrequencyManager( 2928): GPU : doFrequencyRequest::  = 266 Timeout : -1
I/CustomFrequencyManager( 2928): GPU : doFrequencyRequest::  = 266 Timeout : -1
D/STATUSBAR-AirplaneModeQuickSettingButton( 3154): onReceive : android.intent.action.CLOSE_SYSTEM_DIALOGS
W/ActivityManager( 2928): mDVFSHelper.acquire()
D/        (25122): secMM: with NS, with Samsung EPD
D/        (25122): secMM: with NS, with Samsung EPD
D/        (25122): secMM: with NS, with Samsung EPD
D/        (25122): secMM: with NS, with Samsung EPD
D/        (25122): secMM: with NS, with Samsung EPD
E/        (25122): secMM: Using Dynamic TCE threshold and mean_TCE = 0!
D/        (25122): secMM: with NS, with Samsung EPD
D/        (25122): secMM: with NS, with Samsung EPD
D/        (25122): secMM: with NS, with Samsung EPD
D/        (25122): secMM: with NS, with Samsung EPD
D/        (25122): secMM: with NS, with Samsung EPD
D/        (25122): secMM: vm_sum ... EPDout = 0 and isSpeech = 0
D/        (25122): secMM: with NS, with Samsung EPD
D/        (25122): secMM: with NS, with Samsung EPD
D/        (25122): secMM: with NS, with Samsung EPD
D/        (25122): secMM: with NS, with Samsung EPD
D/        (25122): secMM: with NS, with Samsung EPD
D/        (25122): secMM: with NS, with Samsung EPD
D/        (25122): secMM: with NS, with Samsung EPD
D/        (25122): secMM: with NS, with Samsung EPD
D/        (25122): secMM: with NS, with Samsung EPD
D/        (25122): secMM: with NS, with Samsung EPD
D/        (25122): secMM: vm_sum ... EPDout = 0 and isSpeech = 0
D/dalvikvm( 2928): JIT code cache reset in 2 ms (1048556 bytes 12/0)
D/dalvikvm( 2928): GC_FOR_ALLOC freed 5384K, 18% free 62563K/75608K, paused 156ms, total 156ms
W/ContextImpl( 2928): Calling a method in the system process without a qualified user: android.app.ContextImpl.sendBroadcast:1337 com.android.server.am.ActivityStack.startPausingLocked:1342 com.android.server.am.ActivityStack.resumeTopActivityLocked:2410 com.android.server.am.ActivityStack.resumeTopActivityLocked:2196 com.android.server.am.ActivityStack.resumeTopActivityLocked:2182 
D/PointerIcon( 2928): setHoveringSpenIconStyle1 pointerType: 10001iconType:1 flag:0
D/PointerIcon( 2928): setHoveringSpenCustomIcon IconType is same.1
V/SmartFaceService - 3rd party pause( 2928): onReceive [android.intent.action.ACTIVITY_STATE/com.vlingo.midas/pause]
D/svoicedebugging(25122): Focus onPause() of Svoice
D/        (25122): secMM: with NS, with Samsung EPD
D/        (25122): secMM: with NS, with Samsung EPD
D/        (25122): secMM: with NS, with Samsung EPD
D/        (25122): secMM: with NS, with Samsung EPD
D/        (25122): secMM: with NS, with Samsung EPD
D/        (25122): secMM: with NS, with Samsung EPD
D/        (25122): secMM: with NS, with Samsung EPD
D/        (25122): secMM: with NS, with Samsung EPD
D/        (25122): secMM: with NS, with Samsung EPD
D/        (25122): secMM: with NS, with Samsung EPD
D/        (25122): secMM: vm_sum ... EPDout = 0 and isSpeech = 0
D/AudioHardwareTinyALSA( 2476): Entering AudioStreamInALSA standby mode
I/AudioHardwareTinyALSA( 2476): Close mHandle:424b2e88
V/AudioPolicyManagerBase( 2476): stopInput() input 836
I/AudioHardwareTinyALSA( 2476): virtual android::status_t android::AudioStreamInALSA::setParameters(const android::String8&): routing=0
D/AudioHardwareTinyALSA( 2476): set2MicSleep the same preset - skip
V/AudioPolicyManagerBase( 2476): releaseInput() 836
W/Vlingo  (25122): setState: IDLE
D/TinyUCM ( 2476): Disable Input dev(0x80000010)
D/AudioHardwareTinyALSA( 2476): Entering AudioStreamInALSA standby mode
V/AudioPolicyManagerBase( 2476): releaseInput() exit
D/getFieldID(25122): pm newWakeLock rel WakeLock{427379a0 held=false, refCount=0} isHeld = false
W/ContextImpl( 2928): Calling a method in the system process without a qualified user: android.app.ContextImpl.sendBroadcast:1323 com.android.server.am.ActivityManagerService.computeOomAdjLocked:14825 com.android.server.am.ActivityManagerService.computeOomAdjLocked:14485 com.android.server.am.ActivityManagerService.updateOomAdjLocked:15116 com.android.server.am.ActivityManagerService.updateOomAdjLocked:15311 
W/ContextImpl( 2928): Calling a method in the system process without a qualified user: android.app.ContextImpl.sendBroadcast:1323 com.android.server.am.ActivityManagerService.computeOomAdjLocked:14831 com.android.server.am.ActivityManagerService.computeOomAdjLocked:14485 com.android.server.am.ActivityManagerService.updateOomAdjLocked:15116 com.android.server.am.ActivityManagerService.updateOomAdjLocked:15311 
V/WindowOrientationListener( 2928): mSContextAutoRotationListener.getProposedRotation, mbResultFaceDectection: false
V/WindowOrientationListener( 2928): mSContextAutoRotationListener.getProposedRotation, Rotation: -1
V/WindowOrientationListener( 2928): mSContextAutoRotationListener.getProposedRotation, mbResultFaceDectection: false
V/WindowOrientationListener( 2928): mSContextAutoRotationListener.getProposedRotation, Rotation: -1
V/WindowManager( 2928): rotationForOrientationLw(orient=1, last=0); user=0  sensorRotation=-1 isCoverOpen=true mLidState=-1 mDockMode=0 mHdmiPlugged=false mAccelerometerDefault=false
V/WindowManager( 2928): Application requested orientation 1, got rotation 0 which has compatible metrics
D/WindowManager( 2928): computeScreenConfigurationLocked() set config.orientation=1 dw=1080 dh=1920 Callers=com.android.server.wm.WindowManagerService.updateOrientationFromAppTokensLocked:5153 com.android.server.wm.WindowManagerService.updateOrientationFromAppTokens:5122 com.android.server.am.ActivityStack.resumeTopActivityLocked:2599 
D/PowerManagerService( 2928): setKeyboardVisibility: false
D/SurfaceWidgetClient$ISurfaceWidgetStub( 3594): [123490] Surface widget visibility changed visibility = true on instance = 1
D/SurfaceWidgetClient$ISurfaceWidgetStub( 3617): [123490] Surface widget visibility changed visibility = true on instance = 1
D/SurfaceWidget.Renderer( 3594): [123490] SurfaceWidgetRenderer waiting done: 1 (Thread[Thread-81,5,main])
D/SurfaceWidget.Renderer( 3617): [123490] SurfaceWidgetRenderer waiting done: 1 (Thread[Thread-82,5,main])
D/SurfaceWidget.Renderer( 3617): [123490] SurfaceWidgetRenderer waiting: 1 (Thread[Thread-82,5,main])
D/Launcher.Workspace( 3330): exitWidgetResizeMode State: NORMAL, newDragStarted: false
D/SurfaceWidget.Renderer( 3594): [123490] SurfaceWidgetRenderer waiting: 1 (Thread[Thread-81,5,main])
W/ContextImpl( 2928): Calling a method in the system process without a qualified user: android.app.ContextImpl.sendBroadcast:1337 com.android.server.am.ActivityStack.resumeTopActivityLocked:2664 com.android.server.am.ActivityStack.resumeTopActivityLocked:2196 com.android.server.am.ActivityStack.resumeTopActivityLocked:2182 com.android.server.am.ActivityStack.completePauseLocked:1650 
W/ContextImpl( 2928): Calling a method in the system process without a qualified user: android.app.ContextImpl.sendBroadcast:1323 com.android.internal.policy.impl.PhoneWindowManager.notifyToSSRM:4777 com.android.internal.policy.impl.PhoneWindowManager.access$200:226 com.android.internal.policy.impl.PhoneWindowManager$PolicyHandler.handleMessage:656 android.os.Handler.dispatchMessage:99 
V/SmartFaceService - 3rd party pause( 2928): onReceive [android.intent.action.ACTIVITY_STATE/com.sec.android.app.launcher/resume]
D/Launcher( 3330): onRestart, Launcher: 1113495312
D/Launcher( 3330): onStart, Launcher: 1113495312
D/Launcher.HomeView( 3330): onStart
D/Launcher( 3330): onResume, Launcher: 1113495312
D/Launcher.HomeView( 3330): onResume
I/LSS-II: ( 2928): proc cancel wait in:com.sec.android.widgetapp.ap.hero.accuweather,adj=1LRU num=70,i=69
D/MenuAppsGridFragment( 3330): onResume
D/SurfaceWidgetClient$ISurfaceWidgetStub( 3594): [123490] Surface widget visibility changed visibility = true on instance = 1
D/SurfaceWidgetClient$ISurfaceWidgetStub( 3617): [123490] Surface widget visibility changed visibility = true on instance = 1
D/SurfaceWidget.Renderer( 3594): [123490] SurfaceWidgetRenderer waiting done: 1 (Thread[Thread-81,5,main])
D/SurfaceWidget.Renderer( 3594): [123490] SurfaceWidgetRenderer waiting: 1 (Thread[Thread-81,5,main])
D/SurfaceWidget.Renderer( 3617): [123490] SurfaceWidgetRenderer waiting done: 1 (Thread[Thread-82,5,main])
D/SurfaceWidget.Renderer( 3617): [123490] SurfaceWidgetRenderer waiting: 1 (Thread[Thread-82,5,main])
V/MediaPlayer-JNI(25122): native_setup
V/MediaPlayer(25122): constructor
V/MediaPlayer(25122): setListener
I/SurfaceFlinger( 2473): id=352(90) createSurf 0x41f924f4 (1080x1920),1 flag=4, Mauncher
D/PointerIcon( 2928): setHoveringSpenIconStyle1 pointerType: 10001iconType:1 flag:0
D/PointerIcon( 2928): setHoveringSpenCustomIcon IconType is same.1
D/STATUSBAR-StatusBarManagerService( 2928): manageDisableList what=0x0 pkg=WindowManager.LayoutParams
E/EnterpriseContainerManager( 2928): ContainerPolicy Service is not yet ready!!!
D/EnterpriseDeviceManager( 2928): ContainerId: 0
W/LicenseLogService( 2928): log() is called by non admin
W/ContextImpl( 2928): Calling a method in the system process without a qualified user: android.app.ContextImpl.sendBroadcast:1323 com.android.server.InputMethodManagerService$5.run:2283 java.lang.Thread.run:856 <bottom of call stack> <bottom of call stack> 
V/TaskCloserActivity(25568): TaskCloserActivity onReceive() - com.sec.android.intent.action.HOME_RESUME
I/LSS-II: ( 2928): proc wait in:com.sec.android.SimpleWidget,adj=11LRU num=70,i=40
D/Mms/UIEventReceiver( 3881): ui event
V/WindowManager( 2928): Window{42e80110 u0 Keyguard}mOrientationRequetedFromKeyguard=false
I/LSS-II: ( 2928): proc cancel wait in:com.sec.android.SimpleWidget,adj=0LRU num=70,i=67
W/ActivityManager( 2928): mDVFSHelper.release()
V/WindowManager( 2928): Window{42e80110 u0 Keyguard}mOrientationRequetedFromKeyguard=false
I/AudioService( 2928):  AudioFocus  abandonAudioFocus() from 25122
D/svoicedebugging(25122): Focus onSaveInstanceState() of Svoice
D/STATUSBAR-NetworkController( 3154): refreshSignalCluster: data=-1 bt=false
D/svoicedebugging(25122): Focus onStop() of Svoice
D/IconMerger( 3154): overflowShown = false
D/IconMerger( 3154): moreRequired = false
V/WindowManager( 2928): Window{42e80110 u0 Keyguard}mOrientationRequetedFromKeyguard=false
V/WindowManager( 2928): Window{42e80110 u0 Keyguard}mOrientationRequetedFromKeyguard=false
I/SurfaceFlinger( 2473): id=351 Removed Donversatio (3/6)
I/SurfaceFlinger( 2473): id=351 Removed Donversatio (-2/6)
D/InputReader( 2928): Input event: value=1
W/LicenseLogService( 2928): log() is called by non admin
E/EnterpriseContainerManager( 3154): ContainerPolicy Service is not yet ready!!!
D/EnterpriseDeviceManager( 3154): ContainerId: 0
E/Watchdog( 2928): !@Sync 684
I/wpa_supplicant(20265): nl80211: Received scan results (14 BSSes)
D/Tethering( 2928): interfaceLinkStateChanged wlan0, true
D/Tethering( 2928): interfaceStatusChanged wlan0, true
I/WifiStateMachine( 2928): There are no configured NW[0] in scanResults
E/WifiHW  ( 2928): ##################### set firmware type 0 #####################
D/WifiStateMachine( 2928): setWifiEnabled : WifiNative.setFwType(0)
I/LocationManagerService( 2928): remove 45261168
D/LocationManagerService( 2928): provider request: network ProviderRequest[ON interval=+24h0m0s0ms]
E/WifiHW  ( 2928): ##################### set firmware type 0 #####################
D/WifiStateMachine( 2928): setWifiEnabled : WifiNative.setFwType(0)
I/LSS-II: ( 2928): proc in:com.sec.android.widgetapp.SPlannerAppWidget,adj=11LRU num=70,i=34
I/wpa_supplicant(20265): Scan requested (ret=0) - scan timeout 30 seconds
D/lights  ( 2928): button : 0 +
D/PowerManagerService( 2928): [api] release WakeLock flags=0x3000001a tag=VlingoMain uid=10113 pid=25122 (0x0)
D/lights  ( 2928): button : 0 -
W/LicenseLogService( 2928): log() is called by non admin
D/VoIPInterfaceManager( 2928): isVoIPRinging()...
D/VoIPInterfaceManager( 2928): Not exist call session
W/InputMethodManagerService( 2928): onReceive() calling hidecurrentInputLocked
D/STATUSBAR-PhoneStatusBar( 3154): animateCollapsePanels
V/Scroll/Pause Worker( 2928): onReceive: android.intent.action.CLOSE_SYSTEM_DIALOGS
W/ContextImpl( 2928): Calling a method in the system process without a qualified user: android.app.ContextImpl.sendBroadcast:1323 com.android.server.InputMethodManagerService$5.run:2283 java.lang.Thread.run:856 <bottom of call stack> <bottom of call stack> 
I/CustomFrequencyManager( 2928): newFrequencyRequest  - mFrequency = 1200000, mTimeoutMs = -1, mPkgName = ACTIVITY_RESUME_BOOSTER@4
I/CustomFrequencyManager( 2928): Boost Request from package = ACTIVITY_RESUME_BOOSTER@4 frequency : 1200000type = 6
I/CustomFrequencyManager( 2928): !! pkgName = ACTIVITY_RESUME_BOOSTER@4
I/CustomFrequencyManager( 2928): Request from package name pkgName = ACTIVITY_RESUME_BOOSTER@4
I/CustomFrequencyManager( 2928): mContext is Not Null  mContext.pkgName = android
I/CustomFrequencyManager( 2928): 2 Old token will be reused!
I/CustomFrequencyManager( 2928): CPUDVFSControlRequest : doFrequencyRequest::  = 1200000 Timeout : -1
I/CustomFrequencyManager( 2928): newFrequencyRequest  - mFrequency = 266, mTimeoutMs = -1, mPkgName = ACTIVITY_RESUME_BOOSTER@5
I/CustomFrequencyManager( 2928): Boost Request from package = ACTIVITY_RESUME_BOOSTER@5 frequency : 266type = 1
I/CustomFrequencyManager( 2928): !! pkgName = ACTIVITY_RESUME_BOOSTER@5
I/CustomFrequencyManager( 2928): Request from package name pkgName = ACTIVITY_RESUME_BOOSTER@5
I/CustomFrequencyManager( 2928): mContext is Not Null  mContext.pkgName = android
W/ActivityManager( 2928): mDVFSHelper.acquire()
I/CustomFrequencyManager( 2928): 2 Old token will be reused!
I/CustomFrequencyManager( 2928): GPU : doFrequencyRequest::  = 266 Timeout : -1
I/CustomFrequencyManager( 2928): GPU : doFrequencyRequest::  = 266 Timeout : -1
W/ContextImpl( 2928): Calling a method in the system process without a qualified user: android.app.ContextImpl.sendBroadcast:1337 com.android.server.am.ActivityStack.startPausingLocked:1342 com.android.server.am.ActivityStack.resumeTopActivityLocked:2410 com.android.server.am.ActivityStack.resumeTopActivityLocked:2196 com.android.server.am.ActivityStack.resumeTopActivityLocked:2182 
D/Launcher( 3330): onPause, Launcher: 1113495312
D/Launcher.HomeView( 3330): onPause
D/Launcher.Workspace( 3330): exitWidgetResizeMode State: NORMAL, newDragStarted: false
V/SmartFaceService - 3rd party pause( 2928): onReceive [android.intent.action.ACTIVITY_STATE/com.sec.android.app.launcher/pause]
D/STATUSBAR-AirplaneModeQuickSettingButton( 3154): onReceive : android.intent.action.CLOSE_SYSTEM_DIALOGS
V/WindowOrientationListener( 2928): mSContextAutoRotationListener.getProposedRotation, mbResultFaceDectection: false
V/WindowOrientationListener( 2928): mSContextAutoRotationListener.getProposedRotation, Rotation: -1
V/WindowOrientationListener( 2928): mSContextAutoRotationListener.getProposedRotation, mbResultFaceDectection: false
V/WindowOrientationListener( 2928): mSContextAutoRotationListener.getProposedRotation, Rotation: -1
V/TaskCloserActivity(25568): TaskCloserActivity onReceive() - com.sec.android.intent.action.HOME_PAUSE
D/ActivityManager( 2928): Trying to launch com.android.systemui/.recent.RecentsActivity
V/WindowManager( 2928): rotationForOrientationLw(orient=-1, last=0); user=0  sensorRotation=-1 isCoverOpen=true mLidState=-1 mDockMode=0 mHdmiPlugged=false mAccelerometerDefault=false
V/WindowManager( 2928): Application requested orientation -1, got rotation 0 which has compatible metrics
D/WindowManager( 2928): computeScreenConfigurationLocked() set config.orientation=1 dw=1080 dh=1920 Callers=com.android.server.wm.WindowManagerService.updateOrientationFromAppTokensLocked:5153 com.android.server.wm.WindowManagerService.updateOrientationFromAppTokens:5122 com.android.server.am.ActivityStack.realStartActivityLocked:907 
D/PowerManagerService( 2928): setKeyboardVisibility: false
W/ContextImpl( 2928): Calling a method in the system process without a qualified user: android.app.ContextImpl.sendBroadcast:1323 com.android.server.am.ActivityManagerService.computeOomAdjLocked:14825 com.android.server.am.ActivityManagerService.computeOomAdjLocked:14485 com.android.server.am.ActivityManagerService.updateOomAdjLocked:15116 com.android.server.am.ActivityManagerService.updateOomAdjLocked:15311 
W/ContextImpl( 2928): Calling a method in the system process without a qualified user: android.app.ContextImpl.sendBroadcast:1323 com.android.server.am.ActivityManagerService.computeOomAdjLocked:14831 com.android.server.am.ActivityManagerService.computeOomAdjLocked:14485 com.android.server.am.ActivityManagerService.updateOomAdjLocked:15116 com.android.server.am.ActivityManagerService.updateOomAdjLocked:15311 
D/SurfaceWidgetClient( 3630): [123490] SurfaceWidgetClient onTrimMemory level: 20
D/SurfaceWidgetClient( 3594): [123490] SurfaceWidgetClient onTrimMemory level: 20
D/SurfaceWidgetClient( 3617): [123490] SurfaceWidgetClient onTrimMemory level: 20
W/ContextImpl( 2928): Calling a method in the system process without a qualified user: android.app.ContextImpl.sendBroadcast:1337 com.android.server.am.ActivityStack.realStartActivityLocked:957 com.android.server.am.ActivityStack.startSpecificActivityLocked:1122 com.android.server.am.ActivityStack.resumeTopActivityLocked:2733 com.android.server.am.ActivityStack.resumeTopActivityLocked:2196 
D/PointerIcon( 2928): setHoveringSpenIconStyle1 pointerType: 10001iconType:1 flag:0
D/PointerIcon( 2928): setHoveringSpenCustomIcon IconType is same.1
W/LicenseLogService( 2928): log() is called by non admin
V/SmartFaceService - 3rd party pause( 2928): onReceive [android.intent.action.ACTIVITY_STATE/com.android.systemui/create]
D/Launcher( 3330): onTrimMemory. Level: 20
W/LicenseLogService( 2928): log() is called by non admin
W/InputMethodManagerService( 2928): onReceive() calling hidecurrentInputLocked
V/Scroll/Pause Worker( 2928): onReceive: android.intent.action.CLOSE_SYSTEM_DIALOGS
W/ContextImpl( 2928): Calling a method in the system process without a qualified user: android.app.ContextImpl.sendBroadcast:1323 com.android.server.InputMethodManagerService$5.run:2283 java.lang.Thread.run:856 <bottom of call stack> <bottom of call stack> 
W/InputMethodManagerService( 2928): onReceive() calling hidecurrentInputLocked
W/LicenseLogService( 2928): log() is called by non admin
V/Scroll/Pause Worker( 2928): onReceive: android.intent.action.CLOSE_SYSTEM_DIALOGS
W/ContextImpl( 2928): Calling a method in the system process without a qualified user: android.app.ContextImpl.sendBroadcast:1323 com.android.server.InputMethodManagerService$5.run:2283 java.lang.Thread.run:856 <bottom of call stack> <bottom of call stack> 
D/STATUSBAR-PhoneStatusBar( 3154): animateCollapsePanels
D/STATUSBAR-AirplaneModeQuickSettingButton( 3154): onReceive : android.intent.action.CLOSE_SYSTEM_DIALOGS
D/STATUSBAR-PhoneStatusBar( 3154): animateCollapsePanels
D/STATUSBAR-AirplaneModeQuickSettingButton( 3154): onReceive : android.intent.action.CLOSE_SYSTEM_DIALOGS
I/SurfaceFlinger( 2473): id=353(11) createSurf 0x41f86dcc (1x1),1 flag=4, SecentsActi
D/STATUSBAR-StatusBarManagerService( 2928): manageDisableList what=0x0 pkg=WindowManager.LayoutParams
D/PointerIcon( 2928): setHoveringSpenIconStyle1 pointerType: 10001iconType:1 flag:0
D/PointerIcon( 2928): setHoveringSpenCustomIcon IconType is same.1
W/LicenseLogService( 2928): log() is called by non admin
E/EnterpriseContainerManager( 2928): ContainerPolicy Service is not yet ready!!!
D/EnterpriseDeviceManager( 2928): ContainerId: 0
W/LicenseLogService( 2928): log() is called by non admin
W/ContextImpl( 2928): Calling a method in the system process without a qualified user: android.app.ContextImpl.sendBroadcast:1323 com.android.server.InputMethodManagerService$5.run:2283 java.lang.Thread.run:856 <bottom of call stack> <bottom of call stack> 
W/LicenseLogService( 2928): log() is called by non admin
V/WindowManager( 2928): Window{42e80110 u0 Keyguard}mOrientationRequetedFromKeyguard=false
V/WindowManager( 2928): Window{42e80110 u0 Keyguard}mOrientationRequetedFromKeyguard=false
W/LicenseLogService( 2928): log() is called by non admin
D/Launcher( 3330): onStop, Launcher: 1113495312
D/Launcher.HomeView( 3330): onStop
D/SurfaceWidgetClient$ISurfaceWidgetStub( 3594): [123490] Surface widget visibility changed visibility = false on instance = 1
D/SurfaceWidgetClient$ISurfaceWidgetStub( 3617): [123490] Surface widget visibility changed visibility = false on instance = 1
I/LSS-II: ( 2928): proc wait in:com.sec.android.widgetapp.ap.hero.accuweather,adj=9LRU num=70,i=50
W/LicenseLogService( 2928): log() is called by non admin
W/LicenseLogService( 2928): log() is called by non admin
W/LicenseLogService( 2928): log() is called by non admin
W/LicenseLogService( 2928): log() is called by non admin
W/LicenseLogService( 2928): log() is called by non admin
I/SurfaceFlinger( 2473): id=352 Removed Mauncher (4/6)
I/SurfaceFlinger( 2473): id=352 Removed Mauncher (-2/6)
W/ActivityManager( 2928): mDVFSHelper.release()
W/LicenseLogService( 2928): log() is called by non admin
W/LicenseLogService( 2928): log() is called by non admin
W/LicenseLogService( 2928): log() is called by non admin
D/InputReader( 2928): Input event: value=0
W/LicenseLogService( 2928): log() is called by non admin
D/AudioHardwareTinyALSA( 2476): standby waiting for out autolock
D/AudioHardwareTinyALSA( 2476): Entering AudioStreamOutALSA standby mode nStreamOutputType:0
I/AudioHardwareTinyALSA( 2476): Close mHandle:42277008
D/InputReader( 2928): Input event: value=1
I/InputReader( 2928): Touch event's action is 0x0 (deviceType=0) [pCnt=1, s=0.566 ] when=20539057019000
I/InputDispatcher( 2928): Delivering touch to current input target: action: 0x0
I/InputDispatcher( 2928): Delivering touch to current input target: action: 0x0
I/InputDispatcher( 2928): Delivering touch to current input target: action: 0x0
I/InputDispatcher( 2928): Delivering touch to current input target: action: 0x0
I/InputDispatcher( 2928): Delivering touch to current input target: action: 0x0
D/InputReader( 2928): Input event: value=0
I/InputReader( 2928): Touch event's action is 0x1 (deviceType=0) [pCnt=1, s=] when=20539124714000
I/InputDispatcher( 2928): Delivering touch to current input target: action: 0x1
I/InputDispatcher( 2928): Delivering touch to current input target: action: 0x1
I/InputDispatcher( 2928): Delivering touch to current input target: action: 0x1
I/InputDispatcher( 2928): Delivering touch to current input target: action: 0x1
I/InputDispatcher( 2928): Delivering touch to current input target: action: 0x1
D/GestureDetector( 3154): [Surface Touch Event] mSweepDown False, mLRSDCnt : -1 mTouchCnt : 5 mFalseSizeCnt:0
W/ContextImpl( 2928): Calling a method in the system process without a qualified user: android.app.ContextImpl.sendBroadcast:1337 com.android.server.am.ActivityStack.startPausingLocked:1342 com.android.server.am.ActivityStack.finishActivityLocked:5865 com.android.server.am.ActivityStack.finishActivityLocked:5779 com.android.server.am.ActivityStack.requestFinishActivityLocked:5695 
V/SmartFaceService - 3rd party pause( 2928): onReceive [android.intent.action.ACTIVITY_STATE/com.android.systemui/pause]
I/LSS-II: ( 2928): proc cancel wait in:com.vlingo.midas,adj=0LRU num=70,i=51
I/LSS-II: ( 2928): proc wait in:com.sec.android.SimpleWidget,adj=9LRU num=70,i=49
I/LSS-II: ( 2928): proc wait in:com.sec.android.widgetapp.dualclockdigital,adj=9LRU num=70,i=47
I/CustomFrequencyManager( 2928): newFrequencyRequest  - mFrequency = 1200000, mTimeoutMs = -1, mPkgName = ACTIVITY_RESUME_BOOSTER@4
I/CustomFrequencyManager( 2928): Boost Request from package = ACTIVITY_RESUME_BOOSTER@4 frequency : 1200000type = 6
I/CustomFrequencyManager( 2928): !! pkgName = ACTIVITY_RESUME_BOOSTER@4
I/CustomFrequencyManager( 2928): Request from package name pkgName = ACTIVITY_RESUME_BOOSTER@4
I/CustomFrequencyManager( 2928): mContext is Not Null  mContext.pkgName = android
I/CustomFrequencyManager( 2928): 2 Old token will be reused!
I/CustomFrequencyManager( 2928): CPUDVFSControlRequest : doFrequencyRequest::  = 1200000 Timeout : -1
I/CustomFrequencyManager( 2928): newFrequencyRequest  - mFrequency = 266, mTimeoutMs = -1, mPkgName = ACTIVITY_RESUME_BOOSTER@5
I/CustomFrequencyManager( 2928): Boost Request from package = ACTIVITY_RESUME_BOOSTER@5 frequency : 266type = 1
I/CustomFrequencyManager( 2928): !! pkgName = ACTIVITY_RESUME_BOOSTER@5
I/CustomFrequencyManager( 2928): Request from package name pkgName = ACTIVITY_RESUME_BOOSTER@5
I/CustomFrequencyManager( 2928): mContext is Not Null  mContext.pkgName = android
I/CustomFrequencyManager( 2928): 2 Old token will be reused!
I/CustomFrequencyManager( 2928): GPU : doFrequencyRequest::  = 266 Timeout : -1
I/CustomFrequencyManager( 2928): GPU : doFrequencyRequest::  = 266 Timeout : -1
W/ActivityManager( 2928): mDVFSHelper.acquire()
W/ContextImpl( 2928): Calling a method in the system process without a qualified user: android.app.ContextImpl.sendBroadcast:1323 com.android.server.am.ActivityManagerService.computeOomAdjLocked:14825 com.android.server.am.ActivityManagerService.computeOomAdjLocked:14485 com.android.server.am.ActivityManagerService.updateOomAdjLocked:15116 com.android.server.am.ActivityManagerService.updateOomAdjLocked:15311 
V/WindowOrientationListener( 2928): mSContextAutoRotationListener.getProposedRotation, mbResultFaceDectection: false
V/WindowOrientationListener( 2928): mSContextAutoRotationListener.getProposedRotation, Rotation: -1
V/WindowOrientationListener( 2928): mSContextAutoRotationListener.getProposedRotation, mbResultFaceDectection: false
V/WindowOrientationListener( 2928): mSContextAutoRotationListener.getProposedRotation, Rotation: -1
D/PointerIcon( 2928): setHoveringSpenIconStyle1 pointerType: 10001iconType:1 flag:0
D/PointerIcon( 2928): setHoveringSpenCustomIcon IconType is same.1
W/ContextImpl( 2928): Calling a method in the system process without a qualified user: android.app.ContextImpl.sendBroadcast:1323 com.android.server.am.ActivityManagerService.computeOomAdjLocked:14831 com.android.server.am.ActivityManagerService.computeOomAdjLocked:14485 com.android.server.am.ActivityManagerService.updateOomAdjLocked:15116 com.android.server.am.ActivityManagerService.updateOomAdjLocked:15311 
V/WindowManager( 2928): rotationForOrientationLw(orient=1, last=0); user=0  sensorRotation=-1 isCoverOpen=true mLidState=-1 mDockMode=0 mHdmiPlugged=false mAccelerometerDefault=false
V/WindowManager( 2928): Application requested orientation 1, got rotation 0 which has compatible metrics
D/Launcher( 3330): onRestart, Launcher: 1113495312
D/Launcher( 3330): onStart, Launcher: 1113495312
D/Launcher.HomeView( 3330): onStart
D/Launcher( 3330): onResume, Launcher: 1113495312
D/Launcher.HomeView( 3330): onResume
D/WindowManager( 2928): computeScreenConfigurationLocked() set config.orientation=1 dw=1080 dh=1920 Callers=com.android.server.wm.WindowManagerService.updateOrientationFromAppTokensLocked:5153 com.android.server.wm.WindowManagerService.updateOrientationFromAppTokens:5122 com.android.server.am.ActivityStack.resumeTopActivityLocked:2599 
D/PowerManagerService( 2928): setKeyboardVisibility: false
W/ContextImpl( 2928): Calling a method in the system process without a qualified user: android.app.ContextImpl.sendBroadcast:1337 com.android.server.am.ActivityStack.resumeTopActivityLocked:2664 com.android.server.am.ActivityStack.resumeTopActivityLocked:2196 com.android.server.am.ActivityStack.resumeTopActivityLocked:2182 com.android.server.am.ActivityStack.completePauseLocked:1650 
V/SmartFaceService - 3rd party pause( 2928): onReceive [android.intent.action.ACTIVITY_STATE/com.sec.android.app.launcher/resume]
D/MenuAppsGridFragment( 3330): onResume
D/SurfaceWidgetClient$ISurfaceWidgetStub( 3594): [123490] Surface widget visibility changed visibility = true on instance = 1
D/SurfaceWidgetClient$ISurfaceWidgetStub( 3617): [123490] Surface widget visibility changed visibility = true on instance = 1
D/SurfaceWidget.Renderer( 3594): [123490] SurfaceWidgetRenderer waiting done: 1 (Thread[Thread-81,5,main])
D/SurfaceWidget.Renderer( 3594): [123490] SurfaceWidgetRenderer waiting: 1 (Thread[Thread-81,5,main])
D/SurfaceWidget.Renderer( 3617): [123490] SurfaceWidgetRenderer waiting done: 1 (Thread[Thread-82,5,main])
D/SurfaceWidget.Renderer( 3617): [123490] SurfaceWidgetRenderer waiting: 1 (Thread[Thread-82,5,main])
I/LSS-II: ( 2928): proc cancel wait in:com.sec.android.widgetapp.ap.hero.accuweather,adj=1LRU num=70,i=69
I/SurfaceFlinger( 2473): id=354(91) createSurf 0x41f9078c (1080x1920),1 flag=4, Mauncher
D/STATUSBAR-StatusBarManagerService( 2928): manageDisableList what=0x0 pkg=WindowManager.LayoutParams
D/PointerIcon( 2928): setHoveringSpenIconStyle1 pointerType: 10001iconType:1 flag:0
D/PointerIcon( 2928): setHoveringSpenCustomIcon IconType is same.1
E/EnterpriseContainerManager( 2928): ContainerPolicy Service is not yet ready!!!
D/EnterpriseDeviceManager( 2928): ContainerId: 0
W/LicenseLogService( 2928): log() is called by non admin
W/ContextImpl( 2928): Calling a method in the system process without a qualified user: android.app.ContextImpl.sendBroadcast:1323 com.android.server.InputMethodManagerService$5.run:2283 java.lang.Thread.run:856 <bottom of call stack> <bottom of call stack> 
I/LSS-II: ( 2928): proc cancel wait in:com.sec.android.widgetapp.dualclockdigital,adj=0LRU num=70,i=68
D/dalvikvm(25122): GC_EXPLICIT freed 3800K, 11% free 53745K/60020K, paused 4ms+7ms, total 51ms
V/WindowManager( 2928): Window{42e80110 u0 Keyguard}mOrientationRequetedFromKeyguard=false
I/LSS-II: ( 2928): proc cancel wait in:com.sec.android.widgetapp.easyfavoritescontactswidget,adj=0LRU num=70,i=66
V/TaskCloserActivity(25568): TaskCloserActivity onReceive() - com.sec.android.intent.action.HOME_RESUME
I/LSS-II: ( 2928): proc wait in:com.samsung.SMT,adj=9LRU num=70,i=43
I/ActivityManager( 2928): Killing 25122:com.vlingo.midas/u0a10113: remove task
I/LSS-II: ( 2928): proc wait in:com.sec.android.app.sns3,adj=11LRU num=70,i=43
V/WindowManager( 2928): Window{42e80110 u0 Keyguard}mOrientationRequetedFromKeyguard=false
D/Mms/UIEventReceiver( 3881): ui event
I/LSS-II: ( 2928): proc cancel wait in:com.sec.android.SimpleWidget,adj=0LRU num=70,i=68
I/LSS-II: ( 2928): proc wait in:com.sec.android.widgetapp.easyfavoritescontactswidget,adj=11LRU num=70,i=53
E/Samsung TTS(25471): onDestroy()
W/ContextImpl( 2928): Calling a method in the system process without a qualified user: android.app.ContextImpl.sendBroadcast:1323 com.android.server.am.ActivityManagerService.cleanUpApplicationRecordLocked:12315 com.android.server.am.ActivityManagerService.handleAppDiedLocked:3552 com.android.server.am.ActivityManagerService.appDiedLocked:3656 com.android.server.am.ActivityManagerService$AppDeathRecipient.binderDied:998 
I/Monitor ( 2928): SIOP:: Current AP = 360, CP = 0
I/AmoledAdjustTimer( 2928): prevTemp = 296, currTemp = 296, prevStep = 4, currStep = 4
W/ContextImpl(25471): Calling a method in the system process without a qualified user: android.app.ContextImpl.stopService:1649 android.content.ContextWrapper.stopService:462 com.samsung.SMT.SamsungTTSService.StopUpdateManager:368 com.samsung.SMT.SamsungTTSService.onDestroy:485 android.app.ActivityThread.handleStopService:2795 
I/AndroidRuntime(25471): VM exiting with result code 0, cleanup skipped.
I/ActivityManager( 2928): Process com.samsung.SMT (pid 25471) (adj 0) has died.
W/ContextImpl( 2928): Calling a method in the system process without a qualified user: android.app.ContextImpl.sendBroadcast:1323 com.android.server.am.ActivityManagerService.cleanUpApplicationRecordLocked:12315 com.android.server.am.ActivityManagerService.handleAppDiedLocked:3552 com.android.server.am.ActivityManagerService.appDiedLocked:3656 com.android.server.am.ActivityManagerService$AppDeathRecipient.binderDied:998 
I/SurfaceFlinger( 2473): id=353 Removed SecentsActi (4/6)
I/SurfaceFlinger( 2473): id=353 Removed SecentsActi (-2/6)
W/ActivityManager( 2928): mDVFSHelper.release()
D/InputReader( 2928): Input event: value=1
W/LicenseLogService( 2928): log() is called by non admin
D/InputReader( 2928): Input event: value=0
W/LicenseLogService( 2928): log() is called by non admin
D/VoIPInterfaceManager( 2928): isVoIPRinging()...
D/VoIPInterfaceManager( 2928): Not exist call session
W/InputMethodManagerService( 2928): onReceive() calling hidecurrentInputLocked
V/Scroll/Pause Worker( 2928): onReceive: android.intent.action.CLOSE_SYSTEM_DIALOGS
W/ContextImpl( 2928): Calling a method in the system process without a qualified user: android.app.ContextImpl.sendBroadcast:1323 com.android.server.InputMethodManagerService$5.run:2283 java.lang.Thread.run:856 <bottom of call stack> <bottom of call stack> 
D/STATUSBAR-PhoneStatusBar( 3154): animateCollapsePanels
I/CustomFrequencyManager( 2928): newFrequencyRequest  - mFrequency = 1200000, mTimeoutMs = -1, mPkgName = ACTIVITY_RESUME_BOOSTER@4
I/CustomFrequencyManager( 2928): Boost Request from package = ACTIVITY_RESUME_BOOSTER@4 frequency : 1200000type = 6
I/CustomFrequencyManager( 2928): !! pkgName = ACTIVITY_RESUME_BOOSTER@4
I/CustomFrequencyManager( 2928): Request from package name pkgName = ACTIVITY_RESUME_BOOSTER@4
I/CustomFrequencyManager( 2928): mContext is Not Null  mContext.pkgName = android
I/CustomFrequencyManager( 2928): 2 Old token will be reused!
I/CustomFrequencyManager( 2928): CPUDVFSControlRequest : doFrequencyRequest::  = 1200000 Timeout : -1
I/CustomFrequencyManager( 2928): newFrequencyRequest  - mFrequency = 266, mTimeoutMs = -1, mPkgName = ACTIVITY_RESUME_BOOSTER@5
I/CustomFrequencyManager( 2928): Boost Request from package = ACTIVITY_RESUME_BOOSTER@5 frequency : 266type = 1
I/CustomFrequencyManager( 2928): !! pkgName = ACTIVITY_RESUME_BOOSTER@5
I/CustomFrequencyManager( 2928): Request from package name pkgName = ACTIVITY_RESUME_BOOSTER@5
I/CustomFrequencyManager( 2928): mContext is Not Null  mContext.pkgName = android
I/CustomFrequencyManager( 2928): 2 Old token will be reused!
I/CustomFrequencyManager( 2928): GPU : doFrequencyRequest::  = 266 Timeout : -1
I/CustomFrequencyManager( 2928): GPU : doFrequencyRequest::  = 266 Timeout : -1
W/ActivityManager( 2928): mDVFSHelper.acquire()
D/STATUSBAR-AirplaneModeQuickSettingButton( 3154): onReceive : android.intent.action.CLOSE_SYSTEM_DIALOGS
D/Launcher( 3330): onPause, Launcher: 1113495312
D/Launcher.HomeView( 3330): onPause
D/Launcher.Workspace( 3330): exitWidgetResizeMode State: NORMAL, newDragStarted: false
D/Launcher.HomeView( 3330): performOnHomePressed
D/Launcher.Workspace( 3330): exitWidgetResizeMode State: NORMAL, newDragStarted: false
D/Launcher( 3330): onResume, Launcher: 1113495312
D/Launcher.HomeView( 3330): onResume
W/ContextImpl( 2928): Calling a method in the system process without a qualified user: android.app.ContextImpl.sendBroadcast:1323 com.android.server.InputMethodManagerService$5.run:2283 java.lang.Thread.run:856 <bottom of call stack> <bottom of call stack> 
V/TaskCloserActivity(25568): TaskCloserActivity onReceive() - com.sec.android.intent.action.HOME_PAUSE
D/MenuAppsGridFragment( 3330): onResume
I/LSS-II: ( 2928): proc wait in:com.sec.android.app.controlpanel,adj=9LRU num=68,i=65
I/LSS-II: ( 2928): proc cancel wait in:com.sec.android.widgetapp.easyfavoritescontactswidget,adj=0LRU num=68,i=65
V/TaskCloserActivity(25568): TaskCloserActivity onReceive() - com.sec.android.intent.action.HOME_RESUME
I/LSS-II: ( 2928): proc cancel wait in:com.sec.android.app.controlpanel,adj=0LRU num=68,i=65
D/Mms/UIEventReceiver( 3881): ui event
I/LSS-II: ( 2928): proc wait in:com.sec.android.SimpleWidget,adj=11LRU num=68,i=48
I/LSS-II: ( 2928): proc cancel wait in:com.sec.android.SimpleWidget,adj=0LRU num=68,i=66
I/LSS-II: ( 2928): proc wait in:com.sec.android.widgetapp.easyfavoritescontactswidget,adj=11LRU num=68,i=51
D/InputReader( 2928): Input event: value=1
I/InputReader( 2928): Touch event's action is 0x0 (deviceType=0) [pCnt=1, s=0.567 ] when=20540612074000
I/InputDispatcher( 2928): Delivering touch to current input target: action: 0x0
I/InputDispatcher( 2928): Delivering touch to current input target: action: 0x0
I/InputDispatcher( 2928): Delivering touch to current input target: action: 0x0
I/InputDispatcher( 2928): Delivering touch to current input target: action: 0x0
I/InputDispatcher( 2928): Delivering touch to current input target: action: 0x0
I/CustomFrequencyManager( 3330): newFrequencyRequest  - mFrequency = 1300000, mTimeoutMs = 200, mPkgName = com.sec.android.app.launcher@1
I/CustomFrequencyManager( 3330): Boost Request from package = com.sec.android.app.launcher@1 frequency : 1300000type = 6
I/CustomFrequencyManager( 3330): !! pkgName = com.sec.android.app.launcher@1
I/CustomFrequencyManager( 3330): Request from package name pkgName = com.sec.android.app.launcher@1
I/CustomFrequencyManager( 3330): mContext is Not Null  mContext.pkgName = com.sec.android.app.launcher
I/CustomFrequencyManager( 3330): mToken is Null....Creating New Binder!
I/CustomFrequencyManager( 3330): CPUDVFSControlRequest : doFrequencyRequest::  = 1300000 Timeout : 200
I/CustomFrequencyManager( 3330): newFrequencyRequest  - mFrequency = 266, mTimeoutMs = -1, mPkgName = com.sec.android.app.launcher@2
I/CustomFrequencyManager( 3330): Boost Request from package = com.sec.android.app.launcher@2 frequency : 266type = 1
I/CustomFrequencyManager( 3330): !! pkgName = com.sec.android.app.launcher@2
I/CustomFrequencyManager( 3330): Request from package name pkgName = com.sec.android.app.launcher@2
I/CustomFrequencyManager( 3330): mContext is Not Null  mContext.pkgName = com.sec.android.app.launcher
I/CustomFrequencyManager( 3330): mToken is Null....Creating New Binder!
I/CustomFrequencyManager( 3330): GPU : doFrequencyRequest::  = 266 Timeout : -1
I/CustomFrequencyManager( 3330): GPU : doFrequencyRequest::  = 266 Timeout : -1
D/BatteryService( 2928): update start
D/BatteryService( 2928): level:100, scale:100, status:2, health:2, present:true, voltage: 4327, temperature: 296, technology: Li-ion, AC powered:false, USB powered:true, Wireless powered:false, icon:17303320, invalid charger:0, online:4, charge type:1, current avg:460
D/BatteryService( 2928): Sending ACTION_BATTERY_CHANGED.
D/STATUSBAR-BatteryController( 3154): onReceive() - ACTION_BATTERY_CHANGED
D/STATUSBAR-BatteryController( 3154): onReceive() - BATTERY_STATUS_CHARGING:
D/STATUSBAR-PhoneStatusBar( 3154): NORMAL_BATTERY
D/InputReader( 2928): Input event: value=0
I/InputReader( 2928): Touch event's action is 0x1 (deviceType=0) [pCnt=1, s=] when=20540677760000
I/InputDispatcher( 2928): Delivering touch to current input target: action: 0x1
I/InputDispatcher( 2928): Delivering touch to current input target: action: 0x1
I/InputDispatcher( 2928): Delivering touch to current input target: action: 0x1
I/InputDispatcher( 2928): Delivering touch to current input target: action: 0x1
I/InputDispatcher( 2928): Delivering touch to current input target: action: 0x1
D/GestureDetector( 3330): [Surface Touch Event] mSweepDown False, mLRSDCnt : -1 mTouchCnt : 5 mFalseSizeCnt:0
D/IconMerger( 3154): overflowShown = false
D/IconMerger( 3154): moreRequired = false
D/Launcher.Workspace( 3330): exitWidgetResizeMode State: NORMAL, newDragStarted: false
I/AudioPolicyManagerBase( 2476): getSituationVolume: isBTConnected:0 isHeadConnected:1
V/AudioPolicyManagerBase( 2476): getParamFromPolicy  deviceInt = 0, situationInt = 1, situationVolume = 0.700000
V/AudioPolicyManagerBase( 2476): getOutput() stream 1, samplingRate 0, format 0, channelMask 3, flags 0
V/AudioPolicyManagerBase( 2476): getOutputsForDevice device 0004 -> 0004
V/AudioPolicyManagerBase( 2476): getOutput() returns output 2
V/AudioPolicyManagerBase( 2476): getOutput() stream 1, samplingRate 0, format 0, channelMask 3, flags 0
V/AudioPolicyManagerBase( 2476): getOutputsForDevice device 0004 -> 0004
V/AudioPolicyManagerBase( 2476): getOutput() returns output 2
V/AudioPolicyManagerBase( 2476): getOutput() stream 1, samplingRate 48000, format 1, channelMask 1, flags 4
V/AudioPolicyManagerBase( 2476): getOutputsForDevice device 0004 -> 0004
V/AudioPolicyManagerBase( 2476): getOutput() returns output 2
V/LvOutput( 2476): initCheck: 0
V/LvOutput( 2476): attachEffects: attach processing to output 2, stream 1, session 838, mode 0
V/LvOutput( 2476): attachEffects: no output processing needs to be attached to this stream
V/LvOutput( 2476): LvOutput::setAllProcessorEnabled(false) mOutputs.size(0)
V/AudioPolicyManagerBase( 2476): startOutput() output 2, stream 1, session 838
V/AudioPolicyManagerBase( 2476): changeRefCount() stream 1, count 1
V/AudioPolicyManagerBase( 2476): getNewDevice() selected device 4
V/AudioPolicyManagerBase( 2476): releaseOutput() 2
I/AudioHardwareTinyALSA( 2476): AudioStreamOutALSA::write setDevice
I/AudioHardwareTinyALSA( 2476): enable_hdmi_audio:0
D/AudioHardwareTinyALSA( 2476): OutALSA::setDevice: mode = 0, newDevice=0x4, currentDevice=0x4 ,force= 0
D/AudioHardwareTinyALSA( 2476): OutALSA::setDevice: mDevice 0x4, newDevice = 0x4
D/AudioHardwareTinyALSA( 2476): setOutputVolume
D/TinyUCM ( 2476): setModifier Normal, en=1
I/AudioHardwareTinyALSA( 2476): OutALSA::setDevice: mHandle NULL mode[0], Device[00000004] nDevice:0 
I/AudioHardwareTinyALSA( 2476): Open:+ mDefaults->direction=0 device=0
D/AudioHardwareTinyALSA( 2476): Channel: 2, Samplerate: 48000, Format: 0, Peroid Size: 960, Period Count: 4
I/AudioHardwareTinyALSA( 2476): Open:- mDefaults->direction=0 device=0 mHandle: 42277008
D/AudioHardwareTinyALSA( 2476): setPcmInterface: Stream=0x1, iSamplerate=16000++
D/AudioHardwareTinyALSA( 2476): setPcmInterface--
W/ActivityManager( 2928): mDVFSHelper.release()
E/SpannableStringBuilder( 3330): SPAN_EXCLUSIVE_EXCLUSIVE spans cannot have a zero length
E/SpannableStringBuilder( 3330): SPAN_EXCLUSIVE_EXCLUSIVE spans cannot have a zero length
I/wpa_supplicant(20265): nl80211: Received scan results (12 BSSes)
D/Tethering( 2928): interfaceLinkStateChanged wlan0, true
D/Tethering( 2928): interfaceStatusChanged wlan0, true
I/WifiStateMachine( 2928): There are no configured NW[0] in scanResults
V/LvOutput( 2476): initCheck: 0
V/LvOutput( 2476): detachEffects: detach processing for output 2, stream 1, session 838
V/LvOutput( 2476): detachEffects: no output processing was attached to this stream
V/AudioPolicyManagerBase( 2476): stopOutput() output 2, stream 1, session 838
V/AudioPolicyManagerBase( 2476): changeRefCount() stream 1, count 0
V/AudioPolicyManagerBase( 2476): getNewDevice() selected device 0
W/DnsProxyListener( 2455): Error writing DNS result to client
W/SocketClient( 2455): write error (Broken pipe)
D/SurfaceWidgetClient$ISurfaceWidgetStub( 3594): [123490] Surface widget visibility changed visibility = false on instance = 1
D/SurfaceWidgetClient$ISurfaceWidgetStub( 3617): [123490] Surface widget visibility changed visibility = false on instance = 1
E/WifiHW  ( 2928): ##################### set firmware type 0 #####################
D/WifiStateMachine( 2928): setWifiEnabled : WifiNative.setFwType(0)
D/dalvikvm( 3419): GC_CONCURRENT freed 682K, 12% free 18844K/21408K, paused 4ms+4ms, total 35ms
D/STATUSBAR-NetworkController( 3154): refreshSignalCluster: data=-1 bt=false
D/IconMerger( 3154): overflowShown = false
D/IconMerger( 3154): moreRequired = false
D/STATUSBAR-NetworkController( 3154): refreshSignalCluster: data=-1 bt=false
D/IconMerger( 3154): overflowShown = false
D/IconMerger( 3154): moreRequired = false
D/InputReader( 2928): Input event: value=1
I/InputReader( 2928): Touch event's action is 0x0 (deviceType=0) [pCnt=1, s=0.568 ] when=20542344444000
I/InputDispatcher( 2928): Delivering touch to current input target: action: 0x0
I/InputDispatcher( 2928): Delivering touch to current input target: action: 0x0
I/InputDispatcher( 2928): Delivering touch to current input target: action: 0x0
I/InputDispatcher( 2928): Delivering touch to current input target: action: 0x0
I/InputDispatcher( 2928): Delivering touch to current input target: action: 0x0
I/CustomFrequencyManager( 3330): newFrequencyRequest  - mFrequency = 1300000, mTimeoutMs = 200, mPkgName = com.sec.android.app.launcher@1
I/CustomFrequencyManager( 3330): Boost Request from package = com.sec.android.app.launcher@1 frequency : 1300000type = 6
I/CustomFrequencyManager( 3330): !! pkgName = com.sec.android.app.launcher@1
I/CustomFrequencyManager( 3330): Request from package name pkgName = com.sec.android.app.launcher@1
I/CustomFrequencyManager( 3330): mContext is Not Null  mContext.pkgName = com.sec.android.app.launcher
I/CustomFrequencyManager( 3330): mToken is Null....Creating New Binder!
I/CustomFrequencyManager( 3330): CPUDVFSControlRequest : doFrequencyRequest::  = 1300000 Timeout : 200
D/InputReader( 2928): Input event: value=0
I/InputReader( 2928): Touch event's action is 0x1 (deviceType=0) [pCnt=1, s=] when=20542389798000
I/InputDispatcher( 2928): Delivering touch to current input target: action: 0x1
I/InputDispatcher( 2928): Delivering touch to current input target: action: 0x1
I/InputDispatcher( 2928): Delivering touch to current input target: action: 0x1
I/InputDispatcher( 2928): Delivering touch to current input target: action: 0x1
I/InputDispatcher( 2928): Delivering touch to current input target: action: 0x1
D/GestureDetector( 3330): [Surface Touch Event] mSweepDown False, mLRSDCnt : -1 mTouchCnt : 4 mFalseSizeCnt:0
V/AlarmManager( 2928): waitForAlarm result :4
D/InputReader( 2928): Input event: value=1
I/InputReader( 2928): Touch event's action is 0x0 (deviceType=0) [pCnt=1, s=0.569 ] when=20543790721000
I/InputDispatcher( 2928): Delivering touch to current input target: action: 0x0
I/InputDispatcher( 2928): Delivering touch to current input target: action: 0x0
I/InputDispatcher( 2928): Delivering touch to current input target: action: 0x0
I/InputDispatcher( 2928): Delivering touch to current input target: action: 0x0
I/InputDispatcher( 2928): Delivering touch to current input target: action: 0x0
I/CustomFrequencyManager( 3330): newFrequencyRequest  - mFrequency = 1300000, mTimeoutMs = 200, mPkgName = com.sec.android.app.launcher@1
I/CustomFrequencyManager( 3330): Boost Request from package = com.sec.android.app.launcher@1 frequency : 1300000type = 6
I/CustomFrequencyManager( 3330): !! pkgName = com.sec.android.app.launcher@1
I/CustomFrequencyManager( 3330): Request from package name pkgName = com.sec.android.app.launcher@1
I/CustomFrequencyManager( 3330): mContext is Not Null  mContext.pkgName = com.sec.android.app.launcher
I/CustomFrequencyManager( 3330): mToken is Null....Creating New Binder!
I/CustomFrequencyManager( 3330): CPUDVFSControlRequest : doFrequencyRequest::  = 1300000 Timeout : 200
D/InputReader( 2928): Input event: value=0
I/InputReader( 2928): Touch event's action is 0x1 (deviceType=0) [pCnt=1, s=] when=20543846688000
I/InputDispatcher( 2928): Delivering touch to current input target: action: 0x1
I/InputDispatcher( 2928): Delivering touch to current input target: action: 0x1
I/InputDispatcher( 2928): Delivering touch to current input target: action: 0x1
I/InputDispatcher( 2928): Delivering touch to current input target: action: 0x1
I/InputDispatcher( 2928): Delivering touch to current input target: action: 0x1
D/GestureDetector( 3330): [Surface Touch Event] mSweepDown False, mLRSDCnt : -1 mTouchCnt : 4 mFalseSizeCnt:0
D/AudioHardwareTinyALSA( 2476): standby waiting for out autolock
D/AudioHardwareTinyALSA( 2476): Entering AudioStreamOutALSA standby mode nStreamOutputType:0
I/AudioHardwareTinyALSA( 2476): Close mHandle:42277008
E/SELinux (25675): selinux_android_seapp_context_reload: seapp_contexts file is loaded from /seapp_contexts
D/InputReader( 2928): Input event: value=1
I/InputReader( 2928): Touch event's action is 0x0 (deviceType=0) [pCnt=1, s=0.570 ] when=20544628591000
I/InputDispatcher( 2928): Delivering touch to current input target: action: 0x0
I/InputDispatcher( 2928): Delivering touch to current input target: action: 0x0
I/InputDispatcher( 2928): Delivering touch to current input target: action: 0x0
I/InputDispatcher( 2928): Delivering touch to current input target: action: 0x0
I/InputDispatcher( 2928): Delivering touch to current input target: action: 0x0
I/CustomFrequencyManager( 3330): newFrequencyRequest  - mFrequency = 1300000, mTimeoutMs = 200, mPkgName = com.sec.android.app.launcher@1
I/CustomFrequencyManager( 3330): Boost Request from package = com.sec.android.app.launcher@1 frequency : 1300000type = 6
I/CustomFrequencyManager( 3330): !! pkgName = com.sec.android.app.launcher@1
