I/CustomFrequencyManager( 3330): newFrequencyRequest  - mFrequency = 1300000, mTimeoutMs = 200, mPkgName = com.sec.android.app.launcher@1
I/CustomFrequencyManager( 3330): Boost Request from package = com.sec.android.app.launcher@1 frequency : 1300000type = 6
I/CustomFrequencyManager( 3330): !! pkgName = com.sec.android.app.launcher@1
I/CustomFrequencyManager( 3330): Request from package name pkgName = com.sec.android.app.launcher@1
I/CustomFrequencyManager( 3330): mContext is Not Null  mContext.pkgName = com.sec.android.app.launcher
I/CustomFrequencyManager( 3330): mToken is Null....Creating New Binder!
I/CustomFrequencyManager( 3330): CPUDVFSControlRequest : doFrequencyRequest::  = 1300000 Timeout : 200
I/CustomFrequencyManager( 3330): newFrequencyRequest  - mFrequency = 266, mTimeoutMs = -1, mPkgName = com.sec.android.app.launcher@2
I/CustomFrequencyManager( 3330): Boost Request from package = com.sec.android.app.launcher@2 frequency : 266type = 1
I/CustomFrequencyManager( 3330): !! pkgName = com.sec.android.app.launcher@2
I/CustomFrequencyManager( 3330): Request from package name pkgName = com.sec.android.app.launcher@2
I/CustomFrequencyManager( 3330): mContext is Not Null  mContext.pkgName = com.sec.android.app.launcher
I/CustomFrequencyManager( 3330): mToken is Null....Creating New Binder!
I/CustomFrequencyManager( 3330): GPU : doFrequencyRequest::  = 266 Timeout : -1
I/CustomFrequencyManager( 3330): GPU : doFrequencyRequest::  = 266 Timeout : -1
D/InputReader( 2928): Input event: value=0
I/InputReader( 2928): Touch event's action is 0x1 (deviceType=0) [pCnt=1, s=] when=20531203328000
I/InputDispatcher( 2928): Delivering touch to current input target: action: 0x1
I/InputDispatcher( 2928): Delivering touch to current input target: action: 0x1
I/InputDispatcher( 2928): Delivering touch to current input target: action: 0x1
I/InputDispatcher( 2928): Delivering touch to current input target: action: 0x1
I/InputDispatcher( 2928): Delivering touch to current input target: action: 0x1
D/GestureDetector( 3330): [Surface Touch Event] mSweepDown False, mLRSDCnt : -1 mTouchCnt : 5 mFalseSizeCnt:0
D/Launcher.Workspace( 3330): exitWidgetResizeMode State: NORMAL, newDragStarted: false
I/AudioPolicyManagerBase( 2476): getSituationVolume: isBTConnected:0 isHeadConnected:1
V/AudioPolicyManagerBase( 2476): getParamFromPolicy  deviceInt = 0, situationInt = 1, situationVolume = 0.700000
V/AudioPolicyManagerBase( 2476): getOutput() stream 1, samplingRate 0, format 0, channelMask 3, flags 0
V/AudioPolicyManagerBase( 2476): getOutputsForDevice device 0004 -> 0004
V/AudioPolicyManagerBase( 2476): getOutput() returns output 2
V/AudioPolicyManagerBase( 2476): getOutput() stream 1, samplingRate 0, format 0, channelMask 3, flags 0
V/AudioPolicyManagerBase( 2476): getOutputsForDevice device 0004 -> 0004
V/AudioPolicyManagerBase( 2476): getOutput() returns output 2
V/AudioPolicyManagerBase( 2476): getOutput() stream 1, samplingRate 48000, format 1, channelMask 1, flags 4
V/AudioPolicyManagerBase( 2476): getOutputsForDevice device 0004 -> 0004
V/AudioPolicyManagerBase( 2476): getOutput() returns output 2
V/LvOutput( 2476): initCheck: 0
V/LvOutput( 2476): attachEffects: attach processing to output 2, stream 1, session 832, mode 0
V/LvOutput( 2476): attachEffects: no output processing needs to be attached to this stream
V/LvOutput( 2476): LvOutput::setAllProcessorEnabled(false) mOutputs.size(0)
V/AudioPolicyManagerBase( 2476): startOutput() output 2, stream 1, session 832
V/AudioPolicyManagerBase( 2476): changeRefCount() stream 1, count 1
V/AudioPolicyManagerBase( 2476): getNewDevice() selected device 4
I/AudioHardwareTinyALSA( 2476): AudioStreamOutALSA::write setDevice
I/AudioHardwareTinyALSA( 2476): enable_hdmi_audio:0
D/AudioHardwareTinyALSA( 2476): OutALSA::setDevice: mode = 0, newDevice=0x4, currentDevice=0x4 ,force= 0
D/AudioHardwareTinyALSA( 2476): OutALSA::setDevice: mDevice 0x4, newDevice = 0x4
D/AudioHardwareTinyALSA( 2476): setOutputVolume
D/TinyUCM ( 2476): setModifier Normal, en=1
V/AudioPolicyManagerBase( 2476): releaseOutput() 2
I/AudioHardwareTinyALSA( 2476): OutALSA::setDevice: mHandle NULL mode[0], Device[00000004] nDevice:0 
I/AudioHardwareTinyALSA( 2476): Open:+ mDefaults->direction=0 device=0
D/AudioHardwareTinyALSA( 2476): Channel: 2, Samplerate: 48000, Format: 0, Peroid Size: 960, Period Count: 4
I/AudioHardwareTinyALSA( 2476): Open:- mDefaults->direction=0 device=0 mHandle: 42277008
D/AudioHardwareTinyALSA( 2476): setPcmInterface: Stream=0x1, iSamplerate=16000++
D/AudioHardwareTinyALSA( 2476): setPcmInterface--
E/SpannableStringBuilder( 3330): SPAN_EXCLUSIVE_EXCLUSIVE spans cannot have a zero length
E/SpannableStringBuilder( 3330): SPAN_EXCLUSIVE_EXCLUSIVE spans cannot have a zero length
V/LvOutput( 2476): initCheck: 0
V/LvOutput( 2476): detachEffects: detach processing for output 2, stream 1, session 832
V/LvOutput( 2476): detachEffects: no output processing was attached to this stream
V/AudioPolicyManagerBase( 2476): stopOutput() output 2, stream 1, session 832
V/AudioPolicyManagerBase( 2476): changeRefCount() stream 1, count 0
V/AudioPolicyManagerBase( 2476): getNewDevice() selected device 0
D/SurfaceWidgetClient$ISurfaceWidgetStub( 3594): [123490] Surface widget visibility changed visibility = false on instance = 1
D/SurfaceWidgetClient$ISurfaceWidgetStub( 3617): [123490] Surface widget visibility changed visibility = false on instance = 1
W/ActivityManager( 2928): mDVFSHelper.release()
D/InputReader( 2928): Input event: value=1
I/InputReader( 2928): Touch event's action is 0x0 (deviceType=0) [pCnt=1, s=0.563 ] when=20532442393000
I/InputDispatcher( 2928): Delivering touch to current input target: action: 0x0
I/InputDispatcher( 2928): Delivering touch to current input target: action: 0x0
I/InputDispatcher( 2928): Delivering touch to current input target: action: 0x0
I/InputDispatcher( 2928): Delivering touch to current input target: action: 0x0
I/InputDispatcher( 2928): Delivering touch to current input target: action: 0x0
I/CustomFrequencyManager( 3330): newFrequencyRequest  - mFrequency = 1300000, mTimeoutMs = 200, mPkgName = com.sec.android.app.launcher@1
I/CustomFrequencyManager( 3330): Boost Request from package = com.sec.android.app.launcher@1 frequency : 1300000type = 6
I/CustomFrequencyManager( 3330): !! pkgName = com.sec.android.app.launcher@1
I/CustomFrequencyManager( 3330): Request from package name pkgName = com.sec.android.app.launcher@1
I/CustomFrequencyManager( 3330): mContext is Not Null  mContext.pkgName = com.sec.android.app.launcher
I/CustomFrequencyManager( 3330): mToken is Null....Creating New Binder!
I/CustomFrequencyManager( 3330): CPUDVFSControlRequest : doFrequencyRequest::  = 1300000 Timeout : 200
D/InputReader( 2928): Input event: value=0
I/InputReader( 2928): Touch event's action is 0x1 (deviceType=0) [pCnt=1, s=] when=20532509748000
I/InputDispatcher( 2928): Delivering touch to current input target: action: 0x1
I/InputDispatcher( 2928): Delivering touch to current input target: action: 0x1
I/InputDispatcher( 2928): Delivering touch to current input target: action: 0x1
I/InputDispatcher( 2928): Delivering touch to current input target: action: 0x1
I/InputDispatcher( 2928): Delivering touch to current input target: action: 0x1
D/GestureDetector( 3330): [Surface Touch Event] mSweepDown False, mLRSDCnt : -1 mTouchCnt : 4 mFalseSizeCnt:0
D/InputReader( 2928): Input event: value=1
I/InputReader( 2928): Touch event's action is 0x0 (deviceType=0) [pCnt=1, s=0.564 ] when=20533384983000
I/InputDispatcher( 2928): Delivering touch to current input target: action: 0x0
I/InputDispatcher( 2928): Delivering touch to current input target: action: 0x0
I/InputDispatcher( 2928): Delivering touch to current input target: action: 0x0
I/InputDispatcher( 2928): Delivering touch to current input target: action: 0x0
I/InputDispatcher( 2928): Delivering touch to current input target: action: 0x0
I/CustomFrequencyManager( 3330): newFrequencyRequest  - mFrequency = 1300000, mTimeoutMs = 200, mPkgName = com.sec.android.app.launcher@1
I/CustomFrequencyManager( 3330): Boost Request from package = com.sec.android.app.launcher@1 frequency : 1300000type = 6
I/CustomFrequencyManager( 3330): !! pkgName = com.sec.android.app.launcher@1
I/CustomFrequencyManager( 3330): Request from package name pkgName = com.sec.android.app.launcher@1
I/CustomFrequencyManager( 3330): mContext is Not Null  mContext.pkgName = com.sec.android.app.launcher
I/CustomFrequencyManager( 3330): mToken is Null....Creating New Binder!
I/CustomFrequencyManager( 3330): CPUDVFSControlRequest : doFrequencyRequest::  = 1300000 Timeout : 200
D/InputReader( 2928): Input event: value=0
I/InputReader( 2928): Touch event's action is 0x1 (deviceType=0) [pCnt=1, s=] when=20533465075000
I/InputDispatcher( 2928): Delivering touch to current input target: action: 0x1
I/InputDispatcher( 2928): Delivering touch to current input target: action: 0x1
I/InputDispatcher( 2928): Delivering touch to current input target: action: 0x1
I/InputDispatcher( 2928): Delivering touch to current input target: action: 0x1
I/InputDispatcher( 2928): Delivering touch to current input target: action: 0x1
D/GestureDetector( 3330): [Surface Touch Event] mSweepDown False, mLRSDCnt : -1 mTouchCnt : 4 mFalseSizeCnt:0
D/AudioHardwareTinyALSA( 2476): standby waiting for out autolock
D/AudioHardwareTinyALSA( 2476): Entering AudioStreamOutALSA standby mode nStreamOutputType:0
I/AudioHardwareTinyALSA( 2476): Close mHandle:42277008
D/InputReader( 2928): Input event: value=1
I/InputReader( 2928): Touch event's action is 0x0 (deviceType=0) [pCnt=1, s=0.565 ] when=20534562345000
I/InputDispatcher( 2928): Delivering touch to current input target: action: 0x0
I/InputDispatcher( 2928): Delivering touch to current input target: action: 0x0
I/InputDispatcher( 2928): Delivering touch to current input target: action: 0x0
I/InputDispatcher( 2928): Delivering touch to current input target: action: 0x0
I/InputDispatcher( 2928): Delivering touch to current input target: action: 0x0
I/CustomFrequencyManager( 3330): newFrequencyRequest  - mFrequency = 1300000, mTimeoutMs = 200, mPkgName = com.sec.android.app.launcher@1
I/CustomFrequencyManager( 3330): Boost Request from package = com.sec.android.app.launcher@1 frequency : 1300000type = 6
I/CustomFrequencyManager( 3330): !! pkgName = com.sec.android.app.launcher@1
I/CustomFrequencyManager( 3330): Request from package name pkgName = com.sec.android.app.launcher@1
I/CustomFrequencyManager( 3330): mContext is Not Null  mContext.pkgName = com.sec.android.app.launcher
I/CustomFrequencyManager( 3330): mToken is Null....Creating New Binder!
I/CustomFrequencyManager( 3330): CPUDVFSControlRequest : doFrequencyRequest::  = 1300000 Timeout : 200
D/InputReader( 2928): Input event: value=0
I/InputReader( 2928): Touch event's action is 0x1 (deviceType=0) [pCnt=1, s=] when=20534596088000
I/InputDispatcher( 2928): Delivering touch to current input target: action: 0x1
I/InputDispatcher( 2928): Delivering touch to current input target: action: 0x1
I/InputDispatcher( 2928): Delivering touch to current input target: action: 0x1
I/InputDispatcher( 2928): Delivering touch to current input target: action: 0x1
I/InputDispatcher( 2928): Delivering touch to current input target: action: 0x1
D/GestureDetector( 3330): [Surface Touch Event] mSweepDown False, mLRSDCnt : -1 mTouchCnt : 4 mFalseSizeCnt:0
I/AudioPolicyManagerBase( 2476): getSituationVolume: isBTConnected:0 isHeadConnected:1
V/AudioPolicyManagerBase( 2476): getParamFromPolicy  deviceInt = 0, situationInt = 1, situationVolume = 0.700000
V/AudioPolicyManagerBase( 2476): getOutput() stream 1, samplingRate 0, format 0, channelMask 3, flags 0
V/AudioPolicyManagerBase( 2476): getOutputsForDevice device 0004 -> 0004
V/AudioPolicyManagerBase( 2476): getOutput() returns output 2
V/AudioPolicyManagerBase( 2476): getOutput() stream 1, samplingRate 0, format 0, channelMask 3, flags 0
V/AudioPolicyManagerBase( 2476): getOutputsForDevice device 0004 -> 0004
V/AudioPolicyManagerBase( 2476): getOutput() returns output 2
V/AudioPolicyManagerBase( 2476): getOutput() stream 1, samplingRate 48000, format 1, channelMask 1, flags 4
V/AudioPolicyManagerBase( 2476): getOutputsForDevice device 0004 -> 0004
V/AudioPolicyManagerBase( 2476): getOutput() returns output 2
V/LvOutput( 2476): initCheck: 0
V/LvOutput( 2476): attachEffects: attach processing to output 2, stream 1, session 833, mode 0
V/LvOutput( 2476): attachEffects: no output processing needs to be attached to this stream
V/LvOutput( 2476): LvOutput::setAllProcessorEnabled(false) mOutputs.size(0)
V/AudioPolicyManagerBase( 2476): startOutput() output 2, stream 1, session 833
V/AudioPolicyManagerBase( 2476): changeRefCount() stream 1, count 1
V/AudioPolicyManagerBase( 2476): getNewDevice() selected device 4
I/AudioHardwareTinyALSA( 2476): AudioStreamOutALSA::write setDevice
I/AudioHardwareTinyALSA( 2476): enable_hdmi_audio:0
V/AudioPolicyManagerBase( 2476): releaseOutput() 2
D/AudioHardwareTinyALSA( 2476): OutALSA::setDevice: mode = 0, newDevice=0x4, currentDevice=0x4 ,force= 0
D/AudioHardwareTinyALSA( 2476): OutALSA::setDevice: mDevice 0x4, newDevice = 0x4
D/AudioHardwareTinyALSA( 2476): setOutputVolume
D/TinyUCM ( 2476): setModifier Normal, en=1
I/AudioHardwareTinyALSA( 2476): OutALSA::setDevice: mHandle NULL mode[0], Device[00000004] nDevice:0 
I/AudioHardwareTinyALSA( 2476): Open:+ mDefaults->direction=0 device=0
D/AudioHardwareTinyALSA( 2476): Channel: 2, Samplerate: 48000, Format: 0, Peroid Size: 960, Period Count: 4
I/CustomFrequencyManager( 2928): newFrequencyRequest  - mFrequency = 1200000, mTimeoutMs = -1, mPkgName = ACTIVITY_RESUME_BOOSTER@4
I/CustomFrequencyManager( 2928): Boost Request from package = ACTIVITY_RESUME_BOOSTER@4 frequency : 1200000type = 6
I/CustomFrequencyManager( 2928): !! pkgName = ACTIVITY_RESUME_BOOSTER@4
I/CustomFrequencyManager( 2928): Request from package name pkgName = ACTIVITY_RESUME_BOOSTER@4
I/CustomFrequencyManager( 2928): mContext is Not Null  mContext.pkgName = android
I/CustomFrequencyManager( 2928): 2 Old token will be reused!
I/CustomFrequencyManager( 2928): CPUDVFSControlRequest : doFrequencyRequest::  = 1200000 Timeout : -1
I/CustomFrequencyManager( 2928): newFrequencyRequest  - mFrequency = 266, mTimeoutMs = -1, mPkgName = ACTIVITY_RESUME_BOOSTER@5
I/CustomFrequencyManager( 2928): Boost Request from package = ACTIVITY_RESUME_BOOSTER@5 frequency : 266type = 1
I/CustomFrequencyManager( 2928): !! pkgName = ACTIVITY_RESUME_BOOSTER@5
I/CustomFrequencyManager( 2928): Request from package name pkgName = ACTIVITY_RESUME_BOOSTER@5
I/CustomFrequencyManager( 2928): mContext is Not Null  mContext.pkgName = android
I/CustomFrequencyManager( 2928): 2 Old token will be reused!
I/CustomFrequencyManager( 2928): GPU : doFrequencyRequest::  = 266 Timeout : -1
I/CustomFrequencyManager( 2928): GPU : doFrequencyRequest::  = 266 Timeout : -1
W/ActivityManager( 2928): mDVFSHelper.acquire()
I/AudioHardwareTinyALSA( 2476): Open:- mDefaults->direction=0 device=0 mHandle: 42277008
D/AudioHardwareTinyALSA( 2476): setPcmInterface: Stream=0x1, iSamplerate=16000++
D/AudioHardwareTinyALSA( 2476): setPcmInterface--
W/ContextImpl( 2928): Calling a method in the system process without a qualified user: android.app.ContextImpl.sendBroadcast:1337 com.android.server.am.ActivityStack.startPausingLocked:1342 com.android.server.am.ActivityStack.resumeTopActivityLocked:2410 com.android.server.am.ActivityStack.resumeTopActivityLocked:2196 com.android.server.am.ActivityStack.resumeTopActivityLocked:2182 
V/SmartFaceService - 3rd party pause( 2928): onReceive [android.intent.action.ACTIVITY_STATE/com.sec.android.app.launcher/pause]
I/SurfaceFlinger( 2473): id=350(75) createSurf 0x41f924f4 (1x1),1 flag=404, nidas
V/WindowManager( 2928): Window{42e80110 u0 Keyguard}mOrientationRequetedFromKeyguard=false
D/Launcher( 3330): onPause, Launcher: 1113495312
D/Launcher.HomeView( 3330): onPause
D/Launcher.Workspace( 3330): exitWidgetResizeMode State: NORMAL, newDragStarted: false
V/TaskCloserActivity(25568): TaskCloserActivity onReceive() - com.sec.android.intent.action.HOME_PAUSE
V/WindowOrientationListener( 2928): mSContextAutoRotationListener.getProposedRotation, mbResultFaceDectection: false
V/WindowOrientationListener( 2928): mSContextAutoRotationListener.getProposedRotation, Rotation: -1
V/WindowOrientationListener( 2928): mSContextAutoRotationListener.getProposedRotation, mbResultFaceDectection: false
V/WindowOrientationListener( 2928): mSContextAutoRotationListener.getProposedRotation, Rotation: -1
D/ActivityManager( 2928): Trying to launch com.vlingo.midas/.gui.ConversationActivity
V/WindowManager( 2928): rotationForOrientationLw(orient=-1, last=0); user=0  sensorRotation=-1 isCoverOpen=true mLidState=-1 mDockMode=0 mHdmiPlugged=false mAccelerometerDefault=false
V/WindowManager( 2928): Application requested orientation -1, got rotation 0 which has compatible metrics
D/WindowManager( 2928): computeScreenConfigurationLocked() set config.orientation=1 dw=1080 dh=1920 Callers=com.android.server.wm.WindowManagerService.updateOrientationFromAppTokensLocked:5153 com.android.server.wm.WindowManagerService.updateOrientationFromAppTokens:5122 com.android.server.am.ActivityStack.realStartActivityLocked:907 
D/PowerManagerService( 2928): setKeyboardVisibility: false
W/ContextImpl( 2928): Calling a method in the system process without a qualified user: android.app.ContextImpl.sendBroadcast:1323 com.android.server.am.ActivityManagerService.computeOomAdjLocked:14825 com.android.server.am.ActivityManagerService.computeOomAdjLocked:14485 com.android.server.am.ActivityManagerService.updateOomAdjLocked:15116 com.android.server.am.ActivityManagerService.updateOomAdjLocked:15311 
W/ContextImpl( 2928): Calling a method in the system process without a qualified user: android.app.ContextImpl.sendBroadcast:1323 com.android.server.am.ActivityManagerService.computeOomAdjLocked:14831 com.android.server.am.ActivityManagerService.computeOomAdjLocked:14485 com.android.server.am.ActivityManagerService.updateOomAdjLocked:15116 com.android.server.am.ActivityManagerService.updateOomAdjLocked:15311 
D/SurfaceWidgetClient( 3594): [123490] SurfaceWidgetClient onTrimMemory level: 20
D/SurfaceWidgetClient( 3617): [123490] SurfaceWidgetClient onTrimMemory level: 20
D/SurfaceWidgetClient( 3630): [123490] SurfaceWidgetClient onTrimMemory level: 20
W/ContextImpl( 2928): Calling a method in the system process without a qualified user: android.app.ContextImpl.sendBroadcast:1337 com.android.server.am.ActivityStack.realStartActivityLocked:957 com.android.server.am.ActivityStack.startSpecificActivityLocked:1122 com.android.server.am.ActivityStack.resumeTopActivityLocked:2733 com.android.server.am.ActivityStack.resumeTopActivityLocked:2196 
D/svoicedebugging(25122): Focus onCreate() of Svoice null
D/ConversationActivity(25122): clear covered = false
D/strangeLang(25122): en_US
V/SmartFaceService - 3rd party pause( 2928): onReceive [android.intent.action.ACTIVITY_STATE/com.vlingo.midas/create]
I/LSS-II: ( 2928): proc cancel wait in:com.samsung.SMT,adj=1LRU num=70,i=58
D/dalvikvm( 3706): GC_CONCURRENT freed 460K, 14% free 16883K/19492K, paused 2ms+3ms, total 21ms
V/WindowManager( 2928): Window{42e80110 u0 Keyguard}mOrientationRequetedFromKeyguard=false
D/PointerIcon( 2928): setHoveringSpenIconStyle1 pointerType: 10001iconType:1 flag:0
D/PointerIcon( 2928): setHoveringSpenCustomIcon IconType is same.1
V/LvOutput( 2476): initCheck: 0
V/LvOutput( 2476): detachEffects: detach processing for output 2, stream 1, session 833
V/LvOutput( 2476): detachEffects: no output processing was attached to this stream
V/AudioPolicyManagerBase( 2476): stopOutput() output 2, stream 1, session 833
V/AudioPolicyManagerBase( 2476): changeRefCount() stream 1, count 0
V/AudioPolicyManagerBase( 2476): getNewDevice() selected device 0
D/ProgressBar(25122): setProgress = 0
D/ProgressBar(25122): setProgress = 0, fromUser = false
D/ProgressBar(25122): mProgress = 0mIndeterminate = false, mMin = 0, mMax = 100
D/Launcher( 3330): onTrimMemory. Level: 20
D/BluetoothAdapter(25122): 1113792024: getState() :  mService = null. Returning STATE_OFF
V/WindowManager( 2928): Window{42e80110 u0 Keyguard}mOrientationRequetedFromKeyguard=false
D/LocationManagerService( 2928): request 45261168 network Request[POWER_LOW network requested=+100ms fastest=+100ms] from com.vlingo.midas(10113)
D/LocationManagerService( 2928): provider request: network ProviderRequest[ON interval=+100ms]
D/BluetoothAdapter(25122): 1113792024: getState() :  mService = null. Returning STATE_OFF
E/WifiHW  ( 2928): ##################### set firmware type 0 #####################
D/WifiStateMachine( 2928): setWifiEnabled : WifiNative.setFwType(0)
I/wpa_supplicant(20265): Scan requested (ret=0) - scan timeout 30 seconds
V/AlarmManager( 2928): waitForAlarm result :4
V/AlarmManager( 2928): trigger ELAPSED_REALTIME_WAKEUP or RTC_WAKEUP
I/LSS-II: ( 2928): proc in:com.sec.android.app.tmserver,adj=13LRU num=70,i=34
W/Vlingo  (25122): setState: IDLE
D/svoicedebugging(25122): Focus onResume() of Svoice
D/BluetoothAdapter(25122): 1113792024: getState() :  mService = null. Returning STATE_OFF
E/SPPClientService( 5228): [PushClientService] onStartCommand. F:false, D:false, E:false, T:false, S:false, R:false
D/strangeLang(25122): en_US
D/strangeLang(25122): en_US
D/STATUSBAR-NetworkController( 3154): refreshSignalCluster: data=-1 bt=false
V/MediaPlayer(25122): decode(54, 7352976, 16356)
V/MediaPlayerService( 2476): decode(43, 7352976, 16356)
D/BluetoothAdapter(25122): 1113792024: getState() :  mService = null. Returning STATE_OFF
D/BluetoothAdapter(25122): 1113792024: getState() :  mService = null. Returning STATE_OFF
D/BluetoothAdapter(25122): 1113792024: getState() :  mService = null. Returning STATE_OFF
D/BluetoothAdapter(25122): 1113792024: getState() :  mService = null. Returning STATE_OFF
D/getFieldID(25122): pm newWakeLock rel WakeLock{427379a0 held=false, refCount=0} isHeld = false
V/MediaPlayerService( 2476): player type = 3
V/AwesomePlayer( 2476): setDefault
V/AwesomePlayer( 2476): constructor
V/AwesomePlayer( 2476): setDefault
V/AwesomePlayer( 2476): reset_l()
V/AwesomePlayer( 2476): reset_l() while (mFlags & PREPARING) condition check
V/AwesomePlayer( 2476): cancelPlayerEvents (keepNotifications=0)
V/AwesomePlayer( 2476): mAudioTrackVector clear
V/AwesomePlayer( 2476): mAudioTrackVector clear
V/AwesomePlayer( 2476): reset_l() mAudioPlayer successfully deleted
V/AwesomePlayer( 2476): mSecMediaClock clear
V/StagefrightPlayer( 2476): StagefrightPlayer
V/AwesomePlayer( 2476): setListener
V/StagefrightPlayer( 2476): initCheck
V/AwesomePlayer( 2476): setAudioSink
V/StagefrightPlayer( 2476): setDataSource(43, 7352976, 16356)
V/AwesomePlayer( 2476): setDataSource (55, 7352976, 16356)
V/AwesomePlayer( 2476): reset_l()
V/AwesomePlayer( 2476): reset_l() while (mFlags & PREPARING) condition check
V/AwesomePlayer( 2476): cancelPlayerEvents (keepNotifications=0)
V/AwesomePlayer( 2476): mAudioTrackVector clear
V/AwesomePlayer( 2476): mAudioTrackVector clear
V/AwesomePlayer( 2476): reset_l() mAudioPlayer successfully deleted
V/AwesomePlayer( 2476): mSecMediaClock clear
W/Vlingo  (25122): setState: IDLE
V/MediaExtractor( 2476): Autodetected media content as 'application/ogg' with confidence 0.20
D/dalvikvm(25122): TRACE stop requested, but not running
V/AwesomePlayer( 2476): track of type 'audio/vorbis' does not publish bitrate
V/AwesomePlayer( 2476): mBitrate = -1 bits/sec
W/AwesomePlayer( 2476): couldn't get userdata - Weather
W/AwesomePlayer( 2476): couldn't get userdata - Authorization 
W/AwesomePlayer( 2476): couldn't get userdata - SnapShot 
W/AwesomePlayer( 2476): couldn't get userdata - SMRD
V/AwesomePlayer( 2476): current audio track index (0) is added to vector
V/AwesomePlayer( 2476): setDataSource_l: Audio(1), Video(0)
I/AwesomePlayer( 2476): AwesomePlayer::setDataSource_l():: This is not a DRM content
V/MediaPlayerService( 2476): prepare
V/AwesomePlayer( 2476): prepareAsync
D/IconMerger( 3154): overflowShown = false
D/IconMerger( 3154): moreRequired = false
V/MediaPlayerService( 2476): wait for prepare
V/AwesomePlayer( 2476): onPrepareAsyncEvent
I/SecMediaClock( 2476): SecMediaClock constructor
I/SecMediaClock( 2476): reset
V/AwesomePlayer( 2476): initAudioDecoder
I/OMXCodec( 2476): OMXCodec::Create mime (audio/vorbis), flags (0), matchComponentName ((null)), createEncoder (0)
I/OMXCodec( 2476): Attempting to allocate OMX node 'OMX.google.vorbis.decoder'
I/OMXCodec( 2476): Successfully allocated OMX node 'OMX.google.vorbis.decoder'
I/OMXCodec( 2476): [OMX.google.vorbis.decoder] allocating 4 buffers of size 8192 on input port
I/OMXCodec( 2476): [OMX.google.vorbis.decoder] allocating 4 buffers of size 32768 on output port
V/AwesomePlayer( 2476): finishAsyncPrepare_l
V/AwesomePlayer( 2476): notifyListner_l() msg (5-MEDIA_SET_VIDEO_SIZE), ext1 (0), ext2 (0)
V/AudioCache( 2476): notify(0x42637128, 5, 0, 0)
V/AudioCache( 2476): ignored
V/AwesomePlayer( 2476): notifyListner_l() msg (1-MEDIA_PREPARED), ext1 (0), ext2 (0)
V/AudioCache( 2476): notify(0x42637128, 1, 0, 0)
V/AudioCache( 2476): prepared
V/AudioCache( 2476): wait - success
V/MediaPlayerService( 2476): start
V/StagefrightPlayer( 2476): start
V/AwesomePlayer( 2476): play
V/AwesomePlayer( 2476): AwesomePlayer::play_l():: This is not a DRM content
V/AwesomePlayer( 2476): startAudioPlayer_l, sendErrorNotification (0)
I/OMXCodec( 2476): [OMX.google.vorbis.decoder] allocating 4 buffers of size 32768 on output port
D/BluetoothHeadset(25122): Proxy object connected
D/BluetoothAdapter(25122): 1113792024: getState() :  mService = null. Returning STATE_OFF
I/AudioPlayer( 2476):  Audioplayer kKeyAudioPCMFormat:1, 2, 0
I/AudioPlayer( 2476):  Audioplayer1 (2, 1)
V/AudioCache( 2476): open(44100, 2, 0x0, 1, 4)
V/AwesomePlayer( 2476): addBatteryData
V/MediaPlayerService( 2476): wait for playback complete
I/LSS-II: ( 2928): proc cancel wait in:com.sec.android.app.sns3,adj=0LRU num=70,i=69
I/OMXCodec( 2476): [OMX.google.vorbis.decoder] End Of Stream
V/AwesomePlayer( 2476): postAudioEOS delayUs (0)
V/AwesomePlayer( 2476): onCheckAudioStatus
V/AwesomePlayer( 2476): onCheckAudioStatus() set AUDIO_AT_EOS flag
V/AwesomePlayer( 2476): onStreamDone
V/AwesomePlayer( 2476): MEDIA_PLAYBACK_COMPLETE
V/AwesomePlayer( 2476): notifyListner_l() msg (2-MEDIA_PLAYBACK_COMPLETE), ext1 (0), ext2 (0)
V/AudioCache( 2476): notify(0x42637128, 2, 0, 0)
V/AudioCache( 2476): playback complete - thread will wake up later
V/AwesomePlayer( 2476): cancelPlayerEvents (keepNotifications=1)
V/AwesomePlayer( 2476): addBatteryData
V/AudioCache( 2476): wait - success
V/StagefrightPlayer( 2476): reset
V/AwesomePlayer( 2476): reset_l()
V/AwesomePlayer( 2476): reset_l() while (mFlags & PREPARING) condition check
V/AwesomePlayer( 2476): cancelPlayerEvents (keepNotifications=0)
V/AwesomePlayer( 2476): mAudioTrackVector clear
V/AwesomePlayer( 2476): mAudioTrackVector clear
I/OMXCodec( 2476): [OMX.google.vorbis.decoder] stop() sendCommand(0x32, OMX_CommandStateSet, OMX_StateIdle)
I/OggExtractor( 2476): ~OggSource --
I/OggExtractor( 2476): ~OggExtractor ++
I/OggExtractor( 2476): ~MyVorbisExtractor ++ 
I/OggExtractor( 2476): ~MyVorbisExtractor --
I/OggExtractor( 2476): ~OggExtractor --
I/AudioPlayer( 2476): reset out
V/AwesomePlayer( 2476): reset_l() mAudioPlayer successfully deleted
I/SecMediaClock( 2476): SecMediaClock destructor
V/AwesomePlayer( 2476): mSecMediaClock clear
V/StagefrightPlayer( 2476): ~StagefrightPlayer
V/StagefrightPlayer( 2476): reset
V/AwesomePlayer( 2476): reset_l()
V/AwesomePlayer( 2476): reset_l() while (mFlags & PREPARING) condition check
V/AwesomePlayer( 2476): cancelPlayerEvents (keepNotifications=0)
V/AwesomePlayer( 2476): mAudioTrackVector clear
V/AwesomePlayer( 2476): mAudioTrackVector clear
V/AwesomePlayer( 2476): reset_l() mAudioPlayer successfully deleted
V/AwesomePlayer( 2476): mSecMediaClock clear
V/AwesomePlayer( 2476): destructor
V/AwesomePlayer( 2476): reset_l()
V/AwesomePlayer( 2476): reset_l() while (mFlags & PREPARING) condition check
V/AwesomePlayer( 2476): cancelPlayerEvents (keepNotifications=0)
V/AwesomePlayer( 2476): mAudioTrackVector clear
V/AwesomePlayer( 2476): mAudioTrackVector clear
V/AwesomePlayer( 2476): reset_l() mAudioPlayer successfully deleted
V/AwesomePlayer( 2476): mSecMediaClock clear
V/MediaPlayer(25122): decode(57, 7345636, 7277)
V/MediaPlayerService( 2476): decode(43, 7345636, 7277)
V/MediaPlayerService( 2476): player type = 3
V/AwesomePlayer( 2476): setDefault
V/AwesomePlayer( 2476): constructor
V/AwesomePlayer( 2476): setDefault
V/AwesomePlayer( 2476): reset_l()
V/AwesomePlayer( 2476): reset_l() while (mFlags & PREPARING) condition check
V/AwesomePlayer( 2476): cancelPlayerEvents (keepNotifications=0)
V/AwesomePlayer( 2476): mAudioTrackVector clear
V/AwesomePlayer( 2476): mAudioTrackVector clear
V/AwesomePlayer( 2476): reset_l() mAudioPlayer successfully deleted
V/AwesomePlayer( 2476): mSecMediaClock clear
V/StagefrightPlayer( 2476): StagefrightPlayer
V/AwesomePlayer( 2476): setListener
V/StagefrightPlayer( 2476): initCheck
V/AwesomePlayer( 2476): setAudioSink
V/StagefrightPlayer( 2476): setDataSource(43, 7345636, 7277)
V/AwesomePlayer( 2476): setDataSource (56, 7345636, 7277)
V/AwesomePlayer( 2476): reset_l()
V/AwesomePlayer( 2476): reset_l() while (mFlags & PREPARING) condition check
V/AwesomePlayer( 2476): cancelPlayerEvents (keepNotifications=0)
V/AwesomePlayer( 2476): mAudioTrackVector clear
V/AwesomePlayer( 2476): mAudioTrackVector clear
V/AwesomePlayer( 2476): reset_l() mAudioPlayer successfully deleted
V/AwesomePlayer( 2476): mSecMediaClock clear
V/MediaExtractor( 2476): Autodetected media content as 'application/ogg' with confidence 0.20
V/AwesomePlayer( 2476): track of type 'audio/vorbis' does not publish bitrate
V/AwesomePlayer( 2476): mBitrate = -1 bits/sec
W/AwesomePlayer( 2476): couldn't get userdata - Weather
W/AwesomePlayer( 2476): couldn't get userdata - Authorization 
W/AwesomePlayer( 2476): couldn't get userdata - SnapShot 
W/AwesomePlayer( 2476): couldn't get userdata - SMRD
V/AwesomePlayer( 2476): current audio track index (0) is added to vector
V/AwesomePlayer( 2476): setDataSource_l: Audio(1), Video(0)
I/AwesomePlayer( 2476): AwesomePlayer::setDataSource_l():: This is not a DRM content
V/MediaPlayerService( 2476): prepare
V/AwesomePlayer( 2476): prepareAsync
V/MediaPlayerService( 2476): wait for prepare
V/AwesomePlayer( 2476): onPrepareAsyncEvent
I/SecMediaClock( 2476): SecMediaClock constructor
I/SecMediaClock( 2476): reset
V/AwesomePlayer( 2476): initAudioDecoder
I/OMXCodec( 2476): OMXCodec::Create mime (audio/vorbis), flags (0), matchComponentName ((null)), createEncoder (0)
I/OMXCodec( 2476): Attempting to allocate OMX node 'OMX.google.vorbis.decoder'
I/OMXCodec( 2476): Successfully allocated OMX node 'OMX.google.vorbis.decoder'
I/OMXCodec( 2476): [OMX.google.vorbis.decoder] allocating 4 buffers of size 8192 on input port
I/OMXCodec( 2476): [OMX.google.vorbis.decoder] allocating 4 buffers of size 32768 on output port
V/AwesomePlayer( 2476): finishAsyncPrepare_l
V/AwesomePlayer( 2476): notifyListner_l() msg (5-MEDIA_SET_VIDEO_SIZE), ext1 (0), ext2 (0)
I/SurfaceFlinger( 2473): id=349 Removed Mauncher (1/6)
V/AudioCache( 2476): notify(0x42637128, 5, 0, 0)
V/AudioCache( 2476): ignored
V/AwesomePlayer( 2476): notifyListner_l() msg (1-MEDIA_PREPARED), ext1 (0), ext2 (0)
V/AudioCache( 2476): notify(0x42637128, 1, 0, 0)
V/AudioCache( 2476): prepared
V/AudioCache( 2476): wait - success
V/MediaPlayerService( 2476): start
V/StagefrightPlayer( 2476): start
V/AwesomePlayer( 2476): play
V/AwesomePlayer( 2476): AwesomePlayer::play_l():: This is not a DRM content
V/AwesomePlayer( 2476): startAudioPlayer_l, sendErrorNotification (0)
I/SurfaceFlinger( 2473): id=349 Removed Mauncher (-2/6)
D/BluetoothAdapter(25122): 1113792024: getState() :  mService = null. Returning STATE_OFF
D/BluetoothAdapter(25122): 1113792024: getState() :  mService = null. Returning STATE_OFF
I/OMXCodec( 2476): [OMX.google.vorbis.decoder] allocating 4 buffers of size 32768 on output port
I/AudioPlayer( 2476):  Audioplayer kKeyAudioPCMFormat:1, 2, 0
I/AudioPlayer( 2476):  Audioplayer1 (2, 1)
V/AudioCache( 2476): open(44100, 2, 0x0, 1, 4)
V/AwesomePlayer( 2476): addBatteryData
V/MediaPlayerService( 2476): wait for playback complete
W/Vlingo  (25122): setState: DIALOG_BUSY
W/Vlingo  (25122): setState: ASR_GETTING_READY
D/lights  ( 2928): button : 1 +
D/PowerManagerService( 2928): [api] acquire WakeLock flags=0x3000001a tag=VlingoMain uid=10113 pid=25122
I/OMXCodec( 2476): [OMX.google.vorbis.decoder] End Of Stream
V/AwesomePlayer( 2476): postAudioEOS delayUs (0)
V/AwesomePlayer( 2476): onCheckAudioStatus
V/AwesomePlayer( 2476): onCheckAudioStatus() set AUDIO_AT_EOS flag
V/AwesomePlayer( 2476): onStreamDone
V/AwesomePlayer( 2476): MEDIA_PLAYBACK_COMPLETE
V/AwesomePlayer( 2476): notifyListner_l() msg (2-MEDIA_PLAYBACK_COMPLETE), ext1 (0), ext2 (0)
V/AudioCache( 2476): notify(0x42637128, 2, 0, 0)
V/AudioCache( 2476): playback complete - thread will wake up later
V/AwesomePlayer( 2476): cancelPlayerEvents (keepNotifications=1)
V/AwesomePlayer( 2476): addBatteryData
V/AudioCache( 2476): wait - success
V/StagefrightPlayer( 2476): reset
V/AwesomePlayer( 2476): reset_l()
V/AwesomePlayer( 2476): reset_l() while (mFlags & PREPARING) condition check
V/AwesomePlayer( 2476): cancelPlayerEvents (keepNotifications=0)
V/AwesomePlayer( 2476): mAudioTrackVector clear
V/AwesomePlayer( 2476): mAudioTrackVector clear
I/OMXCodec( 2476): [OMX.google.vorbis.decoder] stop() sendCommand(0x33, OMX_CommandStateSet, OMX_StateIdle)
I/OggExtractor( 2476): ~OggSource --
I/OggExtractor( 2476): ~OggExtractor ++
I/OggExtractor( 2476): ~MyVorbisExtractor ++ 
I/OggExtractor( 2476): ~MyVorbisExtractor --
I/OggExtractor( 2476): ~OggExtractor --
I/AudioPlayer( 2476): reset out
V/AwesomePlayer( 2476): reset_l() mAudioPlayer successfully deleted
I/SecMediaClock( 2476): SecMediaClock destructor
V/AwesomePlayer( 2476): mSecMediaClock clear
V/StagefrightPlayer( 2476): ~StagefrightPlayer
V/StagefrightPlayer( 2476): reset
V/AwesomePlayer( 2476): reset_l()
V/AwesomePlayer( 2476): reset_l() while (mFlags & PREPARING) condition check
V/AwesomePlayer( 2476): cancelPlayerEvents (keepNotifications=0)
V/AwesomePlayer( 2476): mAudioTrackVector clear
V/AwesomePlayer( 2476): mAudioTrackVector clear
V/AwesomePlayer( 2476): reset_l() mAudioPlayer successfully deleted
V/AwesomePlayer( 2476): mSecMediaClock clear
V/AwesomePlayer( 2476): destructor
V/AwesomePlayer( 2476): reset_l()
V/AwesomePlayer( 2476): reset_l() while (mFlags & PREPARING) condition check
V/AwesomePlayer( 2476): cancelPlayerEvents (keepNotifications=0)
V/AwesomePlayer( 2476): mAudioTrackVector clear
V/AwesomePlayer( 2476): mAudioTrackVector clear
V/AwesomePlayer( 2476): reset_l() mAudioPlayer successfully deleted
V/AwesomePlayer( 2476): mSecMediaClock clear
D/lights  ( 2928): button : 1 -
I/SurfaceFlinger( 2473): id=351(2) createSurf 0x400c477c (1080x1920),1 flag=404, Donversatio
D/PointerIcon( 2928): setHoveringSpenIconStyle1 pointerType: 10001iconType:1 flag:0
D/PointerIcon( 2928): setHoveringSpenCustomIcon IconType is same.1
V/WindowManager( 2928): Window{42e80110 u0 Keyguard}mOrientationRequetedFromKeyguard=false
D/STATUSBAR-StatusBarManagerService( 2928): manageDisableList what=0x0 pkg=WindowManager.LayoutParams
D/dalvikvm(25122): GC_FOR_ALLOC freed 4739K, 16% free 45331K/53728K, paused 22ms, total 22ms
V/MediaPlayer-JNI(25122): native_finalize
V/MediaPlayer-JNI(25122): release
D/dalvikvm(25122): GC_FOR_ALLOC freed 4937K, 13% free 47392K/54428K, paused 21ms, total 21ms
D/dalvikvm(25122): GC_FOR_ALLOC freed 3495K, 12% free 48090K/54428K, paused 15ms, total 15ms
D/dalvikvm(25122): GC_FOR_ALLOC freed 4193K, 12% free 50885K/57224K, paused 16ms, total 16ms
D/dalvikvm(25122): GC_FOR_ALLOC freed 6315K, 7% free 50899K/54424K, paused 20ms, total 20ms
D/dalvikvm(25122): GC_FOR_ALLOC freed 3495K, 11% free 52295K/58620K, paused 19ms, total 19ms
D/dalvikvm(25122): GC_FOR_ALLOC freed 3494K, 11% free 52994K/59320K, paused 20ms, total 20ms
D/dalvikvm(25122): GC_FOR_ALLOC freed 3494K, 11% free 53693K/60020K, paused 19ms, total 20ms
I/LSS-II: ( 2928): proc in:com.android.calendar,adj=11LRU num=70,i=34
I/LSS-II: ( 2928): proc in:com.android.settings,adj=13LRU num=70,i=33
D/BluetoothAdapter(25122): 1113792024: getState() :  mService = null. Returning STATE_OFF
D/BluetoothAdapter(25122): 1113792024: getState() :  mService = null. Returning STATE_OFF
D/BluetoothAdapter(25122): 1113792024: getState() :  mService = null. Returning STATE_OFF
E/EnterpriseContainerManager( 2928): ContainerPolicy Service is not yet ready!!!
D/EnterpriseDeviceManager( 2928): ContainerId: 0
W/LicenseLogService( 2928): log() is called by non admin
W/ContextImpl( 2928): Calling a method in the system process without a qualified user: android.app.ContextImpl.sendBroadcast:1323 com.android.server.InputMethodManagerService$5.run:2283 java.lang.Thread.run:856 <bottom of call stack> <bottom of call stack> 
D/BluetoothAdapter(25122): 1113792024: getState() :  mService = null. Returning STATE_OFF
V/AudioPolicyManagerBase( 2476): getOutput() stream 3, samplingRate 0, format 0, channelMask 3, flags 0
V/AudioPolicyManagerBase( 2476): getOutputsForDevice device 0004 -> 0004
V/AudioPolicyManagerBase( 2476): getOutput() returns output 2
V/AudioPolicyManagerBase( 2476): getOutput() stream 3, samplingRate 0, format 0, channelMask 3, flags 0
V/AudioPolicyManagerBase( 2476): getOutputsForDevice device 0004 -> 0004
V/AudioPolicyManagerBase( 2476): getOutput() returns output 2
V/AudioPolicyManagerBase( 2476): getOutput() stream 3, samplingRate 0, format 0, channelMask 3, flags 0
V/AudioPolicyManagerBase( 2476): getOutputsForDevice device 0004 -> 0004
V/AudioPolicyManagerBase( 2476): getOutput() returns output 2
V/AudioPolicyManagerBase( 2476): getOutput() stream 3, samplingRate 0, format 0, channelMask 3, flags 0
V/AudioPolicyManagerBase( 2476): getOutputsForDevice device 0004 -> 0004
V/AudioPolicyManagerBase( 2476): getOutput() returns output 2
V/AudioPolicyManagerBase( 2476): getOutput() stream 3, samplingRate 0, format 0, channelMask 3, flags 0
V/AudioPolicyManagerBase( 2476): getOutputsForDevice device 0004 -> 0004
V/AudioPolicyManagerBase( 2476): getOutput() returns output 2
V/AudioPolicyManagerBase( 2476): getOutput() stream 3, samplingRate 22050, format 1, channelMask 1, flags 0
V/AudioPolicyManagerBase( 2476): getOutputsForDevice device 0004 -> 0004
V/AudioPolicyManagerBase( 2476): getOutput() returns output 2
I/Reverb  (25122):  getpid() 25122, IPCThreadState::self()->getCallingPid() 25122
V/LvOutput( 2476): initCheck: 0
V/LvOutput( 2476): attachEffects: attach processing to output 2, stream 3, session 834, mode 0
V/LvOutput( 2476): attachEffects: no output processing needs to be attached to this stream
V/LvOutput( 2476): LvOutput::setAllProcessorEnabled(false) mOutputs.size(0)
V/AudioPolicyManagerBase( 2476): startOutput() output 2, stream 3, session 834
V/AudioPolicyManagerBase( 2476): changeRefCount() stream 3, count 1
V/AudioPolicyManagerBase( 2476): getNewDevice() selected device 4
V/AudioPolicyManagerBase( 2476): getNewDevice() selected device 4
V/AudioPolicyManagerBase( 2476): checkOutputForStrategy(0006,0004,3)
V/AudioPolicyManagerBase( 2476): getOutputsForDevice device 0006 -> 0006
V/AudioPolicyManagerBase( 2476): getOutputsForDevice device 0004 -> 0004
W/ActivityManager( 2928): mDVFSHelper.release()
E/AudioResampler( 2476): Unsupported sample format, 1 bits, 1 channels
I/AudioResampler( 2476): new MM resampler(22050 -> 48000, 1)
D/STATUSBAR-PhoneStatusBar( 3154): animateCollapsePanels
I/CustomFrequencyManager( 2928): newFrequencyRequest  - mFrequency = 480, mTimeoutMs = -1, mPkgName = FS_GPU_FREQ_MAX@9
I/CustomFrequencyManager( 2928): Boost Request from package = FS_GPU_FREQ_MAX@9 frequency : 480type = 9
I/CustomFrequencyManager( 2928): !! pkgName = FS_GPU_FREQ_MAX@9
I/CustomFrequencyManager( 2928): Request from package name pkgName = FS_GPU_FREQ_MAX@9
I/CustomFrequencyManager( 2928): mContext is Not Null  mContext.pkgName = android
I/CustomFrequencyManager( 2928): 2 Old token will be reused!
I/CustomFrequencyManager( 2928): GPU : doFrequencyRequest::  = 480 Timeout : -1
I/CustomFrequencyManager( 2928): GPU : doFrequencyRequest::  = 480 Timeout : -1
W/ContextImpl( 2928): Calling a method in the system process without a qualified user: android.app.ContextImpl.sendBroadcast:1323 com.android.internal.policy.impl.PhoneWindowManager.notifyToSSRM:4777 com.android.internal.policy.impl.PhoneWindowManager.access$200:226 com.android.internal.policy.impl.PhoneWindowManager$PolicyHandler.handleMessage:656 android.os.Handler.dispatchMessage:99 
E/VoiceEngineWrapper(25122): getInstance() : get existed VoiceEngine
E/        (25122): secMM, NS_Create
E/        (25122): secMM, NS created
E/        (25122): secMM, Create DRC
E/        (25122): DRC: attenuation gain is 0
E/        (25122): secMM, Create DRC end
V/AudioPolicyManagerBase( 2476): getInput() inputSource 6, samplingRate 16000, format 1, channelMask 10, acoustics 0
D/AudioHardwareTinyALSA( 2476): Input	: format = 1, channels = 16, rate = 16000
D/AudioHardwareTinyALSA( 2476): default	: format = 0, channelCount = 2, rate = 16000
D/AudioHardwareTinyALSA( 2476): AudioStreamOps::set set IN_Channels : 10
D/AudioHardwareTinyALSA( 2476): mInputs.size : 1
D/AudioHardwareTinyALSA( 2476): Entering AudioStreamInALSA standby mode
D/AudioHardwareTinyALSA( 2476): Entering AudioStreamInALSA standby mode
V/AudioPolicyManagerBase( 2476): startInput() input 836
V/AudioPolicyManagerBase( 2476): AudioPolicyManager::startInput() input source = 6
I/AudioHardwareTinyALSA( 2476): virtual android::status_t android::AudioStreamInALSA::setParameters(const android::String8&): input_source=6;routing=-2147483632
I/samsungRecord( 2476): [samsungrecord] SamsungRecInit 
I/samsungRecord( 2476): 1
D/AudioHardwareTinyALSA( 2476): InALSA::setDevice: mode = 0, newDevice=0x80000010, currentDevice=0x0 ,force= 0
D/AudioHardwareTinyALSA( 2476): InALSA::setDevice: mDevice 0x0, newDevice = 0x80000010
I/AudioHardwareTinyALSA( 2476): InALSA::setDevice: mode[0], Device[80000010] force=0
D/TinyUCM ( 2476): Enable Input dev(0x80000010)
D/TinyUCM ( 2476): setScenario: Recognition
D/TinyUCM ( 2476): set default scenario
D/TinyUCM ( 2476): Disable Output dev(0x0)
D/TinyUCM ( 2476): getInputChannel: inputs = 0x80000010
D/TinyUCM ( 2476): set channel: Left
D/TinyUCM ( 2476): setModifier MicRec, en=1
D/AudioHardwareTinyALSA( 2476): setInputVolume
D/TinyUCM ( 2476): setModifier Recognition, en=1
I/AudioHardwareTinyALSA( 2476): InALSA::setDevice: mHandle NULL mode[0], Device[80000010]
I/AudioHardwareTinyALSA( 2476): Open:+ mDefaults->direction=10000000 device=3
D/AudioHardwareTinyALSA( 2476): Channel: 2, Samplerate: 48000, Format: 0, Peroid Size: 960, Period Count: 4
I/AudioHardwareTinyALSA( 2476): Open:- mDefaults->direction=10000000 device=3 mHandle: 424b2e88
D/AudioHardwareTinyALSA( 2476): setPcmInterface: Stream=0x2, iSamplerate=16000++
D/AudioHardwareTinyALSA( 2476): setPcmInterface--
D/dalvikvm(25122): Trying to load lib /data/data/com.vlingo.midas/app_vlsdk_lib/libogg.so 0x4253b718
D/dalvikvm(25122): Shared lib '/data/data/com.vlingo.midas/app_vlsdk_lib/libogg.so' already loaded in same CL 0x4253b718
D/dalvikvm(25122): Trying to load lib /data/data/com.vlingo.midas/app_vlsdk_lib/libspeex.so 0x4253b718
D/dalvikvm(25122): Shared lib '/data/data/com.vlingo.midas/app_vlsdk_lib/libspeex.so' already loaded in same CL 0x4253b718
D/dalvikvm(25122): Trying to load lib /data/data/com.vlingo.midas/app_vlsdk_lib/libSpeexJNI.so 0x4253b718
D/dalvikvm(25122): Shared lib '/data/data/com.vlingo.midas/app_vlsdk_lib/libSpeexJNI.so' already loaded in same CL 0x4253b718
I/SurfaceFlinger( 2473): id=350 Removed nidas (2/6)
I/SurfaceFlinger( 2473): id=350 Removed nidas (-2/6)
D/LocationManagerService( 2928): getProviders()=[network]
D/LocationManagerService( 2928): getBestProvider(Criteria[power=LOW acc=LOW], true)=network
D/LocationManagerService( 2928): getLastLocation: Request[POWER_LOW network requested=0 fastest=0 num=1]
I/AudioService( 2928):  AudioFocus  requestAudioFocus() from 25122 focusChangeHint:2
W/Vlingo  (25122): setState: ASR_LISTENING
W/Vlingo  (25122): TEST_PLATFORM: SPEAK_NOW
D/InputReader( 2928): Input event: value=1
W/LicenseLogService( 2928): log() is called by non admin
D/PowerManagerService( 2928): [api] userActivityFromNative : 120 (event: 1 flags: 0)
E/EnterpriseContainerManager( 3154): ContainerPolicy Service is not yet ready!!!
D/EnterpriseDeviceManager( 3154): ContainerId: 0
V/LvOutput( 2476): initCheck: 0
V/LvOutput( 2476): detachEffects: detach processing for output 2, stream 3, session 834
V/LvOutput( 2476): detachEffects: no output processing was attached to this stream
V/AudioPolicyManagerBase( 2476): stopOutput() output 2, stream 3, session 834
V/AudioPolicyManagerBase( 2476): changeRefCount() stream 3, count 0
V/AudioPolicyManagerBase( 2476): getNewDevice() selected device 0
V/AudioPolicyManagerBase( 2476): checkOutputForStrategy(0004,0006,3)
V/AudioPolicyManagerBase( 2476): getOutputsForDevice device 0004 -> 0004
V/AudioPolicyManagerBase( 2476): getOutputsForDevice device 0006 -> 0006
V/AudioPolicyManagerBase( 2476): releaseOutput() 2
E/EnterpriseContainerManager( 3154): ContainerPolicy Service is not yet ready!!!
D/EnterpriseDeviceManager( 3154): ContainerId: 0
D/STATUSBAR-NetworkController( 3154): refreshSignalCluster: data=-1 bt=false
D/IconMerger( 3154): overflowShown = false
D/IconMerger( 3154): moreRequired = false
D/dalvikvm( 3154): GC_FOR_ALLOC freed 2038K, 41% free 26883K/44908K, paused 25ms, total 25ms
I/AudioHardwareTinyALSA( 2476): virtual android::status_t android::AudioStreamInALSA::setParameters(const android::String8&): startRecoding
D/InputReader( 2928): Input event: value=0
W/LicenseLogService( 2928): log() is called by non admin
D/Launcher( 3330): onStop, Launcher: 1113495312
D/Launcher.HomeView( 3330): onStop
D/SurfaceWidgetClient$ISurfaceWidgetStub( 3594): [123490] Surface widget visibility changed visibility = false on instance = 1
D/SurfaceWidgetClient$ISurfaceWidgetStub( 3617): [123490] Surface widget visibility changed visibility = false on instance = 1
D/        (25122): secMM: with NS, with Samsung EPD
I/LSS-II: ( 2928): proc wait in:com.sec.android.widgetapp.ap.hero.accuweather,adj=9LRU num=70,i=43
D/        (25122): secMM: with NS, with Samsung EPD
D/        (25122): secMM: with NS, with Samsung EPD
D/        (25122): secMM: with NS, with Samsung EPD
D/        (25122): secMM: with NS, with Samsung EPD
D/        (25122): secMM: with NS, with Samsung EPD
D/        (25122): secMM: with NS, with Samsung EPD
D/        (25122): secMM: with NS, with Samsung EPD
D/        (25122): secMM: with NS, with Samsung EPD
D/        (25122): secMM: with NS, with Samsung EPD
D/        (25122): secMM: vm_sum ... EPDout = 0 and isSpeech = 0
D/        (25122): secMM: with NS, with Samsung EPD
D/        (25122): secMM: with NS, with Samsung EPD
D/        (25122): secMM: with NS, with Samsung EPD
D/        (25122): secMM: with NS, with Samsung EPD
D/        (25122): secMM: with NS, with Samsung EPD
D/        (25122): secMM: with NS, with Samsung EPD
D/        (25122): secMM: with NS, with Samsung EPD
D/        (25122): secMM: with NS, with Samsung EPD
D/        (25122): secMM: with NS, with Samsung EPD
D/        (25122): secMM: with NS, with Samsung EPD
D/        (25122): secMM: vm_sum ... EPDout = 0 and isSpeech = 0
D/        (25122): secMM: with NS, with Samsung EPD
D/        (25122): secMM: with NS, with Samsung EPD
D/        (25122): secMM: with NS, with Samsung EPD
D/        (25122): secMM: with NS, with Samsung EPD
D/        (25122): secMM: with NS, with Samsung EPD
D/        (25122): secMM: with NS, with Samsung EPD
D/        (25122): secMM: with NS, with Samsung EPD
D/        (25122): secMM: with NS, with Samsung EPD
D/        (25122): secMM: with NS, with Samsung EPD
D/        (25122): secMM: with NS, with Samsung EPD
D/        (25122): secMM: vm_sum ... EPDout = 0 and isSpeech = 0
D/VoIPInterfaceManager( 2928): isVoIPRinging()...
D/VoIPInterfaceManager( 2928): Not exist call session
W/InputMethodManagerService( 2928): onReceive() calling hidecurrentInputLocked
D/STATUSBAR-PhoneStatusBar( 3154): animateCollapsePanels
V/Scroll/Pause Worker( 2928): onReceive: android.intent.action.CLOSE_SYSTEM_DIALOGS
W/ContextImpl( 2928): Calling a method in the system process without a qualified user: android.app.ContextImpl.sendBroadcast:1323 com.android.server.InputMethodManagerService$5.run:2283 java.lang.Thread.run:856 <bottom of call stack> <bottom of call stack> 
I/CustomFrequencyManager( 2928): newFrequencyRequest  - mFrequency = 1200000, mTimeoutMs = -1, mPkgName = ACTIVITY_RESUME_BOOSTER@4
I/CustomFrequencyManager( 2928): Boost Request from package = ACTIVITY_RESUME_BOOSTER@4 frequency : 1200000type = 6
I/CustomFrequencyManager( 2928): !! pkgName = ACTIVITY_RESUME_BOOSTER@4
I/CustomFrequencyManager( 2928): Request from package name pkgName = ACTIVITY_RESUME_BOOSTER@4
