D/STATUSBAR-BatteryController( 3154): onReceive() - BATTERY_STATUS_CHARGING:
D/STATUSBAR-PhoneStatusBar( 3154): NORMAL_BATTERY
D/IconMerger( 3154): overflowShown = false
D/IconMerger( 3154): moreRequired = false
D/ProgressBar(25689): setProgress = 36
D/ProgressBar(25689): setProgress = 36, fromUser = false
D/ProgressBar(25689): mProgress = 0mIndeterminate = false, mMin = 0, mMax = 100
W/SignalStrength( 3314): Size of signalstrength parcel:56
W/SignalStrength( 3314): SignalStrength before validate=SignalStrength: 1041 99 17 200 17 200 -1 -1 -1 -1 2147483647 -1 0 cdma 0x0
W/SignalStrength( 3314): SignalStrength after validate=SignalStrength: 1041 99 -17 -200 -17 -200 -1 99 2147483647 2147483647 2147483647 -1 2147483647 cdma 0x0
W/SignalStrength( 3314): initialize: SignalStrength: 17 -1 -1 -1 -1 -1 -1 99 2147483647 2147483647 2147483647 -1 2147483647 gsm|lte 0x4
W/SignalStrength( 2928): Size of signalstrength parcel:172
W/SignalStrength( 2928): getGsmLevel=4
W/SignalStrength( 3419): Size of signalstrength parcel:176
W/SignalStrength( 2928): getLevel=4 (SignalStrength: 17 -1 -1 -1 -1 -1 -1 99 2147483647 2147483647 2147483647 -1 2147483647 gsm|lte 0x4)
W/SignalStrength( 3419): Size of signalstrength parcel:176
W/SignalStrength( 3154): Size of signalstrength parcel:176
W/SignalStrength(25029): Size of signalstrength parcel:176
W/SignalStrength( 3154): getGsmLevel=4
W/SignalStrength( 3154): getLevel=4 (SignalStrength: 17 -1 -1 -1 -1 -1 -1 99 2147483647 2147483647 2147483647 -1 2147483647 gsm|lte 0x4)
W/SignalStrength( 3154): getGsmLevel=4
W/SignalStrength( 3154): getLevel=4 (SignalStrength: 17 -1 -1 -1 -1 -1 -1 99 2147483647 2147483647 2147483647 -1 2147483647 gsm|lte 0x4)
D/STATUSBAR-NetworkController( 3154): onSignalStrengthsChanged signalStrength=SignalStrength: 17 -1 -1 -1 -1 -1 -1 99 2147483647 2147483647 2147483647 -1 2147483647 gsm|lte 0x4 level=4
D/STATUSBAR-NetworkController( 3154): refreshSignalCluster: data=-1 bt=false
D/IconMerger( 3154): overflowShown = false
D/IconMerger( 3154): moreRequired = false
D/ProgressBar(25689): setProgress = 36
D/ProgressBar(25689): setProgress = 36, fromUser = false
D/ProgressBar(25689): mProgress = 36mIndeterminate = false, mMin = 0, mMax = 100
D/STATUSBAR-NetworkController( 3154): refreshSignalCluster: data=-1 bt=false
D/IconMerger( 3154): overflowShown = false
D/IconMerger( 3154): moreRequired = false
E/Watchdog( 2928): !@Sync 685
D/STATUSBAR-NetworkController( 3154): refreshSignalCluster: data=-1 bt=false
D/ProgressBar(25689): setProgress = 0
D/ProgressBar(25689): setProgress = 0, fromUser = false
D/ProgressBar(25689): mProgress = 36mIndeterminate = false, mMin = 0, mMax = 100
D/IconMerger( 3154): overflowShown = false
D/IconMerger( 3154): moreRequired = false
D/STATUSBAR-NetworkController( 3154): refreshSignalCluster: data=-1 bt=false
D/IconMerger( 3154): overflowShown = false
D/IconMerger( 3154): moreRequired = false
I/Monitor ( 2928): SIOP:: Current AP = 360, CP = 0
I/AmoledAdjustTimer( 2928): prevTemp = 297, currTemp = 296, prevStep = 4, currStep = 4
D/STATUSBAR-NetworkController( 3154): refreshSignalCluster: data=-1 bt=false
D/IconMerger( 3154): overflowShown = false
D/IconMerger( 3154): moreRequired = false
D/dalvikvm( 3154): GC_CONCURRENT freed 5626K, 46% free 24522K/44908K, paused 4ms+7ms, total 41ms
D/BatteryService( 2928): update start
D/BatteryService( 2928): level:100, scale:100, status:2, health:2, present:true, voltage: 4318, temperature: 296, technology: Li-ion, AC powered:false, USB powered:true, Wireless powered:false, icon:17303320, invalid charger:0, online:4, charge type:1, current avg:460
D/BatteryService( 2928): Sending ACTION_BATTERY_CHANGED.
D/STATUSBAR-BatteryController( 3154): onReceive() - ACTION_BATTERY_CHANGED
D/STATUSBAR-BatteryController( 3154): onReceive() - BATTERY_STATUS_CHARGING:
D/IconMerger( 3154): overflowShown = false
D/IconMerger( 3154): moreRequired = false
D/STATUSBAR-PhoneStatusBar( 3154): NORMAL_BATTERY
D/ProgressBar(25689): setProgress = 36
D/ProgressBar(25689): setProgress = 36, fromUser = false
D/ProgressBar(25689): mProgress = 0mIndeterminate = false, mMin = 0, mMax = 100
D/STATUSBAR-NetworkController( 3154): refreshSignalCluster: data=-1 bt=false
D/IconMerger( 3154): overflowShown = false
D/IconMerger( 3154): moreRequired = false
D/ProgressBar(25689): setProgress = 24
D/ProgressBar(25689): setProgress = 24, fromUser = false
D/ProgressBar(25689): mProgress = 36mIndeterminate = false, mMin = 0, mMax = 100
D/ProgressBar(25689): setProgress = 24
D/ProgressBar(25689): setProgress = 24, fromUser = false
D/ProgressBar(25689): mProgress = 24mIndeterminate = false, mMin = 0, mMax = 100
W/SignalStrength( 3314): Size of signalstrength parcel:56
W/SignalStrength( 3314): SignalStrength before validate=SignalStrength: 1040 99 16 200 16 200 -1 -1 -1 -1 2147483647 -1 0 cdma 0x0
W/SignalStrength( 3314): SignalStrength after validate=SignalStrength: 1040 99 -16 -200 -16 -200 -1 99 2147483647 2147483647 2147483647 -1 2147483647 cdma 0x0
W/SignalStrength( 3314): initialize: SignalStrength: 16 -1 -1 -1 -1 -1 -1 99 2147483647 2147483647 2147483647 -1 2147483647 gsm|lte 0x4
W/SignalStrength( 2928): Size of signalstrength parcel:172
W/SignalStrength( 3154): Size of signalstrength parcel:176
W/SignalStrength( 2928): getGsmLevel=4
W/SignalStrength(25029): Size of signalstrength parcel:176
W/SignalStrength( 2928): getLevel=4 (SignalStrength: 16 -1 -1 -1 -1 -1 -1 99 2147483647 2147483647 2147483647 -1 2147483647 gsm|lte 0x4)
W/SignalStrength( 3419): Size of signalstrength parcel:176
W/SignalStrength( 3419): Size of signalstrength parcel:176
W/SignalStrength( 3154): getGsmLevel=4
W/SignalStrength( 3154): getLevel=4 (SignalStrength: 16 -1 -1 -1 -1 -1 -1 99 2147483647 2147483647 2147483647 -1 2147483647 gsm|lte 0x4)
W/SignalStrength( 3154): getGsmLevel=4
W/SignalStrength( 3154): getLevel=4 (SignalStrength: 16 -1 -1 -1 -1 -1 -1 99 2147483647 2147483647 2147483647 -1 2147483647 gsm|lte 0x4)
D/STATUSBAR-NetworkController( 3154): onSignalStrengthsChanged signalStrength=SignalStrength: 16 -1 -1 -1 -1 -1 -1 99 2147483647 2147483647 2147483647 -1 2147483647 gsm|lte 0x4 level=4
D/ProgressBar(25689): setProgress = 24
D/ProgressBar(25689): setProgress = 24, fromUser = false
D/ProgressBar(25689): mProgress = 24mIndeterminate = false, mMin = 0, mMax = 100
I/Monitor ( 2928): SIOP:: Current AP = 360, CP = 0
D/BatteryService( 2928): update start
D/BatteryService( 2928): level:100, scale:100, status:2, health:2, present:true, voltage: 4298, temperature: 295, technology: Li-ion, AC powered:false, USB powered:true, Wireless powered:false, icon:17303320, invalid charger:0, online:4, charge type:1, current avg:460
D/BatteryService( 2928): Sending ACTION_BATTERY_CHANGED.
D/STATUSBAR-BatteryController( 3154): onReceive() - ACTION_BATTERY_CHANGED
D/STATUSBAR-BatteryController( 3154): onReceive() - BATTERY_STATUS_CHARGING:
D/STATUSBAR-PhoneStatusBar( 3154): NORMAL_BATTERY
D/IconMerger( 3154): overflowShown = false
D/IconMerger( 3154): moreRequired = false
D/ProgressBar(25689): setProgress = 24
D/ProgressBar(25689): setProgress = 24, fromUser = false
D/ProgressBar(25689): mProgress = 24mIndeterminate = false, mMin = 0, mMax = 100
V/AlarmManager( 2928): waitForAlarm result :8
V/AlarmManager( 2928): ClockReceiver onReceive() ACTION_TIME_TICK
D/IconMerger( 3154): overflowShown = false
D/IconMerger( 3154): moreRequired = false
D/KeyguardClockWidgetService( 5486): onReceive action=android.intent.action.TIME_TICK
D/ProgressBar(25689): setProgress = 12
D/ProgressBar(25689): setProgress = 12, fromUser = false
D/ProgressBar(25689): mProgress = 24mIndeterminate = false, mMin = 0, mMax = 100
D/STATUSBAR-NetworkController( 3154): refreshSignalCluster: data=-1 bt=false
D/IconMerger( 3154): overflowShown = false
D/IconMerger( 3154): moreRequired = false
D/ProgressBar(25689): setProgress = 12
D/ProgressBar(25689): setProgress = 12, fromUser = false
D/ProgressBar(25689): mProgress = 12mIndeterminate = false, mMin = 0, mMax = 100
D/STATUSBAR-NetworkController( 3154): refreshSignalCluster: data=-1 bt=false
D/IconMerger( 3154): overflowShown = false
D/IconMerger( 3154): moreRequired = false
I/Monitor ( 2928): SIOP:: Current AP = 360, CP = 0
D/STATUSBAR-NetworkController( 3154): refreshSignalCluster: data=-1 bt=false
D/IconMerger( 3154): overflowShown = false
D/IconMerger( 3154): moreRequired = false
D/ProgressBar(25689): setProgress = 24
D/ProgressBar(25689): setProgress = 24, fromUser = false
D/ProgressBar(25689): mProgress = 12mIndeterminate = false, mMin = 0, mMax = 100
D/BatteryService( 2928): update start
D/BatteryService( 2928): level:100, scale:100, status:2, health:2, present:true, voltage: 4308, temperature: 294, technology: Li-ion, AC powered:false, USB powered:true, Wireless powered:false, icon:17303320, invalid charger:0, online:4, charge type:1, current avg:460
D/BatteryService( 2928): Sending ACTION_BATTERY_CHANGED.
D/STATUSBAR-BatteryController( 3154): onReceive() - ACTION_BATTERY_CHANGED
D/STATUSBAR-BatteryController( 3154): onReceive() - BATTERY_STATUS_CHARGING:
D/STATUSBAR-PhoneStatusBar( 3154): NORMAL_BATTERY
D/IconMerger( 3154): overflowShown = false
D/IconMerger( 3154): moreRequired = false
D/STATUSBAR-NetworkController( 3154): refreshSignalCluster: data=-1 bt=false
D/IconMerger( 3154): overflowShown = false
D/IconMerger( 3154): moreRequired = false
W/SignalStrength( 3314): Size of signalstrength parcel:56
W/SignalStrength( 3314): SignalStrength before validate=SignalStrength: 1041 99 17 200 17 200 -1 -1 -1 -1 2147483647 -1 0 cdma 0x0
W/SignalStrength( 3314): SignalStrength after validate=SignalStrength: 1041 99 -17 -200 -17 -200 -1 99 2147483647 2147483647 2147483647 -1 2147483647 cdma 0x0
W/SignalStrength( 3314): initialize: SignalStrength: 17 -1 -1 -1 -1 -1 -1 99 2147483647 2147483647 2147483647 -1 2147483647 gsm|lte 0x4
W/SignalStrength( 2928): Size of signalstrength parcel:172
W/SignalStrength( 3154): Size of signalstrength parcel:176
W/SignalStrength( 2928): getGsmLevel=4
W/SignalStrength( 3419): Size of signalstrength parcel:176
W/SignalStrength( 2928): getLevel=4 (SignalStrength: 17 -1 -1 -1 -1 -1 -1 99 2147483647 2147483647 2147483647 -1 2147483647 gsm|lte 0x4)
W/SignalStrength( 3419): Size of signalstrength parcel:176
W/SignalStrength( 3154): getGsmLevel=4
W/SignalStrength( 3154): getLevel=4 (SignalStrength: 17 -1 -1 -1 -1 -1 -1 99 2147483647 2147483647 2147483647 -1 2147483647 gsm|lte 0x4)
W/SignalStrength(25029): Size of signalstrength parcel:176
W/SignalStrength( 3154): getGsmLevel=4
D/STATUSBAR-NetworkController( 3154): onSignalStrengthsChanged signalStrength=SignalStrength: 17 -1 -1 -1 -1 -1 -1 99 2147483647 2147483647 2147483647 -1 2147483647 gsm|lte 0x4 level=4
W/SignalStrength( 3154): getLevel=4 (SignalStrength: 17 -1 -1 -1 -1 -1 -1 99 2147483647 2147483647 2147483647 -1 2147483647 gsm|lte 0x4)
D/ProgressBar(25689): setProgress = 0
D/ProgressBar(25689): setProgress = 0, fromUser = false
D/ProgressBar(25689): mProgress = 24mIndeterminate = false, mMin = 0, mMax = 100
D/ProgressBar(25689): setProgress = 0
D/ProgressBar(25689): setProgress = 0, fromUser = false
D/ProgressBar(25689): mProgress = 0mIndeterminate = false, mMin = 0, mMax = 100
E/Watchdog( 2928): !@Sync 686
D/ProgressBar(25689): setProgress = 0
D/ProgressBar(25689): setProgress = 0, fromUser = false
D/ProgressBar(25689): mProgress = 0mIndeterminate = false, mMin = 0, mMax = 100
D/STATUSBAR-NetworkController( 3154): refreshSignalCluster: data=-1 bt=false
D/IconMerger( 3154): overflowShown = false
D/IconMerger( 3154): moreRequired = false
I/Monitor ( 2928): SIOP:: Current AP = 350, CP = 0
I/AmoledAdjustTimer( 2928): prevTemp = 296, currTemp = 294, prevStep = 4, currStep = 4
D/BatteryService( 2928): update start
D/BatteryService( 2928): level:100, scale:100, status:2, health:2, present:true, voltage: 4315, temperature: 295, technology: Li-ion, AC powered:false, USB powered:true, Wireless powered:false, icon:17303320, invalid charger:0, online:4, charge type:1, current avg:460
D/BatteryService( 2928): Sending ACTION_BATTERY_CHANGED.
D/STATUSBAR-BatteryController( 3154): onReceive() - ACTION_BATTERY_CHANGED
D/STATUSBAR-BatteryController( 3154): onReceive() - BATTERY_STATUS_CHARGING:
D/STATUSBAR-PhoneStatusBar( 3154): NORMAL_BATTERY
D/IconMerger( 3154): overflowShown = false
D/IconMerger( 3154): moreRequired = false
D/STATUSBAR-NetworkController( 3154): refreshSignalCluster: data=-1 bt=false
D/IconMerger( 3154): overflowShown = false
D/IconMerger( 3154): moreRequired = false
D/ProgressBar(25689): setProgress = 0
D/ProgressBar(25689): setProgress = 0, fromUser = false
D/ProgressBar(25689): mProgress = 0mIndeterminate = false, mMin = 0, mMax = 100
D/STATUSBAR-NetworkController( 3154): refreshSignalCluster: data=-1 bt=false
D/IconMerger( 3154): overflowShown = false
D/IconMerger( 3154): moreRequired = false
D/STATUSBAR-NetworkController( 3154): refreshSignalCluster: data=-1 bt=false
D/IconMerger( 3154): overflowShown = false
D/IconMerger( 3154): moreRequired = false
D/ProgressBar(25689): setProgress = 36
D/ProgressBar(25689): setProgress = 36, fromUser = false
D/ProgressBar(25689): mProgress = 0mIndeterminate = false, mMin = 0, mMax = 100
D/STATUSBAR-NetworkController( 3154): refreshSignalCluster: data=-1 bt=false
D/IconMerger( 3154): overflowShown = false
D/IconMerger( 3154): moreRequired = false
D/ProgressBar(25689): setProgress = 36
D/ProgressBar(25689): setProgress = 36, fromUser = false
D/ProgressBar(25689): mProgress = 36mIndeterminate = false, mMin = 0, mMax = 100
D/STATUSBAR-NetworkController( 3154): refreshSignalCluster: data=-1 bt=false
D/IconMerger( 3154): overflowShown = false
D/IconMerger( 3154): moreRequired = false
I/Monitor ( 2928): SIOP:: Current AP = 350, CP = 0
D/ProgressBar(25689): setProgress = 36
D/ProgressBar(25689): setProgress = 36, fromUser = false
D/ProgressBar(25689): mProgress = 36mIndeterminate = false, mMin = 0, mMax = 100
D/BatteryService( 2928): update start
D/BatteryService( 2928): level:100, scale:100, status:2, health:2, present:true, voltage: 4270, temperature: 294, technology: Li-ion, AC powered:false, USB powered:true, Wireless powered:false, icon:17303320, invalid charger:0, online:4, charge type:1, current avg:460
D/BatteryService( 2928): Sending ACTION_BATTERY_CHANGED.
D/STATUSBAR-BatteryController( 3154): onReceive() - ACTION_BATTERY_CHANGED
D/STATUSBAR-BatteryController( 3154): onReceive() - BATTERY_STATUS_CHARGING:
D/STATUSBAR-PhoneStatusBar( 3154): NORMAL_BATTERY
D/IconMerger( 3154): overflowShown = false
D/IconMerger( 3154): moreRequired = false
D/ProgressBar(25689): setProgress = 36
D/ProgressBar(25689): setProgress = 36, fromUser = false
D/ProgressBar(25689): mProgress = 36mIndeterminate = false, mMin = 0, mMax = 100
D/STATUSBAR-NetworkController( 3154): refreshSignalCluster: data=-1 bt=false
D/IconMerger( 3154): overflowShown = false
D/IconMerger( 3154): moreRequired = false
D/STATUSBAR-NetworkController( 3154): refreshSignalCluster: data=-1 bt=false
D/IconMerger( 3154): overflowShown = false
D/IconMerger( 3154): moreRequired = false
D/ProgressBar(25689): setProgress = 24
D/ProgressBar(25689): setProgress = 24, fromUser = false
D/ProgressBar(25689): mProgress = 36mIndeterminate = false, mMin = 0, mMax = 100
D/STATUSBAR-NetworkController( 3154): refreshSignalCluster: data=-1 bt=false
D/IconMerger( 3154): overflowShown = false
D/IconMerger( 3154): moreRequired = false
D/STATUSBAR-NetworkController( 3154): refreshSignalCluster: data=-1 bt=false
D/ProgressBar(25689): setProgress = 36
D/IconMerger( 3154): overflowShown = false
D/IconMerger( 3154): moreRequired = false
D/ProgressBar(25689): setProgress = 36, fromUser = false
D/ProgressBar(25689): mProgress = 24mIndeterminate = false, mMin = 0, mMax = 100
I/Monitor ( 2928): SIOP:: Current AP = 350, CP = 0
D/BatteryService( 2928): update start
D/BatteryService( 2928): level:100, scale:100, status:2, health:2, present:true, voltage: 4310, temperature: 294, technology: Li-ion, AC powered:false, USB powered:true, Wireless powered:false, icon:17303320, invalid charger:0, online:4, charge type:1, current avg:460
D/BatteryService( 2928): Sending ACTION_BATTERY_CHANGED.
D/STATUSBAR-BatteryController( 3154): onReceive() - ACTION_BATTERY_CHANGED
D/STATUSBAR-BatteryController( 3154): onReceive() - BATTERY_STATUS_CHARGING:
D/STATUSBAR-PhoneStatusBar( 3154): NORMAL_BATTERY
D/IconMerger( 3154): overflowShown = false
D/IconMerger( 3154): moreRequired = false
D/ProgressBar(25689): setProgress = 24
D/ProgressBar(25689): setProgress = 24, fromUser = false
D/ProgressBar(25689): mProgress = 36mIndeterminate = false, mMin = 0, mMax = 100
D/STATUSBAR-NetworkController( 3154): refreshSignalCluster: data=-1 bt=false
D/IconMerger( 3154): overflowShown = false
D/IconMerger( 3154): moreRequired = false
D/STATUSBAR-NetworkController( 3154): refreshSignalCluster: data=-1 bt=false
D/IconMerger( 3154): overflowShown = false
D/IconMerger( 3154): moreRequired = false
D/ProgressBar(25689): setProgress = 24
D/ProgressBar(25689): setProgress = 24, fromUser = false
D/ProgressBar(25689): mProgress = 24mIndeterminate = false, mMin = 0, mMax = 100
D/STATUSBAR-NetworkController( 3154): refreshSignalCluster: data=-1 bt=false
D/IconMerger( 3154): overflowShown = false
D/IconMerger( 3154): moreRequired = false
D/ProgressBar(25689): setProgress = 12
D/ProgressBar(25689): setProgress = 12, fromUser = false
D/ProgressBar(25689): mProgress = 24mIndeterminate = false, mMin = 0, mMax = 100
D/STATUSBAR-NetworkController( 3154): refreshSignalCluster: data=-1 bt=false
D/IconMerger( 3154): overflowShown = false
D/IconMerger( 3154): moreRequired = false
E/Watchdog( 2928): !@Sync 687
D/STATUSBAR-NetworkController( 3154): refreshSignalCluster: data=-1 bt=false
D/IconMerger( 3154): overflowShown = false
D/IconMerger( 3154): moreRequired = false
D/ProgressBar(25689): setProgress = 24
D/ProgressBar(25689): setProgress = 24, fromUser = false
D/ProgressBar(25689): mProgress = 12mIndeterminate = false, mMin = 0, mMax = 100
I/Monitor ( 2928): SIOP:: Current AP = 350, CP = 0
D/BatteryService( 2928): update start
D/BatteryService( 2928): level:100, scale:100, status:2, health:2, present:true, voltage: 4320, temperature: 294, technology: Li-ion, AC powered:false, USB powered:true, Wireless powered:false, icon:17303320, invalid charger:0, online:4, charge type:1, current avg:460
D/BatteryService( 2928): Sending ACTION_BATTERY_CHANGED.
D/STATUSBAR-BatteryController( 3154): onReceive() - ACTION_BATTERY_CHANGED
D/STATUSBAR-BatteryController( 3154): onReceive() - BATTERY_STATUS_CHARGING:
D/STATUSBAR-PhoneStatusBar( 3154): NORMAL_BATTERY
D/IconMerger( 3154): overflowShown = false
D/IconMerger( 3154): moreRequired = false
D/STATUSBAR-NetworkController( 3154): refreshSignalCluster: data=-1 bt=false
D/IconMerger( 3154): overflowShown = false
D/IconMerger( 3154): moreRequired = false
D/ProgressBar(25689): setProgress = 0
D/ProgressBar(25689): setProgress = 0, fromUser = false
D/ProgressBar(25689): mProgress = 24mIndeterminate = false, mMin = 0, mMax = 100
D/ProgressBar(25689): setProgress = 12
D/ProgressBar(25689): setProgress = 12, fromUser = false
D/ProgressBar(25689): mProgress = 0mIndeterminate = false, mMin = 0, mMax = 100
D/STATUSBAR-NetworkController( 3154): refreshSignalCluster: data=-1 bt=false
D/IconMerger( 3154): overflowShown = false
D/IconMerger( 3154): moreRequired = false
D/STATUSBAR-NetworkController( 3154): refreshSignalCluster: data=-1 bt=false
D/IconMerger( 3154): overflowShown = false
D/IconMerger( 3154): moreRequired = false
D/ProgressBar(25689): setProgress = 0
D/ProgressBar(25689): setProgress = 0, fromUser = false
D/ProgressBar(25689): mProgress = 12mIndeterminate = false, mMin = 0, mMax = 100
I/Monitor ( 2928): SIOP:: Current AP = 350, CP = 0
D/ProgressBar(25689): setProgress = 0
D/ProgressBar(25689): setProgress = 0, fromUser = false
D/ProgressBar(25689): mProgress = 0mIndeterminate = false, mMin = 0, mMax = 100
D/BatteryService( 2928): update start
D/BatteryService( 2928): level:100, scale:100, status:2, health:2, present:true, voltage: 4305, temperature: 294, technology: Li-ion, AC powered:false, USB powered:true, Wireless powered:false, icon:17303320, invalid charger:0, online:4, charge type:1, current avg:460
D/BatteryService( 2928): Sending ACTION_BATTERY_CHANGED.
D/STATUSBAR-BatteryController( 3154): onReceive() - ACTION_BATTERY_CHANGED
D/STATUSBAR-BatteryController( 3154): onReceive() - BATTERY_STATUS_CHARGING:
D/STATUSBAR-PhoneStatusBar( 3154): NORMAL_BATTERY
D/IconMerger( 3154): overflowShown = false
D/IconMerger( 3154): moreRequired = false
D/ProgressBar(25689): setProgress = 0
D/ProgressBar(25689): setProgress = 0, fromUser = false
D/ProgressBar(25689): mProgress = 0mIndeterminate = false, mMin = 0, mMax = 100
V/AlarmManager( 2928): waitForAlarm result :8
V/AlarmManager( 2928): ClockReceiver onReceive() ACTION_TIME_TICK
D/IconMerger( 3154): overflowShown = false
D/IconMerger( 3154): moreRequired = false
D/KeyguardClockWidgetService( 5486): onReceive action=android.intent.action.TIME_TICK
D/STATUSBAR-NetworkController( 3154): refreshSignalCluster: data=-1 bt=false
D/IconMerger( 3154): overflowShown = false
D/IconMerger( 3154): moreRequired = false
D/ProgressBar(25689): setProgress = 0
D/ProgressBar(25689): setProgress = 0, fromUser = false
D/ProgressBar(25689): mProgress = 0mIndeterminate = false, mMin = 0, mMax = 100
D/STATUSBAR-NetworkController( 3154): refreshSignalCluster: data=-1 bt=false
D/IconMerger( 3154): overflowShown = false
D/IconMerger( 3154): moreRequired = false
D/STATUSBAR-NetworkController( 3154): refreshSignalCluster: data=-1 bt=false
D/IconMerger( 3154): overflowShown = false
D/IconMerger( 3154): moreRequired = false
D/ProgressBar(25689): setProgress = 36
D/ProgressBar(25689): setProgress = 36, fromUser = false
D/ProgressBar(25689): mProgress = 0mIndeterminate = false, mMin = 0, mMax = 100
I/Monitor ( 2928): SIOP:: Current AP = 340, CP = 0
I/AmoledAdjustTimer( 2928): prevTemp = 294, currTemp = 294, prevStep = 4, currStep = 4
D/STATUSBAR-NetworkController( 3154): refreshSignalCluster: data=-1 bt=false
D/IconMerger( 3154): overflowShown = false
D/IconMerger( 3154): moreRequired = false
D/BatteryService( 2928): update start
D/BatteryService( 2928): level:100, scale:100, status:2, health:2, present:true, voltage: 4313, temperature: 294, technology: Li-ion, AC powered:false, USB powered:true, Wireless powered:false, icon:17303320, invalid charger:0, online:4, charge type:1, current avg:460
D/BatteryService( 2928): Sending ACTION_BATTERY_CHANGED.
D/STATUSBAR-BatteryController( 3154): onReceive() - ACTION_BATTERY_CHANGED
D/STATUSBAR-BatteryController( 3154): onReceive() - BATTERY_STATUS_CHARGING:
D/STATUSBAR-PhoneStatusBar( 3154): NORMAL_BATTERY
D/IconMerger( 3154): overflowShown = false
D/IconMerger( 3154): moreRequired = false
D/STATUSBAR-NetworkController( 3154): refreshSignalCluster: data=-1 bt=false
D/IconMerger( 3154): overflowShown = false
D/IconMerger( 3154): moreRequired = false
D/ProgressBar(25689): setProgress = 36
D/ProgressBar(25689): setProgress = 36, fromUser = false
D/ProgressBar(25689): mProgress = 36mIndeterminate = false, mMin = 0, mMax = 100
D/STATUSBAR-NetworkController( 3154): refreshSignalCluster: data=-1 bt=false
D/IconMerger( 3154): overflowShown = false
D/IconMerger( 3154): moreRequired = false
D/STATUSBAR-NetworkController( 3154): refreshSignalCluster: data=-1 bt=false
D/IconMerger( 3154): overflowShown = false
D/IconMerger( 3154): moreRequired = false
D/STATUSBAR-NetworkController( 3154): refreshSignalCluster: data=-1 bt=false
D/IconMerger( 3154): overflowShown = false
D/IconMerger( 3154): moreRequired = false
D/ProgressBar(25689): setProgress = 36
D/ProgressBar(25689): setProgress = 36, fromUser = false
D/ProgressBar(25689): mProgress = 36mIndeterminate = false, mMin = 0, mMax = 100
D/dalvikvm(25689): GC_CONCURRENT freed 1268K, 6% free 35746K/37960K, paused 5ms+16ms, total 50ms
D/ProgressBar(25689): setProgress = 12
D/ProgressBar(25689): setProgress = 12, fromUser = false
D/ProgressBar(25689): mProgress = 36mIndeterminate = false, mMin = 0, mMax = 100
E/Watchdog( 2928): !@Sync 688
I/Monitor ( 2928): SIOP:: Current AP = 380, CP = 0
I/AmoledAdjustTimer( 2928): prevTemp = 294, currTemp = 294, prevStep = 4, currStep = 4
D/ProgressBar(25689): setProgress = 0
D/ProgressBar(25689): setProgress = 0, fromUser = false
D/ProgressBar(25689): mProgress = 12mIndeterminate = false, mMin = 0, mMax = 100
D/BatteryService( 2928): update start
D/BatteryService( 2928): level:100, scale:100, status:2, health:2, present:true, voltage: 4312, temperature: 294, technology: Li-ion, AC powered:false, USB powered:true, Wireless powered:false, icon:17303320, invalid charger:0, online:4, charge type:1, current avg:460
D/BatteryService( 2928): Sending ACTION_BATTERY_CHANGED.
D/STATUSBAR-BatteryController( 3154): onReceive() - ACTION_BATTERY_CHANGED
D/STATUSBAR-BatteryController( 3154): onReceive() - BATTERY_STATUS_CHARGING:
D/STATUSBAR-PhoneStatusBar( 3154): NORMAL_BATTERY
D/IconMerger( 3154): overflowShown = false
D/IconMerger( 3154): moreRequired = false
D/ProgressBar(25689): setProgress = 24
D/ProgressBar(25689): setProgress = 24, fromUser = false
D/ProgressBar(25689): mProgress = 0mIndeterminate = false, mMin = 0, mMax = 100
W/SignalStrength( 3314): Size of signalstrength parcel:56
W/SignalStrength( 3314): SignalStrength before validate=SignalStrength: 1042 99 18 200 18 200 -1 -1 -1 -1 2147483647 -1 0 cdma 0x0
W/SignalStrength( 3314): SignalStrength after validate=SignalStrength: 1042 99 -18 -200 -18 -200 -1 99 2147483647 2147483647 2147483647 -1 2147483647 cdma 0x0
W/SignalStrength( 3314): initialize: SignalStrength: 18 -1 -1 -1 -1 -1 -1 99 2147483647 2147483647 2147483647 -1 2147483647 gsm|lte 0x4
W/SignalStrength( 2928): Size of signalstrength parcel:172
W/SignalStrength( 2928): getGsmLevel=4
W/SignalStrength( 2928): getLevel=4 (SignalStrength: 18 -1 -1 -1 -1 -1 -1 99 2147483647 2147483647 2147483647 -1 2147483647 gsm|lte 0x4)
W/SignalStrength(25029): Size of signalstrength parcel:176
W/SignalStrength( 3419): Size of signalstrength parcel:176
W/SignalStrength( 3419): Size of signalstrength parcel:176
W/SignalStrength( 3154): Size of signalstrength parcel:176
W/SignalStrength( 3154): getGsmLevel=4
W/SignalStrength( 3154): getLevel=4 (SignalStrength: 18 -1 -1 -1 -1 -1 -1 99 2147483647 2147483647 2147483647 -1 2147483647 gsm|lte 0x4)
W/SignalStrength( 3154): getGsmLevel=4
W/SignalStrength( 3154): getLevel=4 (SignalStrength: 18 -1 -1 -1 -1 -1 -1 99 2147483647 2147483647 2147483647 -1 2147483647 gsm|lte 0x4)
D/STATUSBAR-NetworkController( 3154): onSignalStrengthsChanged signalStrength=SignalStrength: 18 -1 -1 -1 -1 -1 -1 99 2147483647 2147483647 2147483647 -1 2147483647 gsm|lte 0x4 level=4
D/ProgressBar(25689): setProgress = 36
D/ProgressBar(25689): setProgress = 36, fromUser = false
D/ProgressBar(25689): mProgress = 24mIndeterminate = false, mMin = 0, mMax = 100
D/ProgressBar(25689): setProgress = 12
D/ProgressBar(25689): setProgress = 12, fromUser = false
D/ProgressBar(25689): mProgress = 36mIndeterminate = false, mMin = 0, mMax = 100
I/Monitor ( 2928): SIOP:: Current AP = 360, CP = 0
I/AmoledAdjustTimer( 2928): prevTemp = 294, currTemp = 294, prevStep = 4, currStep = 4
D/BatteryService( 2928): update start
D/BatteryService( 2928): level:100, scale:100, status:2, health:2, present:true, voltage: 4302, temperature: 293, technology: Li-ion, AC powered:false, USB powered:true, Wireless powered:false, icon:17303320, invalid charger:0, online:4, charge type:1, current avg:460
D/BatteryService( 2928): Sending ACTION_BATTERY_CHANGED.
D/STATUSBAR-BatteryController( 3154): onReceive() - ACTION_BATTERY_CHANGED
D/STATUSBAR-BatteryController( 3154): onReceive() - BATTERY_STATUS_CHARGING:
D/IconMerger( 3154): overflowShown = false
D/IconMerger( 3154): moreRequired = false
D/STATUSBAR-PhoneStatusBar( 3154): NORMAL_BATTERY
D/ProgressBar(25689): setProgress = 24
D/ProgressBar(25689): setProgress = 24, fromUser = false
D/ProgressBar(25689): mProgress = 12mIndeterminate = false, mMin = 0, mMax = 100
D/STATUSBAR-NetworkController( 3154): refreshSignalCluster: data=-1 bt=false
D/IconMerger( 3154): overflowShown = false
D/IconMerger( 3154): moreRequired = false
D/STATUSBAR-NetworkController( 3154): refreshSignalCluster: data=-1 bt=false
D/IconMerger( 3154): overflowShown = false
D/IconMerger( 3154): moreRequired = false
D/STATUSBAR-NetworkController( 3154): refreshSignalCluster: data=-1 bt=false
D/IconMerger( 3154): overflowShown = false
D/IconMerger( 3154): moreRequired = false
D/ProgressBar(25689): setProgress = 24
D/ProgressBar(25689): setProgress = 24, fromUser = false
D/ProgressBar(25689): mProgress = 24mIndeterminate = false, mMin = 0, mMax = 100
D/STATUSBAR-NetworkController( 3154): refreshSignalCluster: data=-1 bt=false
D/IconMerger( 3154): overflowShown = false
D/IconMerger( 3154): moreRequired = false
D/STATUSBAR-NetworkController( 3154): refreshSignalCluster: data=-1 bt=false
D/IconMerger( 3154): overflowShown = false
D/IconMerger( 3154): moreRequired = false
D/STATUSBAR-NetworkController( 3154): refreshSignalCluster: data=-1 bt=false
D/IconMerger( 3154): overflowShown = false
D/IconMerger( 3154): moreRequired = false
D/ProgressBar(25689): setProgress = 36
D/ProgressBar(25689): setProgress = 36, fromUser = false
D/ProgressBar(25689): mProgress = 24mIndeterminate = false, mMin = 0, mMax = 100
D/STATUSBAR-NetworkController( 3154): refreshSignalCluster: data=-1 bt=false
D/IconMerger( 3154): overflowShown = false
D/IconMerger( 3154): moreRequired = false
D/STATUSBAR-NetworkController( 3154): refreshSignalCluster: data=-1 bt=false
D/IconMerger( 3154): overflowShown = false
D/IconMerger( 3154): moreRequired = false
D/ProgressBar(25689): setProgress = 0
D/ProgressBar(25689): setProgress = 0, fromUser = false
D/ProgressBar(25689): mProgress = 36mIndeterminate = false, mMin = 0, mMax = 100
I/Monitor ( 2928): SIOP:: Current AP = 350, CP = 0
I/AmoledAdjustTimer( 2928): prevTemp = 294, currTemp = 293, prevStep = 4, currStep = 4
D/STATUSBAR-NetworkController( 3154): refreshSignalCluster: data=-1 bt=false
D/IconMerger( 3154): overflowShown = false
D/IconMerger( 3154): moreRequired = false
D/BatteryService( 2928): update start
D/BatteryService( 2928): level:100, scale:100, status:2, health:2, present:true, voltage: 4320, temperature: 294, technology: Li-ion, AC powered:false, USB powered:true, Wireless powered:false, icon:17303320, invalid charger:0, online:4, charge type:1, current avg:460
D/BatteryService( 2928): Sending ACTION_BATTERY_CHANGED.
D/STATUSBAR-BatteryController( 3154): onReceive() - ACTION_BATTERY_CHANGED
D/STATUSBAR-BatteryController( 3154): onReceive() - BATTERY_STATUS_CHARGING:
D/STATUSBAR-PhoneStatusBar( 3154): NORMAL_BATTERY
D/IconMerger( 3154): overflowShown = false
D/IconMerger( 3154): moreRequired = false
D/ProgressBar(25689): setProgress = 24
D/ProgressBar(25689): setProgress = 24, fromUser = false
D/ProgressBar(25689): mProgress = 0mIndeterminate = false, mMin = 0, mMax = 100
D/STATUSBAR-NetworkController( 3154): refreshSignalCluster: data=-1 bt=false
D/IconMerger( 3154): overflowShown = false
D/IconMerger( 3154): moreRequired = false
D/STATUSBAR-NetworkController( 3154): refreshSignalCluster: data=-1 bt=false
D/IconMerger( 3154): overflowShown = false
D/IconMerger( 3154): moreRequired = false
D/ProgressBar(25689): setProgress = 12
D/ProgressBar(25689): setProgress = 12, fromUser = false
D/ProgressBar(25689): mProgress = 24mIndeterminate = false, mMin = 0, mMax = 100
D/STATUSBAR-NetworkController( 3154): refreshSignalCluster: data=-1 bt=false
D/IconMerger( 3154): overflowShown = false
D/IconMerger( 3154): moreRequired = false
D/InputReader( 2928): Input event: value=1
I/InputReader( 2928): Touch event's action is 0x0 (deviceType=0) [pCnt=1, s=0.573 ] when=20686586620000
I/InputDispatcher( 2928): Delivering touch to current input target: action: 0x0
I/InputDispatcher( 2928): Delivering touch to current input target: action: 0x0
I/InputDispatcher( 2928): Delivering touch to current input target: action: 0x0
I/InputDispatcher( 2928): Delivering touch to current input target: action: 0x0
D/InputReader( 2928): Input event: value=0
I/InputReader( 2928): Touch event's action is 0x1 (deviceType=0) [pCnt=1, s=] when=20686623962000
I/InputDispatcher( 2928): Delivering touch to current input target: action: 0x1
I/InputDispatcher( 2928): Delivering touch to current input target: action: 0x1
I/InputDispatcher( 2928): Delivering touch to current input target: action: 0x1
I/InputDispatcher( 2928): Delivering touch to current input target: action: 0x1
D/GestureDetector(25689): [Surface Touch Event] mSweepDown False, mLRSDCnt : -1 mTouchCnt : 3 mFalseSizeCnt:0
D/STATUSBAR-NetworkController( 3154): refreshSignalCluster: data=-1 bt=false
D/IconMerger( 3154): overflowShown = false
D/IconMerger( 3154): moreRequired = false
D/ProgressBar(25689): setProgress = 24
D/ProgressBar(25689): setProgress = 24, fromUser = false
D/ProgressBar(25689): mProgress = 12mIndeterminate = false, mMin = 0, mMax = 100
E/Watchdog( 2928): !@Sync 689
D/STATUSBAR-NetworkController( 3154): refreshSignalCluster: data=-1 bt=false
D/IconMerger( 3154): overflowShown = false
D/IconMerger( 3154): moreRequired = false
I/Monitor ( 2928): SIOP:: Current AP = 370, CP = 0
I/AmoledAdjustTimer( 2928): prevTemp = 293, currTemp = 294, prevStep = 4, currStep = 4
